10:56:23: Creating resource group General
10:56:23: Creating resource group Internal
10:56:23: Creating resource group Autodetect
10:56:23: SceneManagerFactory for type 'DefaultSceneManager' registered.
10:56:23: Registering ResourceManager for type Material
10:56:23: Registering ResourceManager for type Mesh
10:56:23: Registering ResourceManager for type Mesh2
10:56:23: Registering ResourceManager for type OldSkeleton
10:56:23: MovableObjectFactory for type 'ParticleSystem' registered.
10:56:23: ArchiveFactory for archive type FileSystem registered.
10:56:23: ArchiveFactory for archive type Zip registered.
10:56:23: ArchiveFactory for archive type EmbeddedZip registered.
10:56:23: DDS codec registering
10:56:23: FreeImage version: 3.18.0
10:56:23: This program uses FreeImage, a free, open source image library supporting all common bitmap formats. See http://freeimage.sourceforge.net for details
10:56:23: Supported formats: bmp,ico,jpg,jif,jpeg,jpe,jng,koa,iff,lbm,mng,pbm,pbm,pcd,pcx,pgm,pgm,png,ppm,ppm,ras,tga,targa,tif,tiff,wap,wbmp,wbm,psd,psb,cut,xbm,xpm,gif,hdr,g3,sgi,rgb,rgba,bw,exr,j2k,j2c,jp2,pfm,pct,pict,pic,3fr,arw,bay,bmq,cap,cine,cr2,crw,cs1,dc2,dcr,drf,dsc,dng,erf,fff,ia,iiq,k25,kc2,kdc,mdc,mef,mos,mrw,nef,nrw,orf,pef,ptx,pxn,qtk,raf,raw,rdc,rw2,rwl,rwz,sr2,srf,srw,sti,x3f,webp,jxr,wdp,hdp
10:56:23: OITD codec registering
10:56:23: Registering ResourceManager for type HighLevelGpuProgram
10:56:23: MovableObjectFactory for type 'Decal' registered.
10:56:23: MovableObjectFactory for type 'InternalCubemapProbe' registered.
10:56:23: MovableObjectFactory for type 'Entity' registered.
10:56:23: MovableObjectFactory for type 'Item' registered.
10:56:23: MovableObjectFactory for type 'Light' registered.
10:56:23: MovableObjectFactory for type 'Rectangle2Dv2' registered.
10:56:23: MovableObjectFactory for type 'BillboardSet' registered.
10:56:23: MovableObjectFactory for type 'ManualObject2' registered.
10:56:23: MovableObjectFactory for type 'BillboardChain' registered.
10:56:23: MovableObjectFactory for type 'RibbonTrail' registered.
10:56:23: MovableObjectFactory for type 'WireAabb' registered.
10:56:23: *-*-* OGRE Initialising
10:56:23: *-*-* Version 2.2.5 (Cerberus)
10:56:23: OverlayElementFactory for type Panel registered.
10:56:23: OverlayElementFactory for type BorderPanel registered.
10:56:23: OverlayElementFactory for type TextArea registered.
10:56:23: Registering ResourceManager for type Font
10:56:23: Loading library /usr/lib/x86_64-linux-gnu/OGRE-Next/RenderSystem_GL3Plus.so
10:56:23: Installing plugin: GL 3+ RenderSystem
10:56:23: OpenGL 3+ Rendering Subsystem created.
10:56:23: Found Num EGL Devices: 2
10:56:23: EGL Device: EGL_EXT_device_drm EGL_EXT_device_drm_render_node #0 /dev/dri/card0
10:56:23: Trying to init device: EGL_EXT_device_drm EGL_EXT_device_drm_render_node #0 /dev/dri/card0...
10:56:23: Created GL 4.3 context for device EGL_EXT_device_drm EGL_EXT_device_drm_render_node #0 /dev/dri/card0
10:56:23: Destroying device: EGL_EXT_device_drm EGL_EXT_device_drm_render_node #0 /dev/dri/card0...
10:56:23: EGL Device: EGL_MESA_device_software EGL_EXT_device_drm_render_node #1
10:56:23: Trying to init device: EGL_MESA_device_software EGL_EXT_device_drm_render_node #1...
10:56:23: Created GL 4.5 context for device EGL_MESA_device_software EGL_EXT_device_drm_render_node #1
10:56:23: Destroying device: EGL_MESA_device_software EGL_EXT_device_drm_render_node #1...
10:56:23: Plugin successfully installed
10:56:23: Loading library /usr/lib/x86_64-linux-gnu/OGRE-Next/Plugin_ParticleFX.so
10:56:23: Installing plugin: ParticleFX
10:56:23: Particle Emitter Type 'Point' registered
10:56:23: Particle Emitter Type 'Box' registered
10:56:23: Particle Emitter Type 'Ellipsoid' registered
10:56:23: Particle Emitter Type 'Cylinder' registered
10:56:23: Particle Emitter Type 'Ring' registered
10:56:23: Particle Emitter Type 'HollowEllipsoid' registered
10:56:23: Particle Affector Type 'LinearForce' registered
10:56:23: Particle Affector Type 'ColourFader' registered
10:56:23: Particle Affector Type 'ColourFader2' registered
10:56:23: Particle Affector Type 'ColourImage' registered
10:56:23: Particle Affector Type 'ColourInterpolator' registered
10:56:23: Particle Affector Type 'Scaler' registered
10:56:23: Particle Affector Type 'Rotator' registered
10:56:23: Particle Affector Type 'DirectionRandomiser' registered
10:56:23: Particle Affector Type 'DeflectorPlane' registered
10:56:23: Plugin successfully installed
10:56:23: CPU Identifier & Features
10:56:23: -------------------------
10:56:23:  *   CPU ID: GenuineIntel: Intel(R) Core(TM) Ultra 9 185H
10:56:23:  *   Logical cores: 4
10:56:23:  *      SSE: yes
10:56:23:  *     SSE2: yes
10:56:23:  *     SSE3: yes
10:56:23:  *      MMX: yes
10:56:23:  *   MMXEXT: yes
10:56:23:  *    3DNOW: no
10:56:23:  * 3DNOWEXT: no
10:56:23:  *     CMOV: yes
10:56:23:  *      TSC: yes
10:56:23:  *      FPU: yes
10:56:23:  *      PRO: yes
10:56:23:  *       HT: no
10:56:23: -------------------------
10:56:23: ******************************
*** Starting GLX Subsystem ***
******************************
10:56:23: GL3PlusRenderSystem::_createRenderWindow "OgreWindow(0)_0", 1x1 windowed  miscParams: FSAA=0 border=none contentScalingFactor=1.000000 currentGLContext=true externalGLControl=true gamma=Yes parentWindowHandle=20971546 stereoMode=Frame Sequential 
10:56:23: GLXWindow::create used FBConfigID = 254
10:56:23: GL Version = 4.3.0.0
10:56:23: GL_VERSION = 4.3 (Compatibility Profile) Mesa 23.2.1-1ubuntu3.1~22.04.4
10:56:23: GL_VENDOR = VMware, Inc.
10:56:23: GL_RENDERER = SVGA3D; build: RELEASE;  LLVM;
10:56:23: GL_EXTENSIONS = 
10:56:23: GL_AMD_conservative_depth
10:56:23: GL_AMD_draw_buffers_blend
10:56:23: GL_AMD_multi_draw_indirect
10:56:23: GL_AMD_shader_trinary_minmax
10:56:23: GL_AMD_texture_texture4
10:56:23: GL_ANGLE_texture_compression_dxt3
10:56:23: GL_ANGLE_texture_compression_dxt5
10:56:23: GL_APPLE_packed_pixels
10:56:23: GL_ARB_ES2_compatibility
10:56:23: GL_ARB_ES3_1_compatibility
10:56:23: GL_ARB_ES3_2_compatibility
10:56:23: GL_ARB_ES3_compatibility
10:56:23: GL_ARB_arrays_of_arrays
10:56:23: GL_ARB_base_instance
10:56:23: GL_ARB_blend_func_extended
10:56:23: GL_ARB_buffer_storage
10:56:23: GL_ARB_clear_buffer_object
10:56:23: GL_ARB_clear_texture
10:56:23: GL_ARB_clip_control
10:56:23: GL_ARB_color_buffer_float
10:56:23: GL_ARB_compatibility
10:56:23: GL_ARB_compressed_texture_pixel_storage
10:56:23: GL_ARB_compute_shader
10:56:23: GL_ARB_conservative_depth
10:56:23: GL_ARB_copy_buffer
10:56:23: GL_ARB_copy_image
10:56:23: GL_ARB_debug_output
10:56:23: GL_ARB_depth_buffer_float
10:56:23: GL_ARB_depth_clamp
10:56:23: GL_ARB_depth_texture
10:56:23: GL_ARB_direct_state_access
10:56:23: GL_ARB_draw_buffers
10:56:23: GL_ARB_draw_buffers_blend
10:56:23: GL_ARB_draw_elements_base_vertex
10:56:23: GL_ARB_draw_indirect
10:56:23: GL_ARB_draw_instanced
10:56:23: GL_ARB_explicit_attrib_location
10:56:23: GL_ARB_explicit_uniform_location
10:56:23: GL_ARB_fragment_coord_conventions
10:56:23: GL_ARB_fragment_layer_viewport
10:56:23: GL_ARB_fragment_program
10:56:23: GL_ARB_fragment_program_shadow
10:56:23: GL_ARB_fragment_shader
10:56:23: GL_ARB_framebuffer_no_attachments
10:56:23: GL_ARB_framebuffer_object
10:56:23: GL_ARB_framebuffer_sRGB
10:56:23: GL_ARB_get_program_binary
10:56:23: GL_ARB_get_texture_sub_image
10:56:23: GL_ARB_gpu_shader5
10:56:23: GL_ARB_gpu_shader_fp64
10:56:23: GL_ARB_half_float_pixel
10:56:23: GL_ARB_half_float_vertex
10:56:23: GL_ARB_instanced_arrays
10:56:23: GL_ARB_internalformat_query
10:56:23: GL_ARB_internalformat_query2
10:56:23: GL_ARB_invalidate_subdata
10:56:23: GL_ARB_map_buffer_alignment
10:56:23: GL_ARB_map_buffer_range
10:56:23: GL_ARB_multi_bind
10:56:23: GL_ARB_multi_draw_indirect
10:56:23: GL_ARB_multisample
10:56:23: GL_ARB_multitexture
10:56:23: GL_ARB_occlusion_query
10:56:23: GL_ARB_occlusion_query2
10:56:23: GL_ARB_parallel_shader_compile
10:56:23: GL_ARB_pixel_buffer_object
10:56:23: GL_ARB_point_parameters
10:56:23: GL_ARB_point_sprite
10:56:23: GL_ARB_program_interface_query
10:56:23: GL_ARB_provoking_vertex
10:56:23: GL_ARB_robust_buffer_access_behavior
10:56:23: GL_ARB_robustness
10:56:23: GL_ARB_sample_shading
10:56:23: GL_ARB_sampler_objects
10:56:23: GL_ARB_seamless_cube_map
10:56:23: GL_ARB_separate_shader_objects
10:56:23: GL_ARB_shader_atomic_counter_ops
10:56:23: GL_ARB_shader_atomic_counters
10:56:23: GL_ARB_shader_bit_encoding
10:56:23: GL_ARB_shader_image_load_store
10:56:23: GL_ARB_shader_image_size
10:56:23: GL_ARB_shader_objects
10:56:23: GL_ARB_shader_precision
10:56:23: GL_ARB_shader_storage_buffer_object
10:56:23: GL_ARB_shader_subroutine
10:56:23: GL_ARB_shader_texture_lod
10:56:23: GL_ARB_shading_language_100
10:56:23: GL_ARB_shading_language_420pack
10:56:23: GL_ARB_shading_language_include
10:56:23: GL_ARB_shading_language_packing
10:56:23: GL_ARB_shadow
10:56:23: GL_ARB_stencil_texturing
10:56:23: GL_ARB_sync
10:56:23: GL_ARB_tessellation_shader
10:56:23: GL_ARB_texture_border_clamp
10:56:23: GL_ARB_texture_buffer_object
10:56:23: GL_ARB_texture_buffer_object_rgb32
10:56:23: GL_ARB_texture_buffer_range
10:56:23: GL_ARB_texture_compression
10:56:23: GL_ARB_texture_compression_bptc
10:56:23: GL_ARB_texture_compression_rgtc
10:56:23: GL_ARB_texture_cube_map
10:56:23: GL_ARB_texture_cube_map_array
10:56:23: GL_ARB_texture_env_add
10:56:23: GL_ARB_texture_env_combine
10:56:23: GL_ARB_texture_env_crossbar
10:56:23: GL_ARB_texture_env_dot3
10:56:23: GL_ARB_texture_filter_anisotropic
10:56:23: GL_ARB_texture_float
10:56:23: GL_ARB_texture_gather
10:56:23: GL_ARB_texture_mirrored_repeat
10:56:23: GL_ARB_texture_multisample
10:56:23: GL_ARB_texture_non_power_of_two
10:56:23: GL_ARB_texture_query_levels
10:56:23: GL_ARB_texture_query_lod
10:56:23: GL_ARB_texture_rectangle
10:56:23: GL_ARB_texture_rg
10:56:23: GL_ARB_texture_rgb10_a2ui
10:56:23: GL_ARB_texture_stencil8
10:56:23: GL_ARB_texture_storage
10:56:23: GL_ARB_texture_storage_multisample
10:56:23: GL_ARB_texture_swizzle
10:56:23: GL_ARB_texture_view
10:56:23: GL_ARB_timer_query
10:56:23: GL_ARB_transform_feedback2
10:56:23: GL_ARB_transform_feedback3
10:56:23: GL_ARB_transform_feedback_instanced
10:56:23: GL_ARB_transpose_matrix
10:56:23: GL_ARB_uniform_buffer_object
10:56:23: GL_ARB_vertex_array_bgra
10:56:23: GL_ARB_vertex_array_object
10:56:23: GL_ARB_vertex_attrib_64bit
10:56:23: GL_ARB_vertex_attrib_binding
10:56:23: GL_ARB_vertex_buffer_object
10:56:23: GL_ARB_vertex_program
10:56:23: GL_ARB_vertex_shader
10:56:23: GL_ARB_vertex_type_2_10_10_10_rev
10:56:23: GL_ARB_viewport_array
10:56:23: GL_ARB_window_pos
10:56:23: GL_ATI_blend_equation_separate
10:56:23: GL_ATI_draw_buffers
10:56:23: GL_ATI_fragment_shader
10:56:23: GL_ATI_separate_stencil
10:56:23: GL_ATI_texture_env_combine3
10:56:23: GL_ATI_texture_float
10:56:23: GL_EXT_EGL_image_storage
10:56:23: GL_EXT_EGL_sync
10:56:23: GL_EXT_abgr
10:56:23: GL_EXT_bgra
10:56:23: GL_EXT_blend_color
10:56:23: GL_EXT_blend_equation_separate
10:56:23: GL_EXT_blend_func_separate
10:56:23: GL_EXT_blend_minmax
10:56:23: GL_EXT_blend_subtract
10:56:23: GL_EXT_compiled_vertex_array
10:56:23: GL_EXT_copy_texture
10:56:23: GL_EXT_debug_label
10:56:23: GL_EXT_direct_state_access
10:56:23: GL_EXT_draw_buffers2
10:56:23: GL_EXT_draw_instanced
10:56:23: GL_EXT_draw_range_elements
10:56:23: GL_EXT_fog_coord
10:56:23: GL_EXT_framebuffer_blit
10:56:23: GL_EXT_framebuffer_multisample
10:56:23: GL_EXT_framebuffer_multisample_blit_scaled
10:56:23: GL_EXT_framebuffer_object
10:56:23: GL_EXT_framebuffer_sRGB
10:56:23: GL_EXT_gpu_program_parameters
10:56:23: GL_EXT_gpu_shader4
10:56:23: GL_EXT_multi_draw_arrays
10:56:23: GL_EXT_packed_depth_stencil
10:56:23: GL_EXT_packed_float
10:56:23: GL_EXT_packed_pixels
10:56:23: GL_EXT_pixel_buffer_object
10:56:23: GL_EXT_point_parameters
10:56:23: GL_EXT_provoking_vertex
10:56:23: GL_EXT_rescale_normal
10:56:23: GL_EXT_secondary_color
10:56:23: GL_EXT_separate_specular_color
10:56:23: GL_EXT_shader_integer_mix
10:56:23: GL_EXT_shadow_funcs
10:56:23: GL_EXT_stencil_two_side
10:56:23: GL_EXT_stencil_wrap
10:56:23: GL_EXT_subtexture
10:56:23: GL_EXT_texture
10:56:23: GL_EXT_texture3D
10:56:23: GL_EXT_texture_array
10:56:23: GL_EXT_texture_buffer_object
10:56:23: GL_EXT_texture_compression_dxt1
10:56:23: GL_EXT_texture_compression_rgtc
10:56:23: GL_EXT_texture_compression_s3tc
10:56:23: GL_EXT_texture_cube_map
10:56:23: GL_EXT_texture_edge_clamp
10:56:23: GL_EXT_texture_env_add
10:56:23: GL_EXT_texture_env_combine
10:56:23: GL_EXT_texture_env_dot3
10:56:23: GL_EXT_texture_filter_anisotropic
10:56:23: GL_EXT_texture_integer
10:56:23: GL_EXT_texture_lod_bias
10:56:23: GL_EXT_texture_object
10:56:23: GL_EXT_texture_rectangle
10:56:23: GL_EXT_texture_sRGB
10:56:23: GL_EXT_texture_sRGB_decode
10:56:23: GL_EXT_texture_shared_exponent
10:56:23: GL_EXT_texture_snorm
10:56:23: GL_EXT_texture_swizzle
10:56:23: GL_EXT_timer_query
10:56:23: GL_EXT_transform_feedback
10:56:23: GL_EXT_vertex_array
10:56:23: GL_EXT_vertex_array_bgra
10:56:23: GL_EXT_vertex_attrib_64bit
10:56:23: GL_IBM_multimode_draw_arrays
10:56:23: GL_IBM_rasterpos_clip
10:56:23: GL_IBM_texture_mirrored_repeat
10:56:23: GL_INGR_blend_func_separate
10:56:23: GL_KHR_context_flush_control
10:56:23: GL_KHR_debug
10:56:23: GL_KHR_no_error
10:56:23: GL_KHR_parallel_shader_compile
10:56:23: GL_KHR_robust_buffer_access_behavior
10:56:23: GL_KHR_robustness
10:56:23: GL_KHR_texture_compression_astc_ldr
10:56:23: GL_KHR_texture_compression_astc_sliced_3d
10:56:23: GL_MESA_framebuffer_flip_y
10:56:23: GL_MESA_pack_invert
10:56:23: GL_MESA_shader_integer_functions
10:56:23: GL_MESA_texture_signed_rgba
10:56:23: GL_MESA_window_pos
10:56:23: GL_NV_ES1_1_compatibility
10:56:23: GL_NV_blend_square
10:56:23: GL_NV_conditional_render
10:56:23: GL_NV_copy_depth_to_color
10:56:23: GL_NV_copy_image
10:56:23: GL_NV_depth_clamp
10:56:23: GL_NV_fog_distance
10:56:23: GL_NV_half_float
10:56:23: GL_NV_light_max_exponent
10:56:23: GL_NV_packed_depth_stencil
10:56:23: GL_NV_primitive_restart
10:56:23: GL_NV_texgen_reflection
10:56:23: GL_NV_texture_env_combine4
10:56:23: GL_NV_texture_rectangle
10:56:23: GL_OES_EGL_image
10:56:23: GL_OES_read_format
10:56:23: GL_S3_s3tc
10:56:23: GL_SGIS_generate_mipmap
10:56:23: GL_SGIS_texture_border_clamp
10:56:23: GL_SGIS_texture_edge_clamp
10:56:23: GL_SGIS_texture_lod
10:56:23: GL_SUN_multi_draw_arrays
10:56:23: **************************************
10:56:23: ***   OpenGL 3+ Renderer Started   ***
10:56:23: **************************************
10:56:23: Registering ResourceManager for type GpuProgram
10:56:23: RenderSystem capabilities
10:56:23: -------------------------
10:56:23: RenderSystem Name: OpenGL 3+ Rendering Subsystem
10:56:23: GPU Vendor: unknown
10:56:23: Device Name: SVGA3D; build: RELEASE;  LLVM;
10:56:23: Driver Version: 4.3.0.0
10:56:23:  * Fixed function pipeline: no
10:56:23:  * Hardware generation of mipmaps: yes
10:56:23:  * Texture blending: yes
10:56:23:  * Anisotropic texture filtering: yes
10:56:23:  * Dot product texture operation: yes
10:56:23:  * Cube mapping: yes
10:56:23:  * Hardware stencil buffer: yes
10:56:23:    - Stencil depth: 8
10:56:23:    - Two sided stencil support: yes
10:56:23:    - Wrap stencil values: yes
10:56:23:  * Hardware vertex / index buffers: yes
10:56:23:  * 32-bit index buffers: yes
10:56:23:  * Vertex programs: yes
10:56:23:  * Number of floating-point constants for vertex programs: 16384
10:56:23:  * Number of integer constants for vertex programs: 16384
10:56:23:  * Number of boolean constants for vertex programs: 16384
10:56:23:  * Fragment programs: yes
10:56:23:  * Number of floating-point constants for fragment programs: 16384
10:56:23:  * Number of integer constants for fragment programs: 16384
10:56:23:  * Number of boolean constants for fragment programs: 16384
10:56:23:  * Geometry programs: yes
10:56:23:  * Number of floating-point constants for geometry programs: 16384
10:56:23:  * Number of integer constants for geometry programs: 16384
10:56:23:  * Number of boolean constants for geometry programs: 16384
10:56:23:  * Tessellation Hull programs: yes
10:56:23:  * Number of floating-point constants for tessellation hull programs: 16384
10:56:23:  * Number of integer constants for tessellation hull programs: 16384
10:56:23:  * Number of boolean constants for tessellation hull programs: 16384
10:56:23:  * Tessellation Domain programs: yes
10:56:23:  * Number of floating-point constants for tessellation domain programs: 16384
10:56:23:  * Number of integer constants for tessellation domain programs: 16384
10:56:23:  * Number of boolean constants for tessellation domain programs: 16384
10:56:23:  * Compute programs: yes
10:56:23:  * Number of floating-point constants for compute programs: 16384
10:56:23:  * Number of integer constants for compute programs: 16384
10:56:23:  * Number of boolean constants for compute programs: 16384
10:56:23:  * Supported Shader Profiles: glsl glsl130 glsl140 glsl150 glsl330 glsl400 glsl410 glsl420 glsl430
10:56:23:  * Texture Compression: yes
10:56:23:    - DXT: yes
10:56:23:    - VTC: no
10:56:23:    - PVRTC: no
10:56:23:    - ATC: no
10:56:23:    - ETC1: no
10:56:23:    - ETC2: yes
10:56:23:    - BC4/BC5: yes
10:56:23:    - BC6H/BC7: yes
10:56:23:    - ASTC: yes
10:56:23:  * Hardware Occlusion Query: yes
10:56:23:  * User clip planes: yes
10:56:23:  * VET_UBYTE4 vertex element type: yes
10:56:23:  * Infinite far plane projection: yes
10:56:23:  * Hardware render-to-texture: yes
10:56:23:  * Floating point textures: yes
10:56:23:  * Non-power-of-two textures: yes
10:56:23:  * 1d textures: yes
10:56:23:  * Volume textures: yes
10:56:23:  * Max Texture resolution (2D) 16384
10:56:23:  * Max Texture resolution (3D) 2048
10:56:23:  * Max Texture resolution (Cubemaps) 16384
10:56:23:  * Multiple Render Targets: 8
10:56:23:    - With different bit depths: yes
10:56:23:  * Point Sprites: yes
10:56:23:  * Extended point parameters: yes
10:56:23:  * Max Point Size: 80
10:56:23:  * Vertex texture fetch: yes
10:56:23:  * Number of world matrices: 0
10:56:23:  * Number of texture units: 16
10:56:23:  * Stencil buffer depth: 8
10:56:23:  * Number of vertex blend matrices: 0
10:56:23:    - Max vertex textures: 32
10:56:23:    - Vertex textures shared: yes
10:56:23:  * Render to Vertex Buffer : yes
10:56:23:  * Hardware Atomic Counters: yes
10:56:23:  * Compute max threads per threadgroup per axis: 1024, 1024, 64
10:56:23:  * Compute max threads per threadgroup total: 1024
10:56:23:  * GL 1.5 without VBO workaround: no
10:56:23:  * Frame Buffer objects: yes
10:56:23:  * Frame Buffer objects (ARB extension): no
10:56:23:  * Frame Buffer objects (ATI extension): no
10:56:23:  * PBuffer support: no
10:56:23:  * GL 1.5 without HW-occlusion workaround: no
10:56:23:  * Vertex Array Objects: yes
10:56:23:  * Separate shader objects: no
10:56:23:  * Using Reverse Z: yes
10:56:23: DefaultWorkQueue('Root') initialising on thread main.
10:56:23: Particle Renderer Type 'billboard' registered
10:56:23: Added resource location '/usr/share/ignition/ignition-rendering6/ogre2/media/2.0/scripts/Compositors' of type 'FileSystem' to resource group 'General'
10:56:23: Added resource location '/usr/share/ignition/ignition-rendering6/ogre2/media/2.0/scripts/materials/Common' of type 'FileSystem' to resource group 'General'
10:56:23: Added resource location '/usr/share/ignition/ignition-rendering6/ogre2/media/2.0/scripts/materials/Common/GLSL' of type 'FileSystem' to resource group 'General'
10:56:23: Added resource location '/usr/share/ignition/ignition-rendering6/ogre2/media/2.0/scripts/materials/Common/GLSLES' of type 'FileSystem' to resource group 'General'
10:56:23: Added resource location '/usr/share/ignition/ignition-rendering6/ogre2/media/2.0/scripts/materials/Terra' of type 'FileSystem' to resource group 'General'
10:56:23: Added resource location '/usr/share/ignition/ignition-rendering6/ogre2/media/2.0/scripts/materials/Terra/GLSL' of type 'FileSystem' to resource group 'General'
10:56:23: Added resource location '/usr/share/ignition/ignition-rendering6/ogre2/media' of type 'FileSystem' to resource group 'General'
10:56:23: Added resource location '/usr/share/ignition/ignition-rendering6/ogre2/media/materials/programs' of type 'FileSystem' to resource group 'General'
10:56:23: Added resource location '/usr/share/ignition/ignition-rendering6/ogre2/media/materials/programs/GLSL' of type 'FileSystem' to resource group 'General'
10:56:23: Added resource location '/usr/share/ignition/ignition-rendering6/ogre2/media/materials/programs/Metal' of type 'FileSystem' to resource group 'General'
10:56:23: Added resource location '/usr/share/ignition/ignition-rendering6/ogre2/media/materials/scripts' of type 'FileSystem' to resource group 'General'
10:56:23: Added resource location '/usr/share/ignition/ignition-rendering6/ogre2/media/materials/textures' of type 'FileSystem' to resource group 'General'
10:56:23: Parsing scripts for resource group Autodetect
10:56:23: Finished parsing scripts for resource group Autodetect
10:56:23: Creating resources for group Autodetect
10:56:23: All done
10:56:23: Parsing scripts for resource group General
10:56:23: Parsing script Quad.program
10:56:23: Parsing script DPSM.material
10:56:23: Parsing script DepthUtils.material
10:56:23: Parsing script EsmGaussianBlurLogFilter.material
10:56:23: Parsing script Copyback.material
10:56:23: Parsing script GpuNormalMapper.material
10:56:23: Parsing script depth_camera.material
10:56:23: Parsing script picker.material
10:56:23: Parsing script selection_buffer.material
10:56:23: Parsing script point_cloud_point.material
10:56:23: Parsing script gpu_rays.material
10:56:23: Parsing script gaussian_noise.material
10:56:23: Parsing script skybox.material
10:56:23: Parsing script thermal.material
10:56:23: Parsing script TerraShadowGenerator.compositor
10:56:23: Parsing script GpuNormalMapper.compositor
10:56:23: Parsing script EsmGaussianBlurLogFilter.material.json
10:56:23: Parsing script Mipmaps.material.json
10:56:23: Parsing script TerraShadowGenerator.material.json
10:56:23: Finished parsing scripts for resource group General
10:56:23: Creating resources for group General
10:56:23: All done
10:56:23: Parsing scripts for resource group Internal
10:56:23: Finished parsing scripts for resource group Internal
10:56:23: Creating resources for group Internal
10:56:23: All done
10:56:23: Added resource location '/usr/share/ignition/ignition-rendering6/media/materials/textures/' of type 'FileSystem' to resource group 'General'
10:56:26: Can't assign material scene::Material(65503) because this Material does not exist. Have you forgotten to define it in a .material script?
10:56:26: Can't assign material scene::Material(65497) because this Material does not exist. Have you forgotten to define it in a .material script?
10:56:26: Can't assign material scene::Material(65491) because this Material does not exist. Have you forgotten to define it in a .material script?
10:56:26: Can't assign material scene::Material(65485) because this Material does not exist. Have you forgotten to define it in a .material script?
10:56:26: Can't assign material scene::Material(65478) because this Material does not exist. Have you forgotten to define it in a .material script?
10:56:26: Can't assign material scene::Material(65485) because this Material does not exist. Have you forgotten to define it in a .material script?
10:56:26: Can't assign material scene::Material(65466) because this Material does not exist. Have you forgotten to define it in a .material script?
10:56:26: Vertex Shader: 100000001VertexShader_vs
Fragment Shader: 100000001PixelShader_ps
 GLSL validation result : 
active samplers with a different type refer to the same texture image unit
10:56:32: WARNING: Deleting mapped buffer without having it unmapped. This is often sign of a resource leak or a bad pattern. Umapping the buffer for you...
10:56:32: WARNING: Deleting mapped buffer without having it unmapped. This is often sign of a resource leak or a bad pattern. Umapping the buffer for you...
10:56:32: WARNING: Deleting mapped buffer without having it unmapped. This is often sign of a resource leak or a bad pattern. Umapping the buffer for you...
10:56:32: WARNING: Deleting mapped buffer without having it unmapped. This is often sign of a resource leak or a bad pattern. Umapping the buffer for you...
