{"wall_seconds": 0.10125203300049179, "sim_time": null, "rtf": null, "cpu_percent_one_core": 0.0, "rss_mib": 1010.9140625, "alive": true, "processes": [{"pid": 14536, "name": "ros2"}, {"pid": 14562, "name": "ruby"}, {"pid": 14564, "name": "parameter_bridge"}, {"pid": 14566, "name": "python3"}, {"pid": 14586, "name": "ruby"}, {"pid": 14587, "name": "ruby"}]}
{"wall_seconds": 5.102061175000927, "sim_time": 17.188, "rtf": null, "cpu_percent_one_core": 331.79999999999995, "rss_mib": 1012.44140625, "alive": true, "processes": [{"pid": 14536, "name": "ros2"}, {"pid": 14562, "name": "ruby"}, {"pid": 14564, "name": "parameter_bridge"}, {"pid": 14566, "name": "python3"}, {"pid": 14586, "name": "ruby"}, {"pid": 14587, "name": "ruby"}]}
{"wall_seconds": 10.103576494000663, "sim_time": 20.286, "rtf": 0.6194122785611258, "cpu_percent_one_core": 280.6, "rss_mib": 1012.44921875, "alive": true, "processes": [{"pid": 14536, "name": "ros2"}, {"pid": 14562, "name": "ruby"}, {"pid": 14564, "name": "parameter_bridge"}, {"pid": 14566, "name": "python3"}, {"pid": 14586, "name": "ruby"}, {"pid": 14587, "name": "ruby"}]}
{"wall_seconds": 15.103633353000987, "sim_time": 24.336, "rtf": 0.8099907889466932, "cpu_percent_one_core": 316.8, "rss_mib": 1012.2890625, "alive": true, "processes": [{"pid": 14536, "name": "ros2"}, {"pid": 14562, "name": "ruby"}, {"pid": 14564, "name": "parameter_bridge"}, {"pid": 14566, "name": "python3"}, {"pid": 14586, "name": "ruby"}, {"pid": 14587, "name": "ruby"}]}
{"wall_seconds": 20.106553400999474, "sim_time": 28.128, "rtf": 0.757957345633989, "cpu_percent_one_core": 320.9, "rss_mib": 1012.2890625, "alive": true, "processes": [{"pid": 14536, "name": "ros2"}, {"pid": 14562, "name": "ruby"}, {"pid": 14564, "name": "parameter_bridge"}, {"pid": 14566, "name": "python3"}, {"pid": 14586, "name": "ruby"}, {"pid": 14587, "name": "ruby"}]}
{"wall_seconds": 25.107482003999394, "sim_time": 31.906, "rtf": 0.7554596955720744, "cpu_percent_one_core": 317.5, "rss_mib": 1012.2890625, "alive": true, "processes": [{"pid": 14536, "name": "ros2"}, {"pid": 14562, "name": "ruby"}, {"pid": 14564, "name": "parameter_bridge"}, {"pid": 14566, "name": "python3"}, {"pid": 14586, "name": "ruby"}, {"pid": 14587, "name": "ruby"}]}
{"wall_seconds": 30.10852883699954, "sim_time": 35.446, "rtf": 0.7078517994754191, "cpu_percent_one_core": 313.5, "rss_mib": 1012.2890625, "alive": true, "processes": [{"pid": 14536, "name": "ros2"}, {"pid": 14562, "name": "ruby"}, {"pid": 14564, "name": "parameter_bridge"}, {"pid": 14566, "name": "python3"}, {"pid": 14586, "name": "ruby"}, {"pid": 14587, "name": "ruby"}]}
{"wall_seconds": 35.11168669400104, "sim_time": 39.036, "rtf": 0.7175468179514067, "cpu_percent_one_core": 288.4, "rss_mib": 1012.29296875, "alive": true, "processes": [{"pid": 14536, "name": "ros2"}, {"pid": 14562, "name": "ruby"}, {"pid": 14564, "name": "parameter_bridge"}, {"pid": 14566, "name": "python3"}, {"pid": 14586, "name": "ruby"}, {"pid": 14587, "name": "ruby"}]}
{"wall_seconds": 40.11617787999967, "sim_time": 41.944, "rtf": 0.5810780540758848, "cpu_percent_one_core": 317.0, "rss_mib": 1012.29296875, "alive": true, "processes": [{"pid": 14536, "name": "ros2"}, {"pid": 14562, "name": "ruby"}, {"pid": 14564, "name": "parameter_bridge"}, {"pid": 14566, "name": "python3"}, {"pid": 14586, "name": "ruby"}, {"pid": 14587, "name": "ruby"}]}
{"wall_seconds": 45.11851059199944, "sim_time": 46.022, "rtf": 0.8152196654607854, "cpu_percent_one_core": 325.7, "rss_mib": 1012.29296875, "alive": true, "processes": [{"pid": 14536, "name": "ros2"}, {"pid": 14562, "name": "ruby"}, {"pid": 14564, "name": "parameter_bridge"}, {"pid": 14566, "name": "python3"}, {"pid": 14586, "name": "ruby"}, {"pid": 14587, "name": "ruby"}]}
{"wall_seconds": 50.15803921299994, "sim_time": 49.14, "rtf": 0.6187086599740323, "cpu_percent_one_core": 315.7, "rss_mib": 1012.296875, "alive": true, "processes": [{"pid": 14536, "name": "ros2"}, {"pid": 14562, "name": "ruby"}, {"pid": 14564, "name": "parameter_bridge"}, {"pid": 14566, "name": "python3"}, {"pid": 14586, "name": "ruby"}, {"pid": 14587, "name": "ruby"}]}
{"wall_seconds": 55.16096368900071, "sim_time": 52.662, "rtf": 0.7039882406570743, "cpu_percent_one_core": 319.7, "rss_mib": 1012.296875, "alive": true, "processes": [{"pid": 14536, "name": "ros2"}, {"pid": 14562, "name": "ruby"}, {"pid": 14564, "name": "parameter_bridge"}, {"pid": 14566, "name": "python3"}, {"pid": 14586, "name": "ruby"}, {"pid": 14587, "name": "ruby"}]}
{"wall_seconds": 60.168740532999436, "sim_time": 56.068, "rtf": 0.680142128154476, "cpu_percent_one_core": 308.1, "rss_mib": 1012.296875, "alive": true, "processes": [{"pid": 14536, "name": "ros2"}, {"pid": 14562, "name": "ruby"}, {"pid": 14564, "name": "parameter_bridge"}, {"pid": 14566, "name": "python3"}, {"pid": 14586, "name": "ruby"}, {"pid": 14587, "name": "ruby"}]}
{"wall_seconds": 65.17003740200016, "sim_time": 59.594, "rtf": 0.7050171370260028, "cpu_percent_one_core": 317.3, "rss_mib": 1012.296875, "alive": true, "processes": [{"pid": 14536, "name": "ros2"}, {"pid": 14562, "name": "ruby"}, {"pid": 14564, "name": "parameter_bridge"}, {"pid": 14566, "name": "python3"}, {"pid": 14586, "name": "ruby"}, {"pid": 14587, "name": "ruby"}]}
{"wall_seconds": 70.1749121970006, "sim_time": 62.458, "rtf": 0.5722420874266345, "cpu_percent_one_core": 293.7, "rss_mib": 1012.296875, "alive": true, "processes": [{"pid": 14536, "name": "ros2"}, {"pid": 14562, "name": "ruby"}, {"pid": 14564, "name": "parameter_bridge"}, {"pid": 14566, "name": "python3"}, {"pid": 14586, "name": "ruby"}, {"pid": 14587, "name": "ruby"}]}
Traceback (most recent call last):
  File "/home/liangys/RM_Sentry_2026/ros2_ws/src/sentry_gazebo/scripts/stability.py", line 24, in <module>
    rclpy.spin_once(n,timeout_sec=0.1)
  File "/opt/ros/humble/local/lib/python3.10/dist-packages/rclpy/__init__.py", line 208, in spin_once
    executor.spin_once(timeout_sec=timeout_sec)
  File "/opt/ros/humble/local/lib/python3.10/dist-packages/rclpy/executors.py", line 808, in spin_once
    self._spin_once_impl(timeout_sec)
  File "/opt/ros/humble/local/lib/python3.10/dist-packages/rclpy/executors.py", line 805, in _spin_once_impl
    raise handler.exception()
  File "/opt/ros/humble/local/lib/python3.10/dist-packages/rclpy/task.py", line 272, in _execute_coroutine_step
    result = coro.send(None)
  File "/opt/ros/humble/local/lib/python3.10/dist-packages/rclpy/executors.py", line 478, in handler
    arg = take_from_wait_list(entity)
  File "/opt/ros/humble/local/lib/python3.10/dist-packages/rclpy/executors.py", line 400, in _take_subscription
    msg_info = sub.handle.take_message(sub.msg_type, sub.raw)
RuntimeError: Unable to convert call argument to Python object (compile in debug mode for details)
