[INFO] [launch]: All log files can be found below /home/liangys/.ros/log/2026-09-26-12-24-32-492861-ubuntu64-oc-27064
[INFO] [launch]: Default logging verbosity is set to INFO
[INFO] [ign-1]: process started with pid [27091]
[INFO] [parameter_bridge-2]: process started with pid [27093]
[INFO] [sim_adapter.py-3]: process started with pid [27095]
[INFO] [cloud_adapter.py-4]: process started with pid [27097]
[INFO] [map_display.py-5]: process started with pid [27099]
[INFO] [trajectory_generator_node-6]: process started with pid [27101]
[INFO] [rviz2-7]: process started with pid [27103]
[trajectory_generator_node-6] [Manager Init] map/file_path: 
[trajectory_generator_node-6] [Manager Init] map/occ_file_path: /home/liangys/RM_Sentry_2026/ros2_ws/install_sentry_sim2/trajectory_generation/share/trajectory_generation/map/occfinal.png
[trajectory_generator_node-6] [Manager Init] map/bev_file_path: /home/liangys/RM_Sentry_2026/ros2_ws/install_sentry_sim2/trajectory_generation/share/trajectory_generation/map/bevfinal.png
[trajectory_generator_node-6] [Manager Init] map/distance_map_file_path: /home/liangys/RM_Sentry_2026/ros2_ws/install_sentry_sim2/trajectory_generation/share/trajectory_generation/map/occtopo.png
[trajectory_generator_node-6] m_height_bias: 0.0152941 m_height_interval: 1.5 m_height_threshold: 0.08 height_sencond_high_threshold: 0.2
[rviz2-7] [INFO] [1790439872.792338456] [rviz2]: Stereo is NOT SUPPORTED
[rviz2-7] [INFO] [1790439872.792433956] [rviz2]: OpenGl version: 4.5 (GLSL 4.5)
[rviz2-7] [INFO] [1790439872.903834959] [rviz2]: Stereo is NOT SUPPORTED
[sim_adapter.py-3] [INFO] [1790439872.999591027] [sentry_sim_adapter]: Ideal planar simulator: 0.5 s wall-time watchdog, 50 Hz feedback
[ign-1] [1;33m[GUI] [Wrn] [Application.cc:802] [0m[1;33m[QT] file::/Gazebo/GazeboDrawer.qml:242:3: QML Connections: Implicitly defined onFoo properties in Connections are deprecated. Use this syntax instead: function onFoo(<arguments>) { ... }[0m[1;33m[0m
[trajectory_generator_node-6] map swell done
[trajectory_generator_node-6] second_heights_points: 10
[trajectory_generator_node-6] xmax: 0.781 xmin: -0.719 ymax: -3.154 ymin: -5.354
[trajectory_generator_node-6] [Map Build] bev build done
[trajectory_generator_node-6] R.rows 400 R.cols 400
[trajectory_generator_node-6] start topo sample map
[trajectory_generator_node-6] [GridMap] topo_sample_map size: 185
[trajectory_generator_node-6] [GridMap] topo_keypoint size: 1603
[rviz2-7] [INFO] [1790439873.285992529] [rviz2]: Trying to create a map of size 400 x 400 using 1 swatches
[rviz2-7] [ERROR] [1790439873.293852677] [rviz2]: Vertex Program:rviz/glsl120/indexed_8bit_image.vert Fragment Program:rviz/glsl120/indexed_8bit_image.frag GLSL link result : 
[rviz2-7] active samplers with a different type refer to the same texture image unit
[ign-1] [1;33m[GUI] [Wrn] [Application.cc:802] [0m[1;33m[QT] file::/WorldStats/WorldStats.qml:53:3: QML RowLayout: Binding loop detected for property "x"[0m[1;33m[0m
[parameter_bridge-2] [INFO] [1790439873.640012904] [sentry_gazebo_bridge]: Creating GZ->ROS Bridge: [/clock (ignition.msgs.Clock) -> /clock (rosgraph_msgs/msg/Clock)] (Lazy 0)
[parameter_bridge-2] [INFO] [1790439873.641768415] [sentry_gazebo_bridge]: Creating ROS->GZ Bridge: [/sim/guarded_cmd_vel (geometry_msgs/msg/Twist) -> /model/sentry/cmd_vel (ignition.msgs.Twist)] (Lazy 0)
[parameter_bridge-2] [INFO] [1790439873.644973856] [sentry_gazebo_bridge]: Creating GZ->ROS Bridge: [/model/sentry/odometry (ignition.msgs.Odometry) -> /sim/ground_truth/odometry (nav_msgs/msg/Odometry)] (Lazy 0)
[ign-1] libEGL warning: Not allowed to force software rendering when API explicitly selects a hardware device.
[parameter_bridge-2] [INFO] [1790439873.648167507] [sentry_gazebo_bridge]: Creating GZ->ROS Bridge: [/sentry/lidar/points (ignition.msgs.PointCloudPacked) -> /sim/lidar/native (sensor_msgs/msg/PointCloud2)] (Lazy 0)
[parameter_bridge-2] [INFO] [1790439873.652135332] [sentry_gazebo_bridge]: Passing message from ROS geometry_msgs/msg/Twist to Gazebo gz.msgs.Twist (showing msg only once per type)
[ign-1] [1;33m[GUI] [Wrn] [Ogre2RenderTarget.cc:574] [0m[1;33mAnti-aliasing level of '[0m[1;33m8[0m[1;33m' [0m[1;33mis not supported; valid FSAA levels are: [0m[1;33m[ 0 4 ][0m[1;33m. Setting to 0[0m[1;33m[0m
[ign-1] [1;32m[Msg] [0m[1;32mReceived world [[0m[1;32m/home/liangys/RM_Sentry_2026/ros2_ws/install_sentry_sim2/sentry_gazebo/share/sentry_gazebo/worlds/planning.sdf[0m[1;32m] from the GUI.[0m[1;32m[0m
[ign-1] [1;32m[Msg] [0m[1;32mIgnition Gazebo Server v[0m[1;32m6.18.0[0m[1;32m[0m
[ign-1] [1;32m[Msg] [0m[1;32mLoading SDF world file[[0m[1;32m/home/liangys/RM_Sentry_2026/ros2_ws/install_sentry_sim2/sentry_gazebo/share/sentry_gazebo/worlds/planning.sdf[0m[1;32m].[0m
[ign-1] [1;32m[Msg] [0m[1;32mServing entity system service on [[0m[1;32m/[0m[1;32mentity/system/add[0m[1;32m][0m[1;32m[0m
[ign-1] [1;32m[Msg] [0m[1;32mCreate service on [[0m[1;32m/world/sentry_planning/create[0m[1;32m][0m[1;32m[0m
[ign-1] [1;32m[Msg] [0m[1;32mRemove service on [[0m[1;32m/world/sentry_planning/remove[0m[1;32m][0m[1;32m[0m
[ign-1] [1;32m[Msg] [0m[1;32mPose service on [[0m[1;32m/world/sentry_planning/set_pose[0m[1;32m][0m[1;32m[0m
[ign-1] [1;32m[Msg] [0m[1;32mPose service on [[0m[1;32m/world/sentry_planning/set_pose_vector[0m[1;32m][0m[1;32m[0m
[ign-1] [1;32m[Msg] [0m[1;32mLight configuration service on [[0m[1;32m/world/sentry_planning/light_config[0m[1;32m][0m[1;32m[0m
[ign-1] [1;32m[Msg] [0m[1;32mPhysics service on [[0m[1;32m/world/sentry_planning/set_physics[0m[1;32m][0m[1;32m[0m
[ign-1] [1;32m[Msg] [0m[1;32mSphericalCoordinates service on [[0m[1;32m/world/sentry_planning/set_spherical_coordinates[0m[1;32m][0m[1;32m[0m
[ign-1] [1;32m[Msg] [0m[1;32mEnable collision service on [[0m[1;32m/world/sentry_planning/enable_collision[0m[1;32m][0m[1;32m[0m
[ign-1] [1;32m[Msg] [0m[1;32mDisable collision service on [[0m[1;32m/world/sentry_planning/disable_collision[0m[1;32m][0m[1;32m[0m
[ign-1] [1;32m[Msg] [0m[1;32mMaterial service on [[0m[1;32m/world/sentry_planning/visual_config[0m[1;32m][0m[1;32m[0m
[ign-1] [1;32m[Msg] [0m[1;32mMaterial service on [[0m[1;32m/world/sentry_planning/wheel_slip[0m[1;32m][0m[1;32m[0m
[ign-1] [1;32m[Msg] [0m[1;32mVelocityControl subscribing to twist messages on [[0m[1;32m/model/sentry/cmd_vel[0m[1;32m][0m[1;32m[0m
[ign-1] [1;32m[Msg] [0m[1;32mOdometryPublisher publishing odometry on [[0m[1;32m/model/sentry/odometry[0m[1;32m][0m[1;32m[0m
[ign-1] [1;32m[Msg] [0m[1;32mOdometryPublisher publishing odometry with covariance on [[0m[1;32m/model/sentry/odometry_with_covariance[0m[1;32m][0m[1;32m[0m
[ign-1] [1;32m[Msg] [0m[1;32mOdometryPublisher publishing Pose_V (TF) on [[0m[1;32m/model/sentry/pose[0m[1;32m][0m[1;32m[0m
[ign-1] [1;32m[Msg] [0m[1;32mLoaded level [[0m[1;32m3[0m[1;32m][0m[1;32m[0m
[ign-1] [1;32m[Msg] [0m[1;32mServing world controls on [[0m[1;32m/world/sentry_planning[0m[1;32m/control], [[0m[1;32m/world/sentry_planning[0m[1;32m/control/state] and [[0m[1;32m/world/sentry_planning[0m[1;32m/playback/control][0m[1;32m[0m
[ign-1] [1;32m[Msg] [0m[1;32mServing GUI information on [[0m[1;32m/world/sentry_planning[0m[1;32m/[0m[1;32mgui/info[0m[1;32m][0m[1;32m[0m
[ign-1] [1;32m[Msg] [0m[1;32mWorld [[0m[1;32msentry_planning[0m[1;32m] initialized with [[0m[1;32mfixed_step[0m[1;32m] physics profile.[0m[1;32m[0m
[ign-1] [1;32m[Msg] [0m[1;32mServing world SDF generation service on [[0m[1;32m/world/sentry_planning[0m[1;32m/[0m[1;32mgenerate_world_sdf[0m[1;32m][0m[1;32m[0m
[ign-1] [1;32m[Msg] [0m[1;32mServing world names on [[0m[1;32m/gazebo/worlds[0m[1;32m][0m[1;32m[0m
[ign-1] [1;32m[Msg] [0m[1;32mResource path add service on [[0m[1;32m/gazebo/resource_paths/add[0m[1;32m].[0m[1;32m[0m
[ign-1] [1;32m[Msg] [0m[1;32mResource path get service on [[0m[1;32m/gazebo/resource_paths/get[0m[1;32m].[0m[1;32m[0m
[ign-1] [1;32m[Msg] [0m[1;32mResource path resolve service on [[0m[1;32m/gazebo/resource_paths/resolve[0m[1;32m].[0m[1;32m[0m
[ign-1] [1;32m[Msg] [0m[1;32mResource paths published on [[0m[1;32m/gazebo/resource_paths[0m[1;32m].[0m[1;32m[0m
[ign-1] [1;32m[Msg] [0m[1;32mServer control service on [[0m[1;32m/server_control[0m[1;32m].[0m[1;32m[0m
[ign-1] [1;32m[Msg] [0m[1;32mFound no publishers on /stats, adding root stats topic[0m[1;32m[0m
[ign-1] libEGL warning: Not allowed to force software rendering when API explicitly selects a hardware device.
[trajectory_generator_node-6] [INFO] [1790439921.742379545] [trajectory_generation]: FSM accepted manual goal goal=(-2.72, 1.95, 0.02)
[trajectory_generator_node-6] [Manager] start point, (x, y): (-0.92, -4.45)
[trajectory_generator_node-6] [Manager] receive target, (x, y): (-2.72, 1.95)
[trajectory_generator_node-6] [Topo]: m_graph before num: 1605
[trajectory_generator_node-6] [Topo]: dijkstra time: 0.271412
[trajectory_generator_node-6] [Topo]: topo search time: 1.014343
[trajectory_generator_node-6] [Topo]: m_graph num: 2575
[trajectory_generator_node-6] [DIAG] origin_path (Dijkstra) size: 5
[trajectory_generator_node-6] [DIAG]   origin[0]: (-0.919, -4.454, 0.015)
[trajectory_generator_node-6] [DIAG]   origin[1]: (-5.019, -1.604, 0.015)
[trajectory_generator_node-6] [DIAG]   origin[2]: (-3.769, 2.396, 0.015)
[trajectory_generator_node-6] [DIAG]   origin[3]: (-1.719, 1.946, 0.015)
[trajectory_generator_node-6] [DIAG]   origin[4]: (-2.719, 1.946, 0.015)
[trajectory_generator_node-6] [DIAG] lineVisib(start→end DIRECT): false  colli=(-1.42,-2.65)
[trajectory_generator_node-6] [DIAG] direct line: 132 steps, 92 wall cells
[trajectory_generator_node-6] [smoothTopoPath] INPUT size=5
[trajectory_generator_node-6] [smoothTopoPath]   in[0]: (-0.919, -4.454, 0.015)
[trajectory_generator_node-6] [smoothTopoPath]   in[1]: (-5.019, -1.604, 0.015)
[trajectory_generator_node-6] [smoothTopoPath]   in[2]: (-3.769, 2.396, 0.015)
[trajectory_generator_node-6] [smoothTopoPath]   in[3]: (-1.719, 1.946, 0.015)
[trajectory_generator_node-6] [smoothTopoPath]   in[4]: (-2.719, 1.946, 0.015)
[trajectory_generator_node-6] [smoothTopoPath] lineVisib(start→end): false  colli=(-1.42,-2.65)
[trajectory_generator_node-6] [smoothTopoPath] stuck detected, skipping to topo[4]
[trajectory_generator_node-6] [smoothTopoPath] OUTPUT size=8, iter_count=7
[trajectory_generator_node-6] [smoothTopoPath]   out[0]: (-0.919, -4.454, 0.015)
[trajectory_generator_node-6] [smoothTopoPath]   out[1]: (-4.840, -0.515, 0.015)
[trajectory_generator_node-6] [smoothTopoPath]   out[2]: (-3.299, 2.232, 0.015)
[trajectory_generator_node-6] [smoothTopoPath]   out[3]: (-2.168, 2.139, 0.015)
[trajectory_generator_node-6] [smoothTopoPath]   out[4]: (-2.555, 2.131, 0.015)
[trajectory_generator_node-6] [smoothTopoPath]   out[5]: (-2.134, 2.182, 0.015)
[trajectory_generator_node-6] [smoothTopoPath]   out[6]: (-2.719, 1.946, 0.015)
[trajectory_generator_node-6] [smoothTopoPath]   out[7]: (-2.719, 1.946, 0.015)
[trajectory_generator_node-6] [DIAG] optimized_path (smoothTopoPath) size: 8
[trajectory_generator_node-6] [DIAG]   opt[0]: (-0.919, -4.454, 0.015)
[trajectory_generator_node-6] [DIAG]   opt[1]: (-4.840, -0.515, 0.015)
[trajectory_generator_node-6] [DIAG]   opt[2]: (-3.299, 2.232, 0.015)
[trajectory_generator_node-6] [DIAG]   opt[3]: (-2.168, 2.139, 0.015)
[trajectory_generator_node-6] [DIAG]   opt[4]: (-2.555, 2.131, 0.015)
[trajectory_generator_node-6] [DIAG]   opt[5]: (-2.134, 2.182, 0.015)
[trajectory_generator_node-6] [DIAG]   opt[6]: (-2.719, 1.946, 0.015)
[trajectory_generator_node-6] [DIAG]   opt[7]: (-2.719, 1.946, 0.015)
[trajectory_generator_node-6] optimized_path size: 8
[trajectory_generator_node-6] [Manager] reference_speed: (2.00)
[trajectory_generator_node-6] [LBFGS] search direction d: -0.000259367  0.000988196   0.00215131  -0.00201763  0.000242986   0.00109051 -0.000529618 -0.000161126 -0.000327121  0.000667277  0.000319451  -0.00148139   0.00107518  0.000608288  -0.00155368   0.00100551 -9.78296e-05 -0.000467992  0.000843615  0.000675183  -0.00218564  -0.00152314  0.000635287 -0.000220229  -0.00247022  0.000570139   0.00303293  -0.00283143  -0.00229534   0.00555053   0.00114754  -0.00408768  -0.00141078   0.00416169 -0.000275842  -0.00138834 -0.000367446 -0.000233017  -0.00122332  -0.00176163   0.00179196 -0.000275418 -0.000832343  0.000238745  0.000594034 -0.000191323 -0.000480594  0.000116229  0.000865987  -0.00112364  0.000236784  0.000872174  -0.00108553  5.87767e-05  0.000990929  -0.00167189  0.000817145   0.00101441  -0.00107782   0.00200682  0.000834691  -0.00172207   0.00227418 -0.000958588 -0.000503853   0.00157964  -0.00206838   0.00161716   0.00154396 -0.000595892  0.000118687  0.000267423   0.00254601 -0.000441059  0.000436742  0.000422439  0.000165288 -0.000200116  0.000154897  0.000139578 -9.84461e-05 -1.62294e-05  5.79407e-05  6.51369e-05 -6.52767e-05 -8.38455e-05  0.000164635 -6.56182e-05 -0.000110664  0.000185992 -3.52418e-05 -1.33423e-05  8.59989e-05 -4.93319e-05  4.98373e-05  7.60081e-05 -0.000218245  0.000124167   0.00017924 -0.000267848  0.000118346  0.000209274 -9.04139e-05 -0.000165707  0.000561472  0.000595896  0.000282397  0.000337866  0.000279251  6.25572e-05  0.000111763  0.000189129
[trajectory_generator_node-6] [Smooth Optimize] MINCO reaches max evaluations: Line search reaches the maximum try number, assumptions not satisfied or precision not achievable.
[trajectory_generator_node-6] [Smooth Optimize] MINCO: cost=371.1 total_T=5.461(init 5.423) max_drift=0.328 max_vel=3.0 segs=38
[trajectory_generator_node-6] [Smooth Resample] resample
[trajectory_generator_node-6] [Smooth Resample] 39 -> 20 waypoints, 19 time segs, max_turn=164.4 deg
[trajectory_generator_node-6] [Manager] optimizer generate time: 0.608927
[trajectory_generator_node-6] [Reference] path size : 20
[trajectory_generator_node-6] [Reference] Using MINCO-optimized durations (19 segments, total=5.461 s)
[trajectory_generator_node-6] [Reference] solvePolyMatrix ENTER: N=19, path_size=20, trap_time_size=19
[trajectory_generator_node-6] [Reference]   path[0]=(-0.9190,-4.4540) path[1]=(-1.1994,-4.1719) t[0]=0.308806 state_vel=(0.0000,0.0000)
[trajectory_generator_node-6] [Reference] banded solve done. b[0]=-6.596713 b[N]=12.235433 b2[0]=6.641367 b2[N]=9.406608
[trajectory_generator_node-6] [Reference] solvePolyMatrix EXIT: polyX[0]=[1.157506 -3.298356 -0.000000 -0.919000]
[trajectory_generator_node-6] [Reference] solvePolyMatrix ENTER: N=19, path_size=20, trap_time_size=19
[trajectory_generator_node-6] [Reference]   path[0]=(-0.9190,-4.4540) path[1]=(-1.1994,-4.1719) t[0]=0.339687 state_vel=(0.0000,0.0000)
[trajectory_generator_node-6] [Reference] banded solve done. b[0]=-6.069086 b[N]=10.538164 b2[0]=6.108763 b2[N]=7.994046
[trajectory_generator_node-6] [Reference] solvePolyMatrix EXIT: polyX[0]=[1.778219 -3.034543 -0.000000 -0.919000]
[trajectory_generator_node-6] [Reference] solvePolyMatrix ENTER: N=19, path_size=20, trap_time_size=19
[trajectory_generator_node-6] [Reference]   path[0]=(-0.9190,-4.4540) path[1]=(-1.1994,-4.1719) t[0]=0.373656 state_vel=(0.0000,0.0000)
[trajectory_generator_node-6] [Reference] banded solve done. b[0]=-5.081693 b[N]=9.028730 b2[0]=5.114814 b2[N]=6.745871
[trajectory_generator_node-6] [Reference] solvePolyMatrix EXIT: polyX[0]=[1.424212 -2.540847 0.000000 -0.919000]
[trajectory_generator_node-6] [Reference] solvePolyMatrix ENTER: N=19, path_size=20, trap_time_size=19
[trajectory_generator_node-6] [Reference]   path[0]=(-0.9190,-4.4540) path[1]=(-1.1994,-4.1719) t[0]=0.411021 state_vel=(0.0000,0.0000)
[trajectory_generator_node-6] [Reference] banded solve done. b[0]=-4.266774 b[N]=7.659223 b2[0]=4.294479 b2[N]=5.673622
[trajectory_generator_node-6] [Reference] solvePolyMatrix EXIT: polyX[0]=[1.151569 -2.133387 0.000000 -0.919000]
[trajectory_generator_node-6] [INFO] [1790439923.381974145] [trajectory_generation]: FSM published 19 trajectory pieces
[trajectory_generator_node-6] [Manager REPLAN]  cur position point (X, Y) = (-0.919000, -4.454000), target point (X, Y) = (-2.719000, 1.946000)
[trajectory_generator_node-6] [Manager REPLAN] target_temp (X, Y) = (-2.719000, 1.946000)
[trajectory_generator_node-6] [Manager REPLAN] path safe & target unchanged, re-anchoring from cur pos
[trajectory_generator_node-6] [LBFGS] search direction d: -0.000259367  0.000988196   0.00215131  -0.00201763  0.000242986   0.00109051 -0.000529618 -0.000161126 -0.000327121  0.000667277  0.000319451  -0.00148139   0.00107518  0.000608288  -0.00155368   0.00100551 -9.78296e-05 -0.000467992  0.000843615  0.000675183  -0.00218564  -0.00152314  0.000635287 -0.000220229  -0.00247022  0.000570139   0.00303293  -0.00283143  -0.00229534   0.00555053   0.00114754  -0.00408768  -0.00141078   0.00416169 -0.000275842  -0.00138834 -0.000367446 -0.000233017  -0.00122332  -0.00176163   0.00179196 -0.000275418 -0.000832343  0.000238745  0.000594034 -0.000191323 -0.000480594  0.000116229  0.000865987  -0.00112364  0.000236784  0.000872174  -0.00108553  5.87767e-05  0.000990929  -0.00167189  0.000817145   0.00101441  -0.00107782   0.00200682  0.000834691  -0.00172207   0.00227418 -0.000958588 -0.000503853   0.00157964  -0.00206838   0.00161716   0.00154396 -0.000595892  0.000118687  0.000267423   0.00254601 -0.000441059  0.000436742  0.000422439  0.000165288 -0.000200116  0.000154897  0.000139578 -9.84461e-05 -1.62294e-05  5.79407e-05  6.51369e-05 -6.52767e-05 -8.38455e-05  0.000164635 -6.56182e-05 -0.000110664  0.000185992 -3.52418e-05 -1.33423e-05  8.59989e-05 -4.93319e-05  4.98373e-05  7.60081e-05 -0.000218245  0.000124167   0.00017924 -0.000267848  0.000118346  0.000209274 -9.04139e-05 -0.000165707  0.000561472  0.000595896  0.000282397  0.000337866  0.000279251  6.25572e-05  0.000111763  0.000189129
[trajectory_generator_node-6] [Smooth Optimize] MINCO reaches max evaluations: Line search reaches the maximum try number, assumptions not satisfied or precision not achievable.
[trajectory_generator_node-6] [Smooth Optimize] MINCO: cost=371.1 total_T=5.461(init 5.423) max_drift=0.328 max_vel=3.0 segs=38
[trajectory_generator_node-6] [Smooth Resample] resample
[trajectory_generator_node-6] [Smooth Resample] 39 -> 20 waypoints, 19 time segs, max_turn=164.4 deg
[trajectory_generator_node-6] [Reference] path size : 20
[trajectory_generator_node-6] [Reference] Using MINCO-optimized durations (19 segments, total=5.461 s)
[trajectory_generator_node-6] [Reference] solvePolyMatrix ENTER: N=19, path_size=20, trap_time_size=19
[trajectory_generator_node-6] [Reference]   path[0]=(-0.9190,-4.4540) path[1]=(-1.1994,-4.1719) t[0]=0.308806 state_vel=(0.0000,0.0000)
[trajectory_generator_node-6] [Reference] banded solve done. b[0]=-6.596713 b[N]=12.235433 b2[0]=6.641367 b2[N]=9.406608
[trajectory_generator_node-6] [Reference] solvePolyMatrix EXIT: polyX[0]=[1.157506 -3.298356 0.000000 -0.919000]
[trajectory_generator_node-6] [Reference] solvePolyMatrix ENTER: N=19, path_size=20, trap_time_size=19
[trajectory_generator_node-6] [Reference]   path[0]=(-0.9190,-4.4540) path[1]=(-1.1994,-4.1719) t[0]=0.339687 state_vel=(0.0000,0.0000)
[trajectory_generator_node-6] [Reference] banded solve done. b[0]=-6.069086 b[N]=10.538164 b2[0]=6.108763 b2[N]=7.994046
[trajectory_generator_node-6] [Reference] solvePolyMatrix EXIT: polyX[0]=[1.778219 -3.034543 0.000000 -0.919000]
[trajectory_generator_node-6] [Reference] solvePolyMatrix ENTER: N=19, path_size=20, trap_time_size=19
[trajectory_generator_node-6] [Reference]   path[0]=(-0.9190,-4.4540) path[1]=(-1.1994,-4.1719) t[0]=0.373656 state_vel=(0.0000,0.0000)
[trajectory_generator_node-6] [Reference] banded solve done. b[0]=-5.081693 b[N]=9.028730 b2[0]=5.114814 b2[N]=6.745871
[trajectory_generator_node-6] [Reference] solvePolyMatrix EXIT: polyX[0]=[1.424212 -2.540847 0.000000 -0.919000]
[trajectory_generator_node-6] [Reference] solvePolyMatrix ENTER: N=19, path_size=20, trap_time_size=19
[trajectory_generator_node-6] [Reference]   path[0]=(-0.9190,-4.4540) path[1]=(-1.1994,-4.1719) t[0]=0.411021 state_vel=(0.0000,0.0000)
[trajectory_generator_node-6] [Reference] banded solve done. b[0]=-4.266774 b[N]=7.659223 b2[0]=4.294479 b2[N]=5.673622
[trajectory_generator_node-6] [Reference] solvePolyMatrix EXIT: polyX[0]=[1.151569 -2.133387 0.000000 -0.919000]
[trajectory_generator_node-6] [INFO] [1790439924.182528718] [trajectory_generation]: FSM published 19 trajectory pieces
[rviz2-7] [INFO] [1790440081.925386913] [rviz2]: Setting goal pose: Frame:map, Position(-2.75832, 2.2162, 0), Orientation(0, 0, 1, 0.000354877) = Angle: 3.14088
[trajectory_generator_node-6] [INFO] [1790440081.925905794] [trajectory_generation]: FSM accepted manual goal goal=(-2.77, 2.20, 0.03)
[trajectory_generator_node-6] [Manager] start point, (x, y): (-0.92, -4.45)
[trajectory_generator_node-6] [Manager] receive target, (x, y): (-2.77, 2.20)
[trajectory_generator_node-6] [Topo]: m_graph before num: 1605
[trajectory_generator_node-6] [Topo]: dijkstra time: 0.217253
[trajectory_generator_node-6] [Topo]: topo search time: 0.996291
[trajectory_generator_node-6] [Topo]: m_graph num: 2578
[trajectory_generator_node-6] [DIAG] origin_path (Dijkstra) size: 5
[trajectory_generator_node-6] [DIAG]   origin[0]: (-0.919, -4.454, 0.015)
[trajectory_generator_node-6] [DIAG]   origin[1]: (-5.019, -1.604, 0.015)
[trajectory_generator_node-6] [DIAG]   origin[2]: (-3.769, 2.396, 0.015)
[trajectory_generator_node-6] [DIAG]   origin[3]: (-1.769, 2.196, 0.015)
[trajectory_generator_node-6] [DIAG]   origin[4]: (-2.769, 2.196, 0.033)
[trajectory_generator_node-6] [DIAG] lineVisib(start→end DIRECT): false  colli=(-1.42,-2.65)
[trajectory_generator_node-6] [DIAG] direct line: 138 steps, 93 wall cells
[trajectory_generator_node-6] [smoothTopoPath] INPUT size=5
[trajectory_generator_node-6] [smoothTopoPath]   in[0]: (-0.919, -4.454, 0.015)
[trajectory_generator_node-6] [smoothTopoPath]   in[1]: (-5.019, -1.604, 0.015)
[trajectory_generator_node-6] [smoothTopoPath]   in[2]: (-3.769, 2.396, 0.015)
[trajectory_generator_node-6] [smoothTopoPath]   in[3]: (-1.769, 2.196, 0.015)
[trajectory_generator_node-6] [smoothTopoPath]   in[4]: (-2.769, 2.196, 0.033)
[trajectory_generator_node-6] [smoothTopoPath] lineVisib(start→end): false  colli=(-1.42,-2.65)
[trajectory_generator_node-6] [smoothTopoPath] OUTPUT size=4, iter_count=3
[trajectory_generator_node-6] [smoothTopoPath]   out[0]: (-0.919, -4.454, 0.015)
[trajectory_generator_node-6] [smoothTopoPath]   out[1]: (-4.840, -0.515, 0.015)
[trajectory_generator_node-6] [smoothTopoPath]   out[2]: (-3.247, 2.246, 0.015)
[trajectory_generator_node-6] [smoothTopoPath]   out[3]: (-2.769, 2.196, 0.033)
[trajectory_generator_node-6] [DIAG] optimized_path (smoothTopoPath) size: 4
[trajectory_generator_node-6] [DIAG]   opt[0]: (-0.919, -4.454, 0.015)
[trajectory_generator_node-6] [DIAG]   opt[1]: (-4.840, -0.515, 0.015)
[trajectory_generator_node-6] [DIAG]   opt[2]: (-3.247, 2.246, 0.015)
[trajectory_generator_node-6] [DIAG]   opt[3]: (-2.769, 2.196, 0.033)
[trajectory_generator_node-6] optimized_path size: 4
[trajectory_generator_node-6] [Manager] reference_speed: (2.00)
[trajectory_generator_node-6] [LBFGS] search direction d: -0.000558704  -0.00217568  -0.00153778  -0.00122795 -0.000846143   0.00097693   0.00182305 -0.000217854 -0.000836151  -0.00125903   0.00155901 -0.000344782 -0.000172696 -0.000589905   0.00198164 -0.000637028  -0.00147401  0.000467739  0.000824932  -0.00108394  -0.00463403  -0.00162398  0.000777728   0.00309666   0.00198444   -0.0017365  -0.00290494  -0.00228536  -0.00124611 -0.000326459   0.00131487   0.00181775   0.00115174   0.00159975   0.00180141  -0.00256895   -0.0014632  0.000729959   0.00117919   0.00019427 -0.000497498 -0.000476695 -0.000380014   0.00114605 -0.000597206   -3.352e-05   0.00110893   0.00135783  -0.00103268  -0.00111846  0.000517915  0.000740841 -0.000405197 -0.000610449  0.000204798 -0.000862733 -0.000225708 -0.000197427 -0.000113733  8.85551e-05  -0.00172064  -0.00151835  -0.00086346 -0.000378087  2.21175e-05  0.000332068 -2.35073e-05 -0.000350821 -0.000243266  2.70799e-06  0.000166156 -5.02316e-05 -7.33328e-05 -8.97055e-05  0.000110645 -0.000188934 -0.000142486  0.000115526   0.00015541 -0.000416499 -5.51219e-05 -0.000224124 -0.000295556 -0.000247008 -3.39711e-05  0.000150659 -0.000146874 -0.000605171  -0.00106377  -0.00117863 -0.000902458
[trajectory_generator_node-6] [Smooth Optimize] MINCO reaches max evaluations: Line search reaches the maximum try number, assumptions not satisfied or precision not achievable.
[trajectory_generator_node-6] [Smooth Optimize] MINCO: cost=78.2 total_T=4.631(init 4.571) max_drift=0.342 max_vel=3.0 segs=31
[trajectory_generator_node-6] [Smooth Resample] resample
[trajectory_generator_node-6] [Smooth Resample] 32 -> 17 waypoints, 16 time segs, max_turn=29.7 deg
[trajectory_generator_node-6] [Manager] optimizer generate time: 0.534544
[trajectory_generator_node-6] [Reference] path size : 17
[trajectory_generator_node-6] [Reference] Using MINCO-optimized durations (16 segments, total=4.631 s)
[trajectory_generator_node-6] [Reference] solvePolyMatrix ENTER: N=16, path_size=17, trap_time_size=16
[trajectory_generator_node-6] [Reference]   path[0]=(-0.9190,-4.4540) path[1]=(-1.1363,-4.2329) t[0]=0.320839 state_vel=(0.0000,0.0000)
[trajectory_generator_node-6] [Reference] banded solve done. b[0]=-3.177279 b[N]=-0.199878 b2[0]=3.415229 b2[N]=0.249207
[trajectory_generator_node-6] [Reference] solvePolyMatrix EXIT: polyX[0]=[-1.627689 -1.588639 0.000000 -0.919000]
[trajectory_generator_node-6] [Reference] solvePolyMatrix ENTER: N=16, path_size=17, trap_time_size=16
[trajectory_generator_node-6] [Reference]   path[0]=(-0.9190,-4.4540) path[1]=(-1.1363,-4.2329) t[0]=0.352923 state_vel=(0.0000,0.0000)
[trajectory_generator_node-6] [Reference] banded solve done. b[0]=-3.293660 b[N]=0.045880 b2[0]=3.484045 b2[N]=0.394741
[trajectory_generator_node-6] [Reference] solvePolyMatrix EXIT: polyX[0]=[-0.276794 -1.646830 0.000000 -0.919000]
[trajectory_generator_node-6] [Reference] solvePolyMatrix ENTER: N=16, path_size=17, trap_time_size=16
[trajectory_generator_node-6] [Reference]   path[0]=(-0.9190,-4.4540) path[1]=(-1.1363,-4.2329) t[0]=0.388215 state_vel=(0.0000,0.0000)
[trajectory_generator_node-6] [Reference] banded solve done. b[0]=-2.812815 b[N]=0.056779 b2[0]=2.974178 b2[N]=0.359509
[trajectory_generator_node-6] [Reference] solvePolyMatrix EXIT: polyX[0]=[-0.091037 -1.406407 0.000000 -0.919000]
[trajectory_generator_node-6] [Reference] solvePolyMatrix ENTER: N=16, path_size=17, trap_time_size=16
[trajectory_generator_node-6] [Reference]   path[0]=(-0.9190,-4.4540) path[1]=(-1.1363,-4.2329) t[0]=0.427036 state_vel=(0.0000,0.0000)
[trajectory_generator_node-6] [Reference] banded solve done. b[0]=-2.415243 b[N]=0.067824 b2[0]=2.552310 b2[N]=0.332887
[trajectory_generator_node-6] [Reference] solvePolyMatrix EXIT: polyX[0]=[0.037686 -1.207621 0.000000 -0.919000]
[trajectory_generator_node-6] [INFO] [1790440083.512236235] [trajectory_generation]: FSM published 16 trajectory pieces
[rviz2-7] [INFO] [1790440200.525329499] [rviz2]: Setting goal pose: Frame:map, Position(-2.75832, 2.2162, 0), Orientation(0, 0, 1, 0.000354877) = Angle: 3.14088
[trajectory_generator_node-6] [INFO] [1790440200.526232746] [trajectory_generation]: FSM accepted manual goal goal=(-2.77, 2.20, 0.03)
[trajectory_generator_node-6] [Manager] start point, (x, y): (-1.22, -4.15)
[trajectory_generator_node-6] [Manager] receive target, (x, y): (-2.77, 2.20)
[trajectory_generator_node-6] [Topo]: m_graph before num: 1605
[trajectory_generator_node-6] [Topo]: dijkstra time: 0.265944
[trajectory_generator_node-6] [Topo]: topo search time: 1.460802
[trajectory_generator_node-6] [Topo]: m_graph num: 2590
[trajectory_generator_node-6] [DIAG] origin_path (Dijkstra) size: 5
[trajectory_generator_node-6] [DIAG]   origin[0]: (-1.219, -4.154, 0.015)
[trajectory_generator_node-6] [DIAG]   origin[1]: (-5.219, -1.454, 0.015)
[trajectory_generator_node-6] [DIAG]   origin[2]: (-3.769, 2.396, 0.015)
[trajectory_generator_node-6] [DIAG]   origin[3]: (-1.769, 2.196, 0.015)
[trajectory_generator_node-6] [DIAG]   origin[4]: (-2.769, 2.196, 0.033)
[trajectory_generator_node-6] [DIAG] lineVisib(start→end DIRECT): false  colli=(-1.62,-2.55)
[trajectory_generator_node-6] [DIAG] direct line: 130 steps, 88 wall cells
[trajectory_generator_node-6] [smoothTopoPath] INPUT size=5
[trajectory_generator_node-6] [smoothTopoPath]   in[0]: (-1.219, -4.154, 0.015)
[trajectory_generator_node-6] [smoothTopoPath]   in[1]: (-5.219, -1.454, 0.015)
[trajectory_generator_node-6] [smoothTopoPath]   in[2]: (-3.769, 2.396, 0.015)
[trajectory_generator_node-6] [smoothTopoPath]   in[3]: (-1.769, 2.196, 0.015)
[trajectory_generator_node-6] [smoothTopoPath]   in[4]: (-2.769, 2.196, 0.033)
[trajectory_generator_node-6] [smoothTopoPath] lineVisib(start→end): false  colli=(-1.62,-2.55)
[trajectory_generator_node-6] [smoothTopoPath] OUTPUT size=8, iter_count=7
[trajectory_generator_node-6] [smoothTopoPath]   out[0]: (-1.219, -4.154, 0.015)
[trajectory_generator_node-6] [smoothTopoPath]   out[1]: (-4.893, -0.324, 0.015)
[trajectory_generator_node-6] [smoothTopoPath]   out[2]: (-5.490, -1.325, 0.015)
[trajectory_generator_node-6] [smoothTopoPath]   out[3]: (-4.570, -0.552, 0.015)
[trajectory_generator_node-6] [smoothTopoPath]   out[4]: (-4.869, -0.040, 0.015)
[trajectory_generator_node-6] [smoothTopoPath]   out[5]: (-4.910, -1.478, 0.015)
[trajectory_generator_node-6] [smoothTopoPath]   out[6]: (-4.826, 0.431, 0.015)
[trajectory_generator_node-6] [smoothTopoPath]   out[7]: (-2.769, 2.196, 0.033)
[trajectory_generator_node-6] [DIAG] optimized_path (smoothTopoPath) size: 8
[trajectory_generator_node-6] [DIAG]   opt[0]: (-1.219, -4.154, 0.015)
[trajectory_generator_node-6] [DIAG]   opt[1]: (-4.893, -0.324, 0.015)
[trajectory_generator_node-6] [DIAG]   opt[2]: (-5.490, -1.325, 0.015)
[trajectory_generator_node-6] [DIAG]   opt[3]: (-4.570, -0.552, 0.015)
[trajectory_generator_node-6] [DIAG]   opt[4]: (-4.869, -0.040, 0.015)
[trajectory_generator_node-6] [DIAG]   opt[5]: (-4.910, -1.478, 0.015)
[trajectory_generator_node-6] [DIAG]   opt[6]: (-4.826, 0.431, 0.015)
[trajectory_generator_node-6] [DIAG]   opt[7]: (-2.769, 2.196, 0.033)
[trajectory_generator_node-6] optimized_path size: 8
[trajectory_generator_node-6] [Manager] reference_speed: (2.00)
[trajectory_generator_node-6] [LBFGS] search direction d:  0.000707961   0.00284418   0.00221866   0.00117142 -0.000916569  -0.00201626  0.000721621   0.00158175 -0.000499638  -0.00118154  0.000491357   0.00128637 -0.000911746  -0.00117643  0.000175473  0.000270383  0.000129172  0.000102774 -0.000865156 -4.72511e-05   0.00230942   0.00264343  -0.00124004  -0.00222521  -0.00158691   -0.0013066 -0.000762665 -0.000411736   0.00137163   0.00139919   0.00104423  7.32217e-05 -0.000550637 -1.50792e-05   0.00213792    0.0025053   0.00068963  0.000315654   0.00193657   0.00176591  -0.00155933   -0.0024584  -0.00193316  0.000906578   0.00388841   0.00282088    0.0004092 -0.000310684  -0.00278446  -0.00272226  -0.00103071   0.00113732   0.00187137 -0.000791198   -0.0014327  0.000425117  0.000948494  3.22389e-05  -0.00109789 -0.000235709  0.000627442  0.000723478 -0.000654669  -0.00285089  -0.00304811  -0.00116252  0.000359565 -0.000319927  -0.00038546  0.000265389 -0.000175544 -0.000220445 -3.95591e-05  -0.00209769  -0.00314312  -0.00207087  0.000107086   0.00103514  0.000928593  0.000973709  -0.00267014 -0.000944503  0.000978777 -0.000553097 -0.000632648   0.00113441  0.000760354 -0.000181918 -0.000153838  -0.00022269   0.00227574   0.00289542   0.00272904  0.000725489   0.00178051   0.00182592  0.000948284  0.000135995 -0.000163149  2.06539e-05  0.000387591   0.00021373 -0.000145979 -6.19218e-05  0.000180709  0.000121861 -0.000134912 -6.33262e-05  0.000152066  0.000223951  0.000268315  0.000133527  0.000424801  0.000728143  0.000672229  0.000153911  0.000729441  0.000530997   0.00025844  0.000110048  0.000592785  0.000123691  0.000609008  0.000606621   0.00052584  0.000438611  0.000126392  0.000436376  3.81114e-05 -3.93747e-05  0.000369122  9.76643e-05  4.12298e-05  0.000246138  0.000515106  0.000295583  2.11389e-05 -0.000171389  0.000286704   0.00147059   0.00204247    0.0013093
[trajectory_generator_node-6] [Smooth Optimize] MINCO reaches max evaluations: Line search reaches the maximum try number, assumptions not satisfied or precision not achievable.
[trajectory_generator_node-6] [Smooth Optimize] MINCO: cost=255.7 total_T=6.827(init 6.771) max_drift=0.259 max_vel=3.1 segs=48
[trajectory_generator_node-6] [Smooth Resample] resample
[trajectory_generator_node-6] [Smooth Resample] 49 -> 25 waypoints, 24 time segs, max_turn=168.8 deg
[trajectory_generator_node-6] [Manager] optimizer generate time: 0.864208
[trajectory_generator_node-6] [Reference] path size : 25
[trajectory_generator_node-6] [Reference] Using MINCO-optimized durations (24 segments, total=6.827 s)
[trajectory_generator_node-6] [Reference] solvePolyMatrix ENTER: N=24, path_size=25, trap_time_size=24
[trajectory_generator_node-6] [Reference]   path[0]=(-1.2190,-4.1540) path[1]=(-1.4883,-3.8728) t[0]=0.311556 state_vel=(0.0000,0.0000)
[trajectory_generator_node-6] [Reference] banded solve done. b[0]=-5.647429 b[N]=-6.419043 b2[0]=5.944705 b2[N]=-2.043059
[trajectory_generator_node-6] [Reference] solvePolyMatrix EXIT: polyX[0]=[0.158875 -2.823714 0.000000 -1.219000]
[trajectory_generator_node-6] [Reference] solvePolyMatrix ENTER: N=24, path_size=25, trap_time_size=24
[trajectory_generator_node-6] [Reference]   path[0]=(-1.2190,-4.1540) path[1]=(-1.4883,-3.8728) t[0]=0.342712 state_vel=(0.0000,0.0000)
[trajectory_generator_node-6] [Reference] banded solve done. b[0]=-5.303407 b[N]=-6.126148 b2[0]=5.573353 b2[N]=-2.387860
[trajectory_generator_node-6] [Reference] solvePolyMatrix EXIT: polyX[0]=[1.047419 -2.651703 -0.000000 -1.219000]
[trajectory_generator_node-6] [Reference] solvePolyMatrix ENTER: N=24, path_size=25, trap_time_size=24
[trajectory_generator_node-6] [Reference]   path[0]=(-1.2190,-4.1540) path[1]=(-1.4883,-3.8728) t[0]=0.376983 state_vel=(0.0000,0.0000)
[trajectory_generator_node-6] [Reference] banded solve done. b[0]=-4.434447 b[N]=-5.618368 b2[0]=4.661462 b2[N]=-2.455914
[trajectory_generator_node-6] [Reference] solvePolyMatrix EXIT: polyX[0]=[0.855201 -2.217223 -0.000000 -1.219000]
[trajectory_generator_node-6] [Reference] solvePolyMatrix ENTER: N=24, path_size=25, trap_time_size=24
[trajectory_generator_node-6] [Reference]   path[0]=(-1.2190,-4.1540) path[1]=(-1.4883,-3.8728) t[0]=0.414682 state_vel=(0.0000,0.0000)
[trajectory_generator_node-6] [Reference] banded solve done. b[0]=-3.718528 b[N]=-4.687539 b2[0]=3.910019 b2[N]=-2.096726
[trajectory_generator_node-6] [Reference] solvePolyMatrix EXIT: polyX[0]=[0.707270 -1.859264 0.000000 -1.219000]
[trajectory_generator_node-6] [INFO] [1790440202.902608257] [trajectory_generation]: FSM published 24 trajectory pieces
[trajectory_generator_node-6] [INFO] [1790440659.212875671] [trajectory_generation]: FSM accepted manual goal goal=(-2.72, 1.95, 0.02)
[trajectory_generator_node-6] [Manager] start point, (x, y): (-0.92, -4.45)
[trajectory_generator_node-6] [Manager] receive target, (x, y): (-2.72, 1.95)
[trajectory_generator_node-6] [Topo]: m_graph before num: 1605
[trajectory_generator_node-6] [Topo]: dijkstra time: 0.328602
[trajectory_generator_node-6] [Topo]: topo search time: 1.619193
[trajectory_generator_node-6] [Topo]: m_graph num: 2574
[trajectory_generator_node-6] [DIAG] origin_path (Dijkstra) size: 5
[trajectory_generator_node-6] [DIAG]   origin[0]: (-0.919, -4.454, 0.015)
[trajectory_generator_node-6] [DIAG]   origin[1]: (-5.019, -1.604, 0.015)
[trajectory_generator_node-6] [DIAG]   origin[2]: (-3.769, 2.396, 0.015)
[trajectory_generator_node-6] [DIAG]   origin[3]: (-1.719, 1.946, 0.015)
[trajectory_generator_node-6] [DIAG]   origin[4]: (-2.719, 1.946, 0.015)
[trajectory_generator_node-6] [DIAG] lineVisib(start→end DIRECT): false  colli=(-1.42,-2.65)
[trajectory_generator_node-6] [DIAG] direct line: 132 steps, 92 wall cells
[trajectory_generator_node-6] [smoothTopoPath] INPUT size=5
[trajectory_generator_node-6] [smoothTopoPath]   in[0]: (-0.919, -4.454, 0.015)
[trajectory_generator_node-6] [smoothTopoPath]   in[1]: (-5.019, -1.604, 0.015)
[trajectory_generator_node-6] [smoothTopoPath]   in[2]: (-3.769, 2.396, 0.015)
[trajectory_generator_node-6] [smoothTopoPath]   in[3]: (-1.719, 1.946, 0.015)
[trajectory_generator_node-6] [smoothTopoPath]   in[4]: (-2.719, 1.946, 0.015)
[trajectory_generator_node-6] [smoothTopoPath] lineVisib(start→end): false  colli=(-1.42,-2.65)
[trajectory_generator_node-6] [smoothTopoPath] stuck detected, skipping to topo[4]
[trajectory_generator_node-6] [smoothTopoPath] OUTPUT size=8, iter_count=7
[trajectory_generator_node-6] [smoothTopoPath]   out[0]: (-0.919, -4.454, 0.015)
[trajectory_generator_node-6] [smoothTopoPath]   out[1]: (-4.840, -0.515, 0.015)
[trajectory_generator_node-6] [smoothTopoPath]   out[2]: (-3.299, 2.232, 0.015)
[trajectory_generator_node-6] [smoothTopoPath]   out[3]: (-2.168, 2.139, 0.015)
[trajectory_generator_node-6] [smoothTopoPath]   out[4]: (-2.555, 2.131, 0.015)
[trajectory_generator_node-6] [smoothTopoPath]   out[5]: (-2.134, 2.182, 0.015)
[trajectory_generator_node-6] [smoothTopoPath]   out[6]: (-2.719, 1.946, 0.015)
[trajectory_generator_node-6] [smoothTopoPath]   out[7]: (-2.719, 1.946, 0.015)
[trajectory_generator_node-6] [DIAG] optimized_path (smoothTopoPath) size: 8
[trajectory_generator_node-6] [DIAG]   opt[0]: (-0.919, -4.454, 0.015)
[trajectory_generator_node-6] [DIAG]   opt[1]: (-4.840, -0.515, 0.015)
[trajectory_generator_node-6] [DIAG]   opt[2]: (-3.299, 2.232, 0.015)
[trajectory_generator_node-6] [DIAG]   opt[3]: (-2.168, 2.139, 0.015)
[trajectory_generator_node-6] [DIAG]   opt[4]: (-2.555, 2.131, 0.015)
[trajectory_generator_node-6] [DIAG]   opt[5]: (-2.134, 2.182, 0.015)
[trajectory_generator_node-6] [DIAG]   opt[6]: (-2.719, 1.946, 0.015)
[trajectory_generator_node-6] [DIAG]   opt[7]: (-2.719, 1.946, 0.015)
[trajectory_generator_node-6] [Manager] reference_speed: (2.00)
[trajectory_generator_node-6] optimized_path size: 8
[trajectory_generator_node-6] [LBFGS] search direction d: -0.000259367  0.000988196   0.00215131  -0.00201763  0.000242986   0.00109051 -0.000529618 -0.000161126 -0.000327121  0.000667277  0.000319451  -0.00148139   0.00107518  0.000608288  -0.00155368   0.00100551 -9.78296e-05 -0.000467992  0.000843615  0.000675183  -0.00218564  -0.00152314  0.000635287 -0.000220229  -0.00247022  0.000570139   0.00303293  -0.00283143  -0.00229534   0.00555053   0.00114754  -0.00408768  -0.00141078   0.00416169 -0.000275842  -0.00138834 -0.000367446 -0.000233017  -0.00122332  -0.00176163   0.00179196 -0.000275418 -0.000832343  0.000238745  0.000594034 -0.000191323 -0.000480594  0.000116229  0.000865987  -0.00112364  0.000236784  0.000872174  -0.00108553  5.87767e-05  0.000990929  -0.00167189  0.000817145   0.00101441  -0.00107782   0.00200682  0.000834691  -0.00172207   0.00227418 -0.000958588 -0.000503853   0.00157964  -0.00206838   0.00161716   0.00154396 -0.000595892  0.000118687  0.000267423   0.00254601 -0.000441059  0.000436742  0.000422439  0.000165288 -0.000200116  0.000154897  0.000139578 -9.84461e-05 -1.62294e-05  5.79407e-05  6.51369e-05 -6.52767e-05 -8.38455e-05  0.000164635 -6.56182e-05 -0.000110664  0.000185992 -3.52418e-05 -1.33423e-05  8.59989e-05 -4.93319e-05  4.98373e-05  7.60081e-05 -0.000218245  0.000124167   0.00017924 -0.000267848  0.000118346  0.000209274 -9.04139e-05 -0.000165707  0.000561472  0.000595896  0.000282397  0.000337866  0.000279251  6.25572e-05  0.000111763  0.000189129
[trajectory_generator_node-6] [Smooth Optimize] MINCO reaches max evaluations: Line search reaches the maximum try number, assumptions not satisfied or precision not achievable.
[trajectory_generator_node-6] [Smooth Optimize] MINCO: cost=371.1 total_T=5.461(init 5.423) max_drift=0.328 max_vel=3.0 segs=38
[trajectory_generator_node-6] [Smooth Resample] resample
[trajectory_generator_node-6] [Smooth Resample] 39 -> 20 waypoints, 19 time segs, max_turn=164.4 deg
[trajectory_generator_node-6] [Manager] optimizer generate time: 0.726234
[trajectory_generator_node-6] [Reference] path size : 20
[trajectory_generator_node-6] [Reference] Using MINCO-optimized durations (19 segments, total=5.461 s)
[trajectory_generator_node-6] [Reference] solvePolyMatrix ENTER: N=19, path_size=20, trap_time_size=19
[trajectory_generator_node-6] [Reference]   path[0]=(-0.9190,-4.4540) path[1]=(-1.1994,-4.1719) t[0]=0.308806 state_vel=(0.0000,0.0000)
[trajectory_generator_node-6] [Reference] banded solve done. b[0]=-6.596713 b[N]=12.235433 b2[0]=6.641367 b2[N]=9.406608
[trajectory_generator_node-6] [Reference] solvePolyMatrix EXIT: polyX[0]=[1.157506 -3.298356 -0.000000 -0.919000]
[trajectory_generator_node-6] [Reference] solvePolyMatrix ENTER: N=19, path_size=20, trap_time_size=19
[trajectory_generator_node-6] [Reference]   path[0]=(-0.9190,-4.4540) path[1]=(-1.1994,-4.1719) t[0]=0.339687 state_vel=(0.0000,0.0000)
[trajectory_generator_node-6] [Reference] banded solve done. b[0]=-6.069086 b[N]=10.538164 b2[0]=6.108763 b2[N]=7.994046
[trajectory_generator_node-6] [Reference] solvePolyMatrix EXIT: polyX[0]=[1.778219 -3.034543 -0.000000 -0.919000]
[trajectory_generator_node-6] [Reference] solvePolyMatrix ENTER: N=19, path_size=20, trap_time_size=19
[trajectory_generator_node-6] [Reference]   path[0]=(-0.9190,-4.4540) path[1]=(-1.1994,-4.1719) t[0]=0.373656 state_vel=(0.0000,0.0000)
[trajectory_generator_node-6] [Reference] banded solve done. b[0]=-5.081693 b[N]=9.028730 b2[0]=5.114814 b2[N]=6.745871
[trajectory_generator_node-6] [Reference] solvePolyMatrix EXIT: polyX[0]=[1.424212 -2.540847 0.000000 -0.919000]
[trajectory_generator_node-6] [Reference] solvePolyMatrix ENTER: N=19, path_size=20, trap_time_size=19
[trajectory_generator_node-6] [Reference]   path[0]=(-0.9190,-4.4540) path[1]=(-1.1994,-4.1719) t[0]=0.411021 state_vel=(0.0000,0.0000)
[trajectory_generator_node-6] [Reference] banded solve done. b[0]=-4.266774 b[N]=7.659223 b2[0]=4.294479 b2[N]=5.673622
[trajectory_generator_node-6] [Reference] solvePolyMatrix EXIT: polyX[0]=[1.151569 -2.133387 0.000000 -0.919000]
[trajectory_generator_node-6] [INFO] [1790440661.575144135] [trajectory_generation]: FSM published 19 trajectory pieces
[WARNING] [launch]: user interrupted with ctrl-c (SIGINT)
[INFO] [rviz2-7]: sending signal 'SIGINT' to process[rviz2-7]
[INFO] [trajectory_generator_node-6]: sending signal 'SIGINT' to process[trajectory_generator_node-6]
[INFO] [map_display.py-5]: sending signal 'SIGINT' to process[map_display.py-5]
[INFO] [cloud_adapter.py-4]: sending signal 'SIGINT' to process[cloud_adapter.py-4]
[INFO] [sim_adapter.py-3]: sending signal 'SIGINT' to process[sim_adapter.py-3]
[INFO] [parameter_bridge-2]: sending signal 'SIGINT' to process[parameter_bridge-2]
[INFO] [ign-1]: sending signal 'SIGINT' to process[ign-1]
[rviz2-7] [INFO] [1790440693.357855891] [rclcpp]: signal_handler(SIGINT/SIGTERM)
[trajectory_generator_node-6] [INFO] [1790440693.382156199] [rclcpp]: signal_handler(SIGINT/SIGTERM)
[parameter_bridge-2] [INFO] [1790440693.383704174] [rclcpp]: signal_handler(SIGINT/SIGTERM)
[INFO] [parameter_bridge-2]: process has finished cleanly [pid 27093]
[rviz2-7] corrupted double-linked list
[INFO] [trajectory_generator_node-6]: process has finished cleanly [pid 27101]
[INFO] [sim_adapter.py-3]: process has finished cleanly [pid 27095]
[ign-1] [1;32m[Msg] [0m[1;32mFound no p[1;32m[Msg] [0m[1;32mIgnition Gazebo GUI    v[0m[1;32m6.18.0[0m[1;32m[0m
[ign-1] [1;32m[GUI] [0m[1;32m[Msg] [0m[1;32mAdded plugin [[0m[1;32mRM Sentry - Basic Navigation[0m[1;32m] to main window[0m[1;32m[0m
[ign-1] [1;32m[GUI] [0m[1;32m[Msg] [0m[1;32mLoaded plugin [[0m[1;32mMinimalScene[0m[1;32m] from path [[0m[1;32m/usr/lib/x86_64-linux-gnu/ign-gui-6/plugins/libMinimalScene.so[0m[1;32m][0m[1;32m[0m
[ign-1] [1;32m[GUI] [0m[1;32m[Msg] [0m[1;32mAdded plugin [[0m[1;32mScene Manager[0m[1;32m] to main window[0m[1;32m[0m
[ign-1] [1;32m[GUI] [0m[1;32m[Msg] [0m[1;32mLoaded plugin [[0m[1;32mGzSceneManager[0m[1;32m] from path [[0m[1;32m/usr/lib/x86_64-linux-gnu/ign-gazebo-6/plugins/gui/libGzSceneManager.so[0m[1;32m][0m[1;32m[0m
[ign-1] [1;32m[GUI] [0m[1;32m[Msg] [0m[1;32mCamera view controller topic advertised on [[0m[1;32m/gui/camera/view_control[0m[1;32m][0m[1;32m[0m
[ign-1] [1;32m[GUI] [0m[1;32m[Msg] [0m[1;32mCamera reference visual topic advertised on [[0m[1;32m/gui/camera/view_control/reference_visual[0m[1;32m][0m[1;32m[0m
[ign-1] [1;32m[GUI] [0m[1;32m[Msg] [0m[1;32mCamera view control sensitivity advertised on [[0m[1;32m/gui/camera/view_control/sensitivity[0m[1;32m][0m[1;32m[0m
[ign-1] [1;32m[GUI] [0m[1;32m[Msg] [0m[1;32mAdded plugin [[0m[1;32mInteractive view control[0m[1;32m] to main window[0m[1;32m[0m
[ign-1] [1;32m[GUI] [0m[1;32m[Msg] [0m[1;32mLoaded plugin [[0m[1;32mInteractiveViewControl[0m[1;32m] from path [[0m[1;32m/usr/lib/x86_64-linux-gnu/ign-gui-6/plugins/libInteractiveViewControl.so[0m[1;32m][0m[1;32m[0m
[ign-1] [1;32m[GUI] [0m[1;32m[Msg] [0m[1;32mUsing world control service [[0m[1;32m/world/sentry_planning/control[0m[1;32m][0m[1;32m[0m
[ign-1] [1;32m[GUI] [0m[1;32m[Msg] [0m[1;32mListening to stats on [[0m[1;32m/world/sentry_planning/stats[0m[1;32m][0m[1;32m[0m
[ign-1] [1;32m[GUI] [0m[1;32m[Msg] [0m[1;32mAdded plugin [[0m[1;32mWorld control[0m[1;32m] to main window[0m[1;32m[0m
[ign-1] [1;32m[GUI] [0m[1;32m[Msg] [0m[1;32mLoaded plugin [[0m[1;32mWorldControl[0m[1;32m] from path [[0m[1;32m/usr/lib/x86_64-linux-gnu/ign-gui-6/plugins/libWorldControl.so[0m[1;32m][0m[1;32m[0m
[ign-1] [1;32m[GUI] [0m[1;32m[Msg] [0m[1;32mListening to stats on [[0m[1;32m/world/sentry_planning/stats[0m[1;32m][0m[1;32m[0m
[ign-1] [1;32m[GUI] [0m[1;32m[Msg] [0m[1;32mAdded plugin [[0m[1;32mWorld stats[0m[1;32m] to main window[0m[1;32m[0m
[ign-1] [1;32m[GUI] [0m[1;32m[Msg] [0m[1;32mLoaded plugin [[0m[1;32mWorldStats[0m[1;32m] from path [[0m[1;32m/usr/lib/x86_64-linux-gnu/ign-gui-6/plugins/libWorldStats.so[0m[1;32m][0m[1;32m[0m
[ign-1] [1;32m[GUI] [0m[1;32m[Msg] [0m[1;32mLoading plugin [[0m[1;32mignition-rendering-ogre2[0m[1;32m][0m[1;32m[0m
[ign-1] [1;32m[GUI] [0m[1;32m[Msg] [0m[1;32mLoading plugin [[0m[1;32mignition-rendering-ogre2[0m[1;32m][0m[1;32m[0m
[ign-1] [1;32m[GUI] [0m[1;32m[Msg] [0m[1;32mLoading plugin [[0m[1;32mignition-rendering-ogre2[0m[1;32m][0m[1;32m[0m
[ign-1] [1;32m[GUI] [0m[1;32m[Msg] [0m[1;32mLoading plugin [[0m[1;32mignition-rendering-ogre2[0m[1;32m][0m[1;32m[0m
[INFO] [cloud_adapter.py-4]: process has finished cleanly [pid 27097]
[INFO] [map_display.py-5]: process has finished cleanly [pid 27099]
[ign-1] ublishers on /clock, adding root clock topic[0m[1;32m[0m
[ign-1] [1;32m[Msg] [0m[1;32mLoading plugin [[0m[1;32mignition-rendering-ogre2[0m[1;32m][0m[1;32m[0m
[ign-1] [1;32m[Msg] [0m[1;32mServing scene information on [[0m[1;32m/world/sentry_planning[0m[1;32m/[0m[1;32mscene/info[0m[1;32m][0m[1;32m[0m
[ign-1] [1;32m[Msg] [0m[1;32mServing graph information on [[0m[1;32m/world/sentry_planning[0m[1;32m/[0m[1;32mscene/graph[0m[1;32m][0m[1;32m[0m
[ign-1] [1;32m[Msg] [0m[1;32mServing full state on [[0m[1;32m/world/sentry_planning[0m[1;32m/[0m[1;32mstate[0m[1;32m][0m[1;32m[0m
[ign-1] [1;32m[Msg] [0m[1;32mServing full state (async) on [[0m[1;32m/world/sentry_planning[0m[1;32m/[0m[1;32mstate_async[0m[1;32m][0m[1;32m[0m
[ign-1] [1;32m[Msg] [0m[1;32mPublishing scene information on [[0m[1;32m/world/sentry_planning/scene/info[0m[1;32m][0m[1;32m[0m
[ign-1] [1;32m[Msg] [0m[1;32mPublishing entity deletions on [[0m[1;32m/world/sentry_planning/scene/deletion[0m[1;32m][0m[1;32m[0m
[ign-1] [1;32m[Msg] [0m[1;32mPublishing state changes on [[0m[1;32m/world/sentry_planning/state[0m[1;32m][0m[1;32m[0m
[ign-1] [1;32m[Msg] [0m[1;32mPublishing pose messages on [[0m[1;32m/world/sentry_planning[0m[1;32m/[0m[1;32mpose/info[0m[1;32m][0m[1;32m[0m
[ign-1] [1;32m[Msg] [0m[1;32mPublishing dynamic pose messages on [[0m[1;32m/world/sentry_planning[0m[1;32m/[0m[1;32mdynamic_pose/info[0m[1;32m][0m[1;32m[0m
[INFO] [ign-1]: process has finished cleanly [pid 27091]
[ERROR] [rviz2-7]: process has died [pid 27103, exit code -6, cmd '/opt/ros/humble/lib/rviz2/rviz2 -d /home/liangys/RM_Sentry_2026/ros2_ws/install_sentry_sim2/sentry_gazebo/share/sentry_gazebo/config/planning.rviz --ros-args --params-file /tmp/launch_params_et7qdw6g'].
