Reading package lists...
Building dependency tree...
Reading state information...
The following NEW packages will be installed:
  wmctrl
0 upgraded, 1 newly installed, 0 to remove and 236 not upgraded.
Need to get 20.0 kB of archives.
After this operation, 54.3 kB of additional disk space will be used.
Get:1 http://us.archive.ubuntu.com/ubuntu jammy/universe amd64 wmctrl amd64 1.07-7build1 [20.0 kB]
debconf: unable to initialize frontend: Dialog
debconf: (Dialog frontend will not work on a dumb terminal, an emacs shell buffer, or without a controlling terminal.)
debconf: falling back to frontend: Readline
debconf: unable to initialize frontend: Readline
debconf: (This frontend requires a controlling tty.)
debconf: falling back to frontend: Teletype
dpkg-preconfigure: unable to re-open stdin: 
Fetched 20.0 kB in 3s (7,192 B/s)
Selecting previously unselected package wmctrl.
(Reading database ... 
(Reading database ... 5%
(Reading database ... 10%
(Reading database ... 15%
(Reading database ... 20%
(Reading database ... 25%
(Reading database ... 30%
(Reading database ... 35%
(Reading database ... 40%
(Reading database ... 45%
(Reading database ... 50%
(Reading database ... 55%
(Reading database ... 60%
(Reading database ... 65%
(Reading database ... 70%
(Reading database ... 75%
(Reading database ... 80%
(Reading database ... 85%
(Reading database ... 90%
(Reading database ... 95%
(Reading database ... 100%
(Reading database ... 312792 files and directories currently installed.)
Preparing to unpack .../wmctrl_1.07-7build1_amd64.deb ...
Unpacking wmctrl (1.07-7build1) ...
Setting up wmctrl (1.07-7build1) ...
Processing triggers for man-db (2.10.2-1) ...
