
warning: Can't open file /memfd:xorg (deleted) during file-backed mapping note processing

warning: Can't open file /dev/shm/fastrtps_1d9296117ec8380b (deleted) during file-backed mapping note processing

warning: Can't open file /dev/shm/fastrtps_ef7705af89f0cbaf (deleted) during file-backed mapping note processing

warning: Can't open file /dev/shm/fastrtps_844ce7599054000f (deleted) during file-backed mapping note processing

warning: Can't open file /dev/shm/fastrtps_b71f27996f407464 during file-backed mapping note processing

warning: Can't open file /dev/shm/fastrtps_aed38f5a2631c211 (deleted) during file-backed mapping note processing

warning: Can't open file /dev/shm/fastrtps_5619f2fc78fea56a (deleted) during file-backed mapping note processing

warning: Can't open file /SYSV00000000 (deleted) during file-backed mapping note processing

warning: Can't open file /dev/shm/fastrtps_191e83ffcf9e41e7 during file-backed mapping note processing
[New LWP 27103]
[New LWP 27128]
[New LWP 27131]
[New LWP 27125]
[New LWP 27152]
[New LWP 27156]
[New LWP 27132]
[New LWP 27153]
[New LWP 27134]
[New LWP 27158]
[New LWP 27136]
[New LWP 27127]
[New LWP 27155]
[New LWP 27124]
[New LWP 27157]
[New LWP 27130]
[New LWP 27151]
[New LWP 27129]
[New LWP 27126]
[New LWP 27116]
[New LWP 27133]
[New LWP 27154]
[New LWP 27159]
[Thread debugging using libthread_db enabled]
Using host libthread_db library "/lib/x86_64-linux-gnu/libthread_db.so.1".
Core was generated by `/opt/ros/humble/lib/rviz2/rviz2 -d /home/liangys/RM_Sentry_2026/ros2_ws/install'.
Program terminated with signal SIGABRT, Aborted.
#0  __pthread_kill_implementation (no_tid=0, signo=6, threadid=138779361038912) at ./nptl/pthread_kill.c:44
44	./nptl/pthread_kill.c: No such file or directory.
[Current thread is 1 (Thread 0x7e3816845240 (LWP 27103))]
#0  __pthread_kill_implementation (no_tid=0, signo=6, threadid=138779361038912) at ./nptl/pthread_kill.c:44
#1  __pthread_kill_internal (signo=6, threadid=138779361038912) at ./nptl/pthread_kill.c:78
#2  __GI___pthread_kill (threadid=138779361038912, signo=signo@entry=6) at ./nptl/pthread_kill.c:89
#3  0x00007e381ac42476 in __GI_raise (sig=sig@entry=6) at ../sysdeps/posix/raise.c:26
#4  0x00007e381ac287f3 in __GI_abort () at ./stdlib/abort.c:79
#5  0x00007e381ac89637 in __libc_message (action=action@entry=do_abort, fmt=fmt@entry=0x7e381addbb90 "%s\n") at ../sysdeps/posix/libc_fatal.c:156
#6  0x00007e381aca0cbc in malloc_printerr (str=str@entry=0x7e381add970e "corrupted double-linked list") at ./malloc/malloc.c:5666
#7  0x00007e381aca178c in unlink_chunk (p=p@entry=0x5906a803a390, av=0x7e381ae1ac80 <main_arena>) at ./malloc/malloc.c:1635
#8  0x00007e381aca45eb in _int_malloc (av=av@entry=0x7e381ae1ac80 <main_arena>, bytes=bytes@entry=128) at ./malloc/malloc.c:4307
#9  0x00007e381aca50f9 in __GI___libc_malloc (bytes=128) at ./malloc/malloc.c:3329
#10 0x00007e381b0ae98c in operator new(unsigned long) () from /lib/x86_64-linux-gnu/libstdc++.so.6
#11 0x00007e37ee095f83 in llvm::User::operator new(unsigned long, unsigned int) () from /lib/x86_64-linux-gnu/libLLVM-15.so.1
#12 0x00007e37edf45138 in ?? () from /lib/x86_64-linux-gnu/libLLVM-15.so.1
#13 0x00007e37edf951d6 in LLVMBuildICmp () from /lib/x86_64-linux-gnu/libLLVM-15.so.1
#14 0x00007e37fa4b6837 in ?? () from /usr/lib/x86_64-linux-gnu/dri/swrast_dri.so
#15 0x00007e37fa53fd80 in ?? () from /usr/lib/x86_64-linux-gnu/dri/swrast_dri.so
#16 0x00007e37fa5420a2 in ?? () from /usr/lib/x86_64-linux-gnu/dri/swrast_dri.so
#17 0x00007e37fa52fe58 in ?? () from /usr/lib/x86_64-linux-gnu/dri/swrast_dri.so
#18 0x00007e37fa5144a0 in ?? () from /usr/lib/x86_64-linux-gnu/dri/swrast_dri.so
#19 0x00007e37faa90418 in ?? () from /usr/lib/x86_64-linux-gnu/dri/swrast_dri.so
#20 0x00007e37faa905a0 in ?? () from /usr/lib/x86_64-linux-gnu/dri/swrast_dri.so
#21 0x00007e37faa90c93 in ?? () from /usr/lib/x86_64-linux-gnu/dri/swrast_dri.so
#22 0x00007e37faa939b6 in ?? () from /usr/lib/x86_64-linux-gnu/dri/swrast_dri.so
#23 0x00007e37faa94d6c in ?? () from /usr/lib/x86_64-linux-gnu/dri/swrast_dri.so
#24 0x00007e37fa549676 in ?? () from /usr/lib/x86_64-linux-gnu/dri/swrast_dri.so
#25 0x00007e37f9ebcb40 in ?? () from /usr/lib/x86_64-linux-gnu/dri/swrast_dri.so
#26 0x00007e37f9eb5afa in ?? () from /usr/lib/x86_64-linux-gnu/dri/swrast_dri.so
#27 0x00007e3814071872 in ?? () from /lib/x86_64-linux-gnu/libGLX_mesa.so.0
#28 0x00007e38140753ff in ?? () from /lib/x86_64-linux-gnu/libGLX_mesa.so.0
#29 0x00007e381aa3e2da in Ogre::RenderSystem::_swapAllRenderTargetBuffers() () from /opt/ros/humble/opt/rviz_ogre_vendor/lib/libOgreMain.so.1.12.1
#30 0x00007e381aa6bea2 in Ogre::Root::_updateAllRenderTargets() () from /opt/ros/humble/opt/rviz_ogre_vendor/lib/libOgreMain.so.1.12.1
#31 0x00007e381aa6bf10 in Ogre::Root::renderOneFrame() () from /opt/ros/humble/opt/rviz_ogre_vendor/lib/libOgreMain.so.1.12.1
#32 0x00007e381c5407fa in rviz_common::VisualizationManager::onUpdate() () from /opt/ros/humble/lib/librviz_common.so
#33 0x00007e381b8f17c8 in ?? () from /lib/x86_64-linux-gnu/libQt5Core.so.5
#34 0x00007e381b8f57fe in QTimer::timeout(QTimer::QPrivateSignal) () from /lib/x86_64-linux-gnu/libQt5Core.so.5
#35 0x00007e381b8e733f in QObject::event(QEvent*) () from /lib/x86_64-linux-gnu/libQt5Core.so.5
#36 0x00007e381bd6c713 in QApplicationPrivate::notify_helper(QObject*, QEvent*) () from /lib/x86_64-linux-gnu/libQt5Widgets.so.5
#37 0x00007e381b8b9e3a in QCoreApplication::notifyInternal2(QObject*, QEvent*) () from /lib/x86_64-linux-gnu/libQt5Core.so.5
#38 0x00007e381b9123eb in QTimerInfoList::activateTimers() () from /lib/x86_64-linux-gnu/libQt5Core.so.5
#39 0x00007e381b912d34 in ?? () from /lib/x86_64-linux-gnu/libQt5Core.so.5
