
warning: Can't open file /memfd:xorg (deleted) during file-backed mapping note processing

warning: Can't open file /dev/shm/fastrtps_1d9296117ec8380b (deleted) during file-backed mapping note processing

warning: Can't open file /dev/shm/fastrtps_ef7705af89f0cbaf (deleted) during file-backed mapping note processing

warning: Can't open file /dev/shm/fastrtps_844ce7599054000f (deleted) during file-backed mapping note processing

warning: Can't open file /dev/shm/fastrtps_b71f27996f407464 during file-backed mapping note processing

warning: Can't open file /dev/shm/fastrtps_aed38f5a2631c211 (deleted) during file-backed mapping note processing

warning: Can't open file /dev/shm/fastrtps_5619f2fc78fea56a (deleted) during file-backed mapping note processing

warning: Can't open file /SYSV00000000 (deleted) during file-backed mapping note processing

warning: Can't open file /dev/shm/fastrtps_191e83ffcf9e41e7 during file-backed mapping note processing
[New LWP 27103]
[New LWP 27128]
[New LWP 27131]
[New LWP 27125]
[New LWP 27152]
[New LWP 27156]
[New LWP 27132]
[New LWP 27153]
[New LWP 27134]
[New LWP 27158]
[New LWP 27136]
[New LWP 27127]
[New LWP 27155]
[New LWP 27124]
[New LWP 27157]
[New LWP 27130]
[New LWP 27151]
[New LWP 27129]
[New LWP 27126]
[New LWP 27116]
[New LWP 27133]
[New LWP 27154]
[New LWP 27159]
[Thread debugging using libthread_db enabled]
Using host libthread_db library "/lib/x86_64-linux-gnu/libthread_db.so.1".
Core was generated by `/opt/ros/humble/lib/rviz2/rviz2 -d /home/liangys/RM_Sentry_2026/ros2_ws/install'.
Program terminated with signal SIGABRT, Aborted.
#0  __pthread_kill_implementation (no_tid=0, signo=6, threadid=138779361038912) at ./nptl/pthread_kill.c:44
44	./nptl/pthread_kill.c: No such file or directory.
[Current thread is 1 (Thread 0x7e3816845240 (LWP 27103))]

Thread 23 (Thread 0x7e37d67fc640 (LWP 27159)):
#0  __futex_abstimed_wait_common64 (private=0, cancel=true, abstime=0x0, op=393, expected=0, futex_word=0x5906a6d95cf0) at ./nptl/futex-internal.c:57
#1  __futex_abstimed_wait_common (cancel=true, private=0, abstime=0x0, clockid=0, expected=0, futex_word=0x5906a6d95cf0) at ./nptl/futex-internal.c:87
#2  __GI___futex_abstimed_wait_cancelable64 (futex_word=futex_word@entry=0x5906a6d95cf0, expected=expected@entry=0, clockid=clockid@entry=0, abstime=abstime@entry=0x0, private=private@entry=0) at ./nptl/futex-internal.c:139
#3  0x00007e381ac93a01 in __pthread_cond_wait_common (abstime=0x0, clockid=0, mutex=0x5906a6d95ca0, cond=0x5906a6d95cc8) at ./nptl/pthread_cond_wait.c:503
#4  ___pthread_cond_wait (cond=0x5906a6d95cc8, mutex=0x5906a6d95ca0) at ./nptl/pthread_cond_wait.c:627
#5  0x00007e37f9f1952d in ?? () from /usr/lib/x86_64-linux-gnu/dri/swrast_dri.so
#6  0x00007e37f9ec98bb in ?? () from /usr/lib/x86_64-linux-gnu/dri/swrast_dri.so
#7  0x00007e37f9f1945b in ?? () from /usr/lib/x86_64-linux-gnu/dri/swrast_dri.so

Thread 22 (Thread 0x7e37f8dfd640 (LWP 27154)):
#0  futex_wait (private=0, expected=391660, futex_word=0x5906a6db17d4) at ../sysdeps/nptl/futex-internal.h:146
#1  futex_wait_simple (private=0, expected=391660, futex_word=0x5906a6db17d4) at ../sysdeps/nptl/futex-internal.h:177
#2  ___pthread_barrier_wait (barrier=0x5906a6db17d0) at ./nptl/pthread_barrier_wait.c:184
#3  0x00007e37f9eca9bd in ?? () from /usr/lib/x86_64-linux-gnu/dri/swrast_dri.so
#4  0x00007e37fa51753c in ?? () from /usr/lib/x86_64-linux-gnu/dri/swrast_dri.so
#5  0x00007e37f9f1945b in ?? () from /usr/lib/x86_64-linux-gnu/dri/swrast_dri.so
#6  0x00007e381ac94a83 in start_thread (arg=<optimized out>) at ./nptl/pthread_create.c:442
#7  0x00007e381ad268e0 in clone3 () at ../sysdeps/unix/sysv/linux/x86_64/clone3.S:81

Thread 21 (Thread 0x7e380adf6640 (LWP 27133)):
#0  __futex_abstimed_wait_common64 (private=0, cancel=true, abstime=0x0, op=393, expected=0, futex_word=0x5906a69ba9d8) at ./nptl/futex-internal.c:57
#1  __futex_abstimed_wait_common (cancel=true, private=0, abstime=0x0, clockid=0, expected=0, futex_word=0x5906a69ba9d8) at ./nptl/futex-internal.c:87
#2  __GI___futex_abstimed_wait_cancelable64 (futex_word=futex_word@entry=0x5906a69ba9d8, expected=expected@entry=0, clockid=clockid@entry=0, abstime=abstime@entry=0x0, private=private@entry=0) at ./nptl/futex-internal.c:139
#3  0x00007e381ac93a01 in __pthread_cond_wait_common (abstime=0x0, clockid=0, mutex=0x5906a69baa48, cond=0x5906a69ba9b0) at ./nptl/pthread_cond_wait.c:503
#4  ___pthread_cond_wait (cond=0x5906a69ba9b0, mutex=0x5906a69baa48) at ./nptl/pthread_cond_wait.c:627
#5  0x00007e380fa4f995 in eprosima::fastdds::rtps::FlowControllerImpl<eprosima::fastdds::rtps::FlowControllerSyncPublishMode, eprosima::fastdds::rtps::FlowControllerFifoSchedule>::run() () from /opt/ros/humble/lib/libfastrtps.so.2.6
#6  0x00007e381b0dc253 in ?? () from /lib/x86_64-linux-gnu/libstdc++.so.6
#7  0x00007e381ac94a83 in start_thread (arg=<optimized out>) at ./nptl/pthread_create.c:442

Thread 20 (Thread 0x7e3814f43640 (LWP 27116)):
#0  0x00007e381ad18d1f in __GI___poll (fds=0x7e3814f421c8, nfds=1, timeout=-1) at ../sysdeps/unix/sysv/linux/poll.c:29
#1  0x00007e3818ea47e2 in ?? () from /lib/x86_64-linux-gnu/libxcb.so.1
#2  0x00007e3818ea622c in xcb_wait_for_event () from /lib/x86_64-linux-gnu/libxcb.so.1
#3  0x00007e3815d32d08 in ?? () from /lib/x86_64-linux-gnu/libQt5XcbQpa.so.5
#4  0x00007e381b6ccca1 in ?? () from /lib/x86_64-linux-gnu/libQt5Core.so.5
#5  0x00007e381ac94a83 in start_thread (arg=<optimized out>) at ./nptl/pthread_create.c:442
#6  0x00007e381ad268e0 in clone3 () at ../sysdeps/unix/sysv/linux/x86_64/clone3.S:81

Thread 19 (Thread 0x7e380e5fd640 (LWP 27126)):
#0  __futex_abstimed_wait_common64 (private=241156704, cancel=true, abstime=0x7e380e5fc2e0, op=137, expected=0, futex_word=0x5906a6962840) at ./nptl/futex-internal.c:57
#1  __futex_abstimed_wait_common (cancel=true, private=241156704, abstime=0x7e380e5fc2e0, clockid=0, expected=0, futex_word=0x5906a6962840) at ./nptl/futex-internal.c:87
#2  __GI___futex_abstimed_wait_cancelable64 (futex_word=futex_word@entry=0x5906a6962840, expected=expected@entry=0, clockid=clockid@entry=1, abstime=abstime@entry=0x7e380e5fc2e0, private=private@entry=0) at ./nptl/futex-internal.c:139
#3  0x00007e381ac9429d in __pthread_cond_wait_common (abstime=0x7e380e5fc2e0, clockid=1, mutex=0x5906a6962848, cond=0x5906a6962818) at ./nptl/pthread_cond_wait.c:503
#4  ___pthread_cond_clockwait64 (abstime=0x7e380e5fc2e0, clockid=1, mutex=0x5906a6962848, cond=0x5906a6962818) at ./nptl/pthread_cond_wait.c:691
#5  ___pthread_cond_clockwait64 (cond=0x5906a6962818, mutex=0x5906a6962848, clockid=1, abstime=0x7e380e5fc2e0) at ./nptl/pthread_cond_wait.c:679
#6  0x00007e380fadc6d1 in eprosima::fastdds::rtps::SharedMemWatchdog::run() () from /opt/ros/humble/lib/libfastrtps.so.2.6
#7  0x00007e381b0dc253 in ?? () from /lib/x86_64-linux-gnu/libstdc++.so.6

Thread 18 (Thread 0x7e380cdfa640 (LWP 27129)):
#0  0x00007e381ad27814 in __libc_recvfrom (fd=15, buf=0x5906a6983990, len=65500, flags=0, addr=..., addrlen=0x7e380cdf8ea8) at ../sysdeps/unix/sysv/linux/recvfrom.c:27
#1  0x00007e380f930f90 in eprosima::fastdds::rtps::UDPChannelResource::Receive(unsigned char*, unsigned int, unsigned int&, eprosima::fastrtps::rtps::Locator_t&) () from /opt/ros/humble/lib/libfastrtps.so.2.6
#2  0x00007e380f931356 in eprosima::fastdds::rtps::UDPChannelResource::perform_listen_operation(eprosima::fastrtps::rtps::Locator_t) () from /opt/ros/humble/lib/libfastrtps.so.2.6
#3  0x00007e380f92bfdb in ?? () from /opt/ros/humble/lib/libfastrtps.so.2.6
#4  0x00007e381b0dc253 in ?? () from /lib/x86_64-linux-gnu/libstdc++.so.6
#5  0x00007e381ac94a83 in start_thread (arg=<optimized out>) at ./nptl/pthread_create.c:442
#6  0x00007e381ad268e0 in clone3 () at ../sysdeps/unix/sysv/linux/x86_64/clone3.S:81

Thread 17 (Thread 0x7e3808c10640 (LWP 27151)):
#0  __futex_abstimed_wait_common64 (private=0, cancel=true, abstime=0x0, op=393, expected=0, futex_word=0x5906a6daebb8) at ./nptl/futex-internal.c:57
#1  __futex_abstimed_wait_common (cancel=true, private=0, abstime=0x0, clockid=0, expected=0, futex_word=0x5906a6daebb8) at ./nptl/futex-internal.c:87
#2  __GI___futex_abstimed_wait_cancelable64 (futex_word=futex_word@entry=0x5906a6daebb8, expected=expected@entry=0, clockid=clockid@entry=0, abstime=abstime@entry=0x0, private=private@entry=0) at ./nptl/futex-internal.c:139
#3  0x00007e381ac93a01 in __pthread_cond_wait_common (abstime=0x0, clockid=0, mutex=0x5906a6daeb68, cond=0x5906a6daeb90) at ./nptl/pthread_cond_wait.c:503
#4  ___pthread_cond_wait (cond=0x5906a6daeb90, mutex=0x5906a6daeb68) at ./nptl/pthread_cond_wait.c:627
#5  0x00007e37f9f1952d in ?? () from /usr/lib/x86_64-linux-gnu/dri/swrast_dri.so
#6  0x00007e37fa5174f3 in ?? () from /usr/lib/x86_64-linux-gnu/dri/swrast_dri.so
#7  0x00007e37f9f1945b in ?? () from /usr/lib/x86_64-linux-gnu/dri/swrast_dri.so

Thread 16 (Thread 0x7e380c5f9640 (LWP 27130)):
#0  0x00007e381ad27814 in __libc_recvfrom (fd=16, buf=0x5906a6993980, len=65500, flags=0, addr=..., addrlen=0x7e380c5f7ea8) at ../sysdeps/unix/sysv/linux/recvfrom.c:27
#1  0x00007e380f930f90 in eprosima::fastdds::rtps::UDPChannelResource::Receive(unsigned char*, unsigned int, unsigned int&, eprosima::fastrtps::rtps::Locator_t&) () from /opt/ros/humble/lib/libfastrtps.so.2.6
#2  0x00007e380f931356 in eprosima::fastdds::rtps::UDPChannelResource::perform_listen_operation(eprosima::fastrtps::rtps::Locator_t) () from /opt/ros/humble/lib/libfastrtps.so.2.6
#3  0x00007e380f92bfdb in ?? () from /opt/ros/humble/lib/libfastrtps.so.2.6
#4  0x00007e381b0dc253 in ?? () from /lib/x86_64-linux-gnu/libstdc++.so.6
#5  0x00007e381ac94a83 in start_thread (arg=<optimized out>) at ./nptl/pthread_create.c:442
#6  0x00007e381ad268e0 in clone3 () at ../sysdeps/unix/sysv/linux/x86_64/clone3.S:81

Thread 15 (Thread 0x7e37d77fe640 (LWP 27157)):
#0  __futex_abstimed_wait_common64 (private=0, cancel=true, abstime=0x0, op=393, expected=0, futex_word=0x5906a6caaf70) at ./nptl/futex-internal.c:57
#1  __futex_abstimed_wait_common (cancel=true, private=0, abstime=0x0, clockid=0, expected=0, futex_word=0x5906a6caaf70) at ./nptl/futex-internal.c:87
#2  __GI___futex_abstimed_wait_cancelable64 (futex_word=futex_word@entry=0x5906a6caaf70, expected=expected@entry=0, clockid=clockid@entry=0, abstime=abstime@entry=0x0, private=private@entry=0) at ./nptl/futex-internal.c:139
#3  0x00007e381ac93a01 in __pthread_cond_wait_common (abstime=0x0, clockid=0, mutex=0x5906a6caaf20, cond=0x5906a6caaf48) at ./nptl/pthread_cond_wait.c:503
#4  ___pthread_cond_wait (cond=0x5906a6caaf48, mutex=0x5906a6caaf20) at ./nptl/pthread_cond_wait.c:627
#5  0x00007e37f9f1952d in ?? () from /usr/lib/x86_64-linux-gnu/dri/swrast_dri.so
#6  0x00007e37fa513cd3 in ?? () from /usr/lib/x86_64-linux-gnu/dri/swrast_dri.so
#7  0x00007e37f9f1945b in ?? () from /usr/lib/x86_64-linux-gnu/dri/swrast_dri.so

Thread 14 (Thread 0x7e380f5ff640 (LWP 27124)):
#0  __futex_abstimed_wait_common64 (private=0, cancel=true, abstime=0x7e380f5fe2e0, op=137, expected=0, futex_word=0x5906a6970690) at ./nptl/futex-internal.c:57
#1  __futex_abstimed_wait_common (cancel=true, private=0, abstime=0x7e380f5fe2e0, clockid=0, expected=0, futex_word=0x5906a6970690) at ./nptl/futex-internal.c:87
#2  __GI___futex_abstimed_wait_cancelable64 (futex_word=futex_word@entry=0x5906a6970690, expected=expected@entry=0, clockid=clockid@entry=1, abstime=abstime@entry=0x7e380f5fe2e0, private=private@entry=0) at ./nptl/futex-internal.c:139
#3  0x00007e381ac9429d in __pthread_cond_wait_common (abstime=0x7e380f5fe2e0, clockid=1, mutex=0x5906a6970640, cond=0x5906a6970668) at ./nptl/pthread_cond_wait.c:503
#4  ___pthread_cond_clockwait64 (abstime=0x7e380f5fe2e0, clockid=1, mutex=0x5906a6970640, cond=0x5906a6970668) at ./nptl/pthread_cond_wait.c:691
#5  ___pthread_cond_clockwait64 (cond=0x5906a6970668, mutex=0x5906a6970640, clockid=1, abstime=0x7e380f5fe2e0) at ./nptl/pthread_cond_wait.c:679
#6  0x00007e3816ce1839 in ?? () from /lib/x86_64-linux-gnu/libspdlog.so.1
#7  0x00007e381b0dc253 in ?? () from /lib/x86_64-linux-gnu/libstdc++.so.6

Thread 13 (Thread 0x7e37ecfff640 (LWP 27155)):
#0  __futex_abstimed_wait_common64 (private=0, cancel=true, abstime=0x0, op=393, expected=0, futex_word=0x5906a6caaf70) at ./nptl/futex-internal.c:57
#1  __futex_abstimed_wait_common (cancel=true, private=0, abstime=0x0, clockid=0, expected=0, futex_word=0x5906a6caaf70) at ./nptl/futex-internal.c:87
#2  __GI___futex_abstimed_wait_cancelable64 (futex_word=futex_word@entry=0x5906a6caaf70, expected=expected@entry=0, clockid=clockid@entry=0, abstime=abstime@entry=0x0, private=private@entry=0) at ./nptl/futex-internal.c:139
#3  0x00007e381ac93a01 in __pthread_cond_wait_common (abstime=0x0, clockid=0, mutex=0x5906a6caaf20, cond=0x5906a6caaf48) at ./nptl/pthread_cond_wait.c:503
#4  ___pthread_cond_wait (cond=0x5906a6caaf48, mutex=0x5906a6caaf20) at ./nptl/pthread_cond_wait.c:627
#5  0x00007e37f9f1952d in ?? () from /usr/lib/x86_64-linux-gnu/dri/swrast_dri.so
#6  0x00007e37fa513cd3 in ?? () from /usr/lib/x86_64-linux-gnu/dri/swrast_dri.so
#7  0x00007e37f9f1945b in ?? () from /usr/lib/x86_64-linux-gnu/dri/swrast_dri.so

Thread 12 (Thread 0x7e380ddfc640 (LWP 27127)):
#0  __futex_abstimed_wait_common64 (private=-1500056272, cancel=true, abstime=0x7e380ddfb2e0, op=137, expected=0, futex_word=0x5906a696302c) at ./nptl/futex-internal.c:57
#1  __futex_abstimed_wait_common (cancel=true, private=-1500056272, abstime=0x7e380ddfb2e0, clockid=0, expected=0, futex_word=0x5906a696302c) at ./nptl/futex-internal.c:87
#2  __GI___futex_abstimed_wait_cancelable64 (futex_word=futex_word@entry=0x5906a696302c, expected=expected@entry=0, clockid=clockid@entry=1, abstime=abstime@entry=0x7e380ddfb2e0, private=private@entry=0) at ./nptl/futex-internal.c:139
#3  0x00007e381ac9429d in __pthread_cond_wait_common (abstime=0x7e380ddfb2e0, clockid=1, mutex=0x5906a6903c00, cond=0x5906a6963000) at ./nptl/pthread_cond_wait.c:503
#4  ___pthread_cond_clockwait64 (abstime=0x7e380ddfb2e0, clockid=1, mutex=0x5906a6903c00, cond=0x5906a6963000) at ./nptl/pthread_cond_wait.c:691
#5  ___pthread_cond_clockwait64 (cond=0x5906a6963000, mutex=0x5906a6903c00, clockid=1, abstime=0x7e380ddfb2e0) at ./nptl/pthread_cond_wait.c:679
#6  0x00007e380f844821 in eprosima::fastrtps::rtps::ResourceEvent::event_service() () from /opt/ros/humble/lib/libfastrtps.so.2.6
#7  0x00007e381b0dc253 in ?? () from /lib/x86_64-linux-gnu/libstdc++.so.6

Thread 11 (Thread 0x7e38095f3640 (LWP 27136)):
#0  0x00007e381ad18d1f in __GI___poll (fds=0x7e37f40029e0, nfds=3, timeout=-1) at ../sysdeps/unix/sysv/linux/poll.c:29
#1  0x00007e3819975596 in ?? () from /lib/x86_64-linux-gnu/libglib-2.0.so.0
#2  0x00007e381991d433 in g_main_context_iteration () from /lib/x86_64-linux-gnu/libglib-2.0.so.0
#3  0x00007e381b9130b8 in QEventDispatcherGlib::processEvents(QFlags<QEventLoop::ProcessEventsFlag>) () from /lib/x86_64-linux-gnu/libQt5Core.so.5
#4  0x00007e381b8b875b in QEventLoop::exec(QFlags<QEventLoop::ProcessEventsFlag>) () from /lib/x86_64-linux-gnu/libQt5Core.so.5
#5  0x00007e381b6cbaf2 in QThread::exec() () from /lib/x86_64-linux-gnu/libQt5Core.so.5
#6  0x00007e381533af0b in ?? () from /lib/x86_64-linux-gnu/libQt5DBus.so.5
#7  0x00007e381b6ccca1 in ?? () from /lib/x86_64-linux-gnu/libQt5Core.so.5

Thread 10 (Thread 0x7e37d6ffd640 (LWP 27158)):
#0  __futex_abstimed_wait_common64 (private=0, cancel=true, abstime=0x0, op=393, expected=0, futex_word=0x5906a6caaf70) at ./nptl/futex-internal.c:57
#1  __futex_abstimed_wait_common (cancel=true, private=0, abstime=0x0, clockid=0, expected=0, futex_word=0x5906a6caaf70) at ./nptl/futex-internal.c:87
#2  __GI___futex_abstimed_wait_cancelable64 (futex_word=futex_word@entry=0x5906a6caaf70, expected=expected@entry=0, clockid=clockid@entry=0, abstime=abstime@entry=0x0, private=private@entry=0) at ./nptl/futex-internal.c:139
#3  0x00007e381ac93a01 in __pthread_cond_wait_common (abstime=0x0, clockid=0, mutex=0x5906a6caaf20, cond=0x5906a6caaf48) at ./nptl/pthread_cond_wait.c:503
#4  ___pthread_cond_wait (cond=0x5906a6caaf48, mutex=0x5906a6caaf20) at ./nptl/pthread_cond_wait.c:627
#5  0x00007e37f9f1952d in ?? () from /usr/lib/x86_64-linux-gnu/dri/swrast_dri.so
#6  0x00007e37fa513cd3 in ?? () from /usr/lib/x86_64-linux-gnu/dri/swrast_dri.so
#7  0x00007e37f9f1945b in ?? () from /usr/lib/x86_64-linux-gnu/dri/swrast_dri.so

Thread 9 (Thread 0x7e380a5f5640 (LWP 27134)):
#0  __futex_abstimed_wait_common64 (private=0, cancel=true, abstime=0x0, op=393, expected=0, futex_word=0x7e37fc000c04) at ./nptl/futex-internal.c:57
#1  __futex_abstimed_wait_common (cancel=true, private=0, abstime=0x0, clockid=0, expected=0, futex_word=0x7e37fc000c04) at ./nptl/futex-internal.c:87
#2  __GI___futex_abstimed_wait_cancelable64 (futex_word=futex_word@entry=0x7e37fc000c04, expected=expected@entry=0, clockid=clockid@entry=0, abstime=abstime@entry=0x0, private=private@entry=0) at ./nptl/futex-internal.c:139
#3  0x00007e381ac93a01 in __pthread_cond_wait_common (abstime=0x0, clockid=0, mutex=0x7e37fc000bb0, cond=0x7e37fc000bd8) at ./nptl/pthread_cond_wait.c:503
#4  ___pthread_cond_wait (cond=0x7e37fc000bd8, mutex=0x7e37fc000bb0) at ./nptl/pthread_cond_wait.c:627
#5  0x00007e380f9f7cb2 in eprosima::fastdds::dds::detail::WaitSetImpl::wait(std::vector<eprosima::fastdds::dds::Condition*, std::allocator<eprosima::fastdds::dds::Condition*> >&, eprosima::fastrtps::Time_t const&) () from /opt/ros/humble/lib/libfastrtps.so.2.6
#6  0x00007e380f9f7d2a in eprosima::fastdds::dds::WaitSet::wait(std::vector<eprosima::fastdds::dds::Condition*, std::allocator<eprosima::fastdds::dds::Condition*> >&, eprosima::fastrtps::Time_t) const () from /opt/ros/humble/lib/libfastrtps.so.2.6
#7  0x00007e38146b9a44 in rmw_fastrtps_shared_cpp::__rmw_wait(char const*, rmw_subscriptions_s*, rmw_guard_conditions_s*, rmw_services_s*, rmw_clients_s*, rmw_events_s*, rmw_wait_set_s*, rmw_time_s const*) () from /opt/ros/humble/lib/librmw_fastrtps_shared_cpp.so

Thread 8 (Thread 0x7e37f95fe640 (LWP 27153)):
#0  __futex_abstimed_wait_common64 (private=0, cancel=true, abstime=0x0, op=393, expected=0, futex_word=0x5906a6daee78) at ./nptl/futex-internal.c:57
#1  __futex_abstimed_wait_common (cancel=true, private=0, abstime=0x0, clockid=0, expected=0, futex_word=0x5906a6daee78) at ./nptl/futex-internal.c:87
#2  __GI___futex_abstimed_wait_cancelable64 (futex_word=futex_word@entry=0x5906a6daee78, expected=expected@entry=0, clockid=clockid@entry=0, abstime=abstime@entry=0x0, private=private@entry=0) at ./nptl/futex-internal.c:139
#3  0x00007e381ac93a01 in __pthread_cond_wait_common (abstime=0x0, clockid=0, mutex=0x5906a6daee28, cond=0x5906a6daee50) at ./nptl/pthread_cond_wait.c:503
#4  ___pthread_cond_wait (cond=0x5906a6daee50, mutex=0x5906a6daee28) at ./nptl/pthread_cond_wait.c:627
#5  0x00007e37f9f1952d in ?? () from /usr/lib/x86_64-linux-gnu/dri/swrast_dri.so
#6  0x00007e37fa5174f3 in ?? () from /usr/lib/x86_64-linux-gnu/dri/swrast_dri.so
#7  0x00007e37f9f1945b in ?? () from /usr/lib/x86_64-linux-gnu/dri/swrast_dri.so

Thread 7 (Thread 0x7e380b5f7640 (LWP 27132)):
#0  __futex_abstimed_wait_common64 (private=<optimized out>, cancel=true, abstime=0x7e380b5f5c00, op=265, expected=0, futex_word=0x7e38145be110) at ./nptl/futex-internal.c:57
#1  __futex_abstimed_wait_common (cancel=true, private=<optimized out>, abstime=0x7e380b5f5c00, clockid=0, expected=0, futex_word=0x7e38145be110) at ./nptl/futex-internal.c:87
#2  __GI___futex_abstimed_wait_cancelable64 (futex_word=futex_word@entry=0x7e38145be110, expected=expected@entry=0, clockid=clockid@entry=0, abstime=abstime@entry=0x7e380b5f5c00, private=<optimized out>) at ./nptl/futex-internal.c:139
#3  0x00007e381ac9c970 in do_futex_wait (sem=sem@entry=0x7e38145be110, abstime=abstime@entry=0x7e380b5f5c00, clockid=0) at ./nptl/sem_waitcommon.c:111
#4  0x00007e381ac9ca13 in __new_sem_wait_slow64 (sem=0x7e38145be110, abstime=0x7e380b5f5c00, clockid=0) at ./nptl/sem_waitcommon.c:183
#5  0x00007e380fae92ca in ?? () from /opt/ros/humble/lib/libfastrtps.so.2.6
#6  0x00007e380fae9b3c in ?? () from /opt/ros/humble/lib/libfastrtps.so.2.6
#7  0x00007e380fae7317 in eprosima::fastdds::rtps::SharedMemChannelResource::perform_listen_operation(eprosima::fastrtps::rtps::Locator_t) () from /opt/ros/humble/lib/libfastrtps.so.2.6

Thread 6 (Thread 0x7e37d7fff640 (LWP 27156)):
#0  __futex_abstimed_wait_common64 (private=0, cancel=true, abstime=0x0, op=393, expected=0, futex_word=0x5906a6caaf70) at ./nptl/futex-internal.c:57
#1  __futex_abstimed_wait_common (cancel=true, private=0, abstime=0x0, clockid=0, expected=0, futex_word=0x5906a6caaf70) at ./nptl/futex-internal.c:87
#2  __GI___futex_abstimed_wait_cancelable64 (futex_word=futex_word@entry=0x5906a6caaf70, expected=expected@entry=0, clockid=clockid@entry=0, abstime=abstime@entry=0x0, private=private@entry=0) at ./nptl/futex-internal.c:139
#3  0x00007e381ac93a01 in __pthread_cond_wait_common (abstime=0x0, clockid=0, mutex=0x5906a6caaf20, cond=0x5906a6caaf48) at ./nptl/pthread_cond_wait.c:503
#4  ___pthread_cond_wait (cond=0x5906a6caaf48, mutex=0x5906a6caaf20) at ./nptl/pthread_cond_wait.c:627
#5  0x00007e37f9f1952d in ?? () from /usr/lib/x86_64-linux-gnu/dri/swrast_dri.so
#6  0x00007e37fa513cd3 in ?? () from /usr/lib/x86_64-linux-gnu/dri/swrast_dri.so
#7  0x00007e37f9f1945b in ?? () from /usr/lib/x86_64-linux-gnu/dri/swrast_dri.so

Thread 5 (Thread 0x7e37f9dff640 (LWP 27152)):
#0  __futex_abstimed_wait_common64 (private=0, cancel=true, abstime=0x0, op=393, expected=0, futex_word=0x5906a6daed1c) at ./nptl/futex-internal.c:57
#1  __futex_abstimed_wait_common (cancel=true, private=0, abstime=0x0, clockid=0, expected=0, futex_word=0x5906a6daed1c) at ./nptl/futex-internal.c:87
#2  __GI___futex_abstimed_wait_cancelable64 (futex_word=futex_word@entry=0x5906a6daed1c, expected=expected@entry=0, clockid=clockid@entry=0, abstime=abstime@entry=0x0, private=private@entry=0) at ./nptl/futex-internal.c:139
#3  0x00007e381ac93a01 in __pthread_cond_wait_common (abstime=0x0, clockid=0, mutex=0x5906a6daecc8, cond=0x5906a6daecf0) at ./nptl/pthread_cond_wait.c:503
#4  ___pthread_cond_wait (cond=0x5906a6daecf0, mutex=0x5906a6daecc8) at ./nptl/pthread_cond_wait.c:627
#5  0x00007e37f9f1952d in ?? () from /usr/lib/x86_64-linux-gnu/dri/swrast_dri.so
#6  0x00007e37fa5174f3 in ?? () from /usr/lib/x86_64-linux-gnu/dri/swrast_dri.so
#7  0x00007e37f9f1945b in ?? () from /usr/lib/x86_64-linux-gnu/dri/swrast_dri.so

Thread 4 (Thread 0x7e380edfe640 (LWP 27125)):
#0  __futex_abstimed_wait_common64 (private=<optimized out>, cancel=true, abstime=0x0, op=393, expected=0, futex_word=0x5906a6970ba8) at ./nptl/futex-internal.c:57
#1  __futex_abstimed_wait_common (cancel=true, private=<optimized out>, abstime=0x0, clockid=0, expected=0, futex_word=0x5906a6970ba8) at ./nptl/futex-internal.c:87
#2  __GI___futex_abstimed_wait_cancelable64 (futex_word=futex_word@entry=0x5906a6970ba8, expected=expected@entry=0, clockid=clockid@entry=0, abstime=abstime@entry=0x0, private=<optimized out>) at ./nptl/futex-internal.c:139
#3  0x00007e381ac9cb9f in do_futex_wait (sem=sem@entry=0x5906a6970ba8, abstime=0x0, clockid=0) at ./nptl/sem_waitcommon.c:111
#4  0x00007e381ac9cc38 in __new_sem_wait_slow64 (sem=0x5906a6970ba8, abstime=0x0, clockid=0) at ./nptl/sem_waitcommon.c:183
#5  0x00007e381b568742 in rclcpp::SignalHandler::wait_for_signal() () from /opt/ros/humble/lib/librclcpp.so
#6  0x00007e381b5694de in rclcpp::SignalHandler::deferred_signal_handler() () from /opt/ros/humble/lib/librclcpp.so
#7  0x00007e381b0dc253 in ?? () from /lib/x86_64-linux-gnu/libstdc++.so.6

Thread 3 (Thread 0x7e380bdf8640 (LWP 27131)):
#0  0x00007e381ad27814 in __libc_recvfrom (fd=17, buf=0x5906a69a3970, len=65500, flags=0, addr=..., addrlen=0x7e380bdf6ea8) at ../sysdeps/unix/sysv/linux/recvfrom.c:27
#1  0x00007e380f930f90 in eprosima::fastdds::rtps::UDPChannelResource::Receive(unsigned char*, unsigned int, unsigned int&, eprosima::fastrtps::rtps::Locator_t&) () from /opt/ros/humble/lib/libfastrtps.so.2.6
#2  0x00007e380f931356 in eprosima::fastdds::rtps::UDPChannelResource::perform_listen_operation(eprosima::fastrtps::rtps::Locator_t) () from /opt/ros/humble/lib/libfastrtps.so.2.6
#3  0x00007e380f92bfdb in ?? () from /opt/ros/humble/lib/libfastrtps.so.2.6
#4  0x00007e381b0dc253 in ?? () from /lib/x86_64-linux-gnu/libstdc++.so.6
#5  0x00007e381ac94a83 in start_thread (arg=<optimized out>) at ./nptl/pthread_create.c:442
#6  0x00007e381ad268e0 in clone3 () at ../sysdeps/unix/sysv/linux/x86_64/clone3.S:81

Thread 2 (Thread 0x7e380d5fb640 (LWP 27128)):
#0  0x00007e381ad27814 in __libc_recvfrom (fd=14, buf=0x5906a69739a0, len=65500, flags=0, addr=..., addrlen=0x7e380d5f9ea8) at ../sysdeps/unix/sysv/linux/recvfrom.c:27
#1  0x00007e380f930f90 in eprosima::fastdds::rtps::UDPChannelResource::Receive(unsigned char*, unsigned int, unsigned int&, eprosima::fastrtps::rtps::Locator_t&) () from /opt/ros/humble/lib/libfastrtps.so.2.6
#2  0x00007e380f931356 in eprosima::fastdds::rtps::UDPChannelResource::perform_listen_operation(eprosima::fastrtps::rtps::Locator_t) () from /opt/ros/humble/lib/libfastrtps.so.2.6
#3  0x00007e380f92bfdb in ?? () from /opt/ros/humble/lib/libfastrtps.so.2.6
#4  0x00007e381b0dc253 in ?? () from /lib/x86_64-linux-gnu/libstdc++.so.6
#5  0x00007e381ac94a83 in start_thread (arg=<optimized out>) at ./nptl/pthread_create.c:442
#6  0x00007e381ad268e0 in clone3 () at ../sysdeps/unix/sysv/linux/x86_64/clone3.S:81

Thread 1 (Thread 0x7e3816845240 (LWP 27103)):
#0  __pthread_kill_implementation (no_tid=0, signo=6, threadid=138779361038912) at ./nptl/pthread_kill.c:44
#1  __pthread_kill_internal (signo=6, threadid=138779361038912) at ./nptl/pthread_kill.c:78
#2  __GI___pthread_kill (threadid=138779361038912, signo=signo@entry=6) at ./nptl/pthread_kill.c:89
#3  0x00007e381ac42476 in __GI_raise (sig=sig@entry=6) at ../sysdeps/posix/raise.c:26
#4  0x00007e381ac287f3 in __GI_abort () at ./stdlib/abort.c:79
#5  0x00007e381ac89637 in __libc_message (action=action@entry=do_abort, fmt=fmt@entry=0x7e381addbb90 "%s\n") at ../sysdeps/posix/libc_fatal.c:156
#6  0x00007e381aca0cbc in malloc_printerr (str=str@entry=0x7e381add970e "corrupted double-linked list") at ./malloc/malloc.c:5666
#7  0x00007e381aca178c in unlink_chunk (p=p@entry=0x5906a803a390, av=0x7e381ae1ac80 <main_arena>) at ./malloc/malloc.c:1635
