Starting >>> waypoint_generator
Starting >>> sentry_gazebo
Finished <<< waypoint_generator [0.26s]
Starting >>> trajectory_generation
Finished <<< sentry_gazebo [0.37s]
--- stderr: trajectory_generation
/home/liangys/RM_Sentry_2026/ros2_ws/src/trajectory_generation/port/src/reference_path.cpp: In member function ‘void Refenecesmooth::solveTrapezoidalTime()’:
/home/liangys/RM_Sentry_2026/ros2_ws/src/trajectory_generation/port/src/reference_path.cpp:66:22: warning: comparison of integer expressions of different signedness: ‘int’ and ‘std::vector<Eigen::Matrix<double, 2, 1> >::size_type’ {aka ‘long unsigned int’} [-Wsign-compare]
   66 |     for(int i = 0; i < m_global_path.size() - 1; i++)
      |                    ~~^~~~~~~~~~~~~~~~~~~~~~~~~~
/home/liangys/RM_Sentry_2026/ros2_ws/src/trajectory_generation/port/src/reference_path.cpp:83:29: warning: variable ‘sample_index’ set but not used [-Wunused-but-set-variable]
   83 |             Eigen::Vector3i sample_index = global_map->coord2gridIndex(sample_point);
      |                             ^~~~~~~~~~~~
/home/liangys/RM_Sentry_2026/ros2_ws/src/trajectory_generation/port/src/reference_path.cpp: In member function ‘void Refenecesmooth::getSegmentIndex(double, int&, double&)’:
/home/liangys/RM_Sentry_2026/ros2_ws/src/trajectory_generation/port/src/reference_path.cpp:373:23: warning: comparison of integer expressions of different signedness: ‘int’ and ‘std::vector<double, std::allocator<double> >::size_type’ {aka ‘long unsigned int’} [-Wsign-compare]
  373 |     for (int i = 0; i < m_trapezoidal_time.size(); i++) {
      |                     ~~^~~~~~~~~~~~~~~~~~~~~~~~~~~
---
Finished <<< trajectory_generation [28.5s]
Starting >>> sentry_bringup
Finished <<< sentry_bringup [0.10s]

Summary: 4 packages finished [29.2s]
  1 package had stderr output: trajectory_generation
