[0.309s] WARNING:colcon.colcon_core.package_selection:Some selected packages are already built in one or more underlay workspaces:
	'trajectory_generation' is in: /home/liangys/RM_Sentry_2026/ros2_ws/install_closure_fix/trajectory_generation
If a package in a merged underlay workspace is overridden and it installs headers, then all packages in the overlay must sort their include directories by workspace order. Failure to do so may result in build failures or undefined behavior at run time.
If the overridden package is used by another package in any underlay, then the overriding package in the overlay must be API and ABI compatible or undefined behavior at run time may occur.

If you understand the risks and want to override a package anyways, add the following to the command line:
	--allow-overriding trajectory_generation

This may be promoted to an error in a future release of colcon-override-check.
Starting >>> trajectory_generation
--- stderr: trajectory_generation
/home/liangys/RM_Sentry_2026/ros2_ws/src/trajectory_generation/port/src/TopoSearch.cpp: In member function ‘void TopoSearcher::init(ros::NodeHandle&, std::shared_ptr<GlobalMap>&)’:
/home/liangys/RM_Sentry_2026/ros2_ws/src/trajectory_generation/port/src/TopoSearch.cpp:7:42: warning: unused parameter ‘nh’ [-Wunused-parameter]
    7 | void TopoSearcher::init(ros::NodeHandle &nh, std::shared_ptr<GlobalMap> &_global_map)
      |                         ~~~~~~~~~~~~~~~~~^~
/home/liangys/RM_Sentry_2026/ros2_ws/src/trajectory_generation/port/src/TopoSearch.cpp: In member function ‘void TopoSearcher::createLocalGraph(Eigen::Vector3d, Eigen::Vector3d, bool)’:
/home/liangys/RM_Sentry_2026/ros2_ws/src/trajectory_generation/port/src/TopoSearch.cpp:25:21: warning: comparison of integer expressions of different signedness: ‘int’ and ‘std::vector<std::shared_ptr<GraphNode> >::size_type’ {aka ‘long unsigned int’} [-Wsign-compare]
   25 |     for(int i = 0; i<m_graph.size(); i++){  /// 注意shared_ptr引用计数问题
      |                    ~^~~~~~~~~~~~~~~
/home/liangys/RM_Sentry_2026/ros2_ws/src/trajectory_generation/port/src/TopoSearch.cpp:61:22: warning: comparison of integer expressions of different signedness: ‘int’ and ‘std::vector<Eigen::Matrix<double, 3, 1> >::size_type’ {aka ‘long unsigned int’} [-Wsign-compare]
   61 |     for(int i = 0; i < global_map->topo_keypoint.size(); i++)  // 只对关键点(路口点)进行采样
      |                    ~~^~~~~~~~~~~~~~~~~~~~~~~~~~~~~~~~~~
/home/liangys/RM_Sentry_2026/ros2_ws/src/trajectory_generation/port/src/TopoSearch.cpp: In member function ‘void TopoSearcher::createGraph(Eigen::Vector3d, Eigen::Vector3d)’:
/home/liangys/RM_Sentry_2026/ros2_ws/src/trajectory_generation/port/src/TopoSearch.cpp:238:21: warning: comparison of integer expressions of different signedness: ‘int’ and ‘std::vector<std::shared_ptr<GraphNode> >::size_type’ {aka ‘long unsigned int’} [-Wsign-compare]
  238 |     for(int i = 0; i<m_graph.size(); i++)
      |                    ~^~~~~~~~~~~~~~~
/home/liangys/RM_Sentry_2026/ros2_ws/src/trajectory_generation/port/src/TopoSearch.cpp:261:22: warning: comparison of integer expressions of different signedness: ‘int’ and ‘std::vector<Eigen::Matrix<double, 3, 1> >::size_type’ {aka ‘long unsigned int’} [-Wsign-compare]
  261 |     for(int i = 0; i < global_map->topo_keypoint.size(); i++)  // 只对关键点(路口点)进行采样
      |                    ~~^~~~~~~~~~~~~~~~~~~~~~~~~~~~~~~~~~
In file included from /home/liangys/RM_Sentry_2026/ros2_ws/src/trajectory_generation/port/include/trajectory_generation/TopoSearch.h:11,
                 from /home/liangys/RM_Sentry_2026/ros2_ws/src/trajectory_generation/port/src/TopoSearch.cpp:5:
/home/liangys/RM_Sentry_2026/ros2_ws/src/trajectory_generation/port/src/TopoSearch.cpp:286:15: warning: format ‘%d’ expects argument of type ‘int’, but argument 3 has type ‘std::vector<std::shared_ptr<GraphNode> >::size_type’ {aka ‘long unsigned int’} [-Wformat=]
  286 |     ROS_DEBUG("[Topo]: m_graph before num: %d", m_graph.size());
      |               ^~~~~~~~~~~~~~~~~~~~~~~~~~~~~~~~  ~~~~~~~~~~~~~~
      |                                                             |
      |                                                             std::vector<std::shared_ptr<GraphNode> >::size_type {aka long unsigned int}
/home/liangys/RM_Sentry_2026/ros2_ws/src/trajectory_generation/port/include/trajectory_generation/ros1_compat.hpp:159:45: note: in definition of macro ‘ROS_DEBUG’
  159 | #define ROS_DEBUG(...) std::fprintf(stderr, __VA_ARGS__), std::fprintf(stderr, "\n")
      |                                             ^~~~~~~~~~~
/home/liangys/RM_Sentry_2026/ros2_ws/src/trajectory_generation/port/src/TopoSearch.cpp:286:45: note: format string is defined here
  286 |     ROS_DEBUG("[Topo]: m_graph before num: %d", m_graph.size());
      |                                            ~^
      |                                             |
      |                                             int
      |                                            %ld
In file included from /home/liangys/RM_Sentry_2026/ros2_ws/src/trajectory_generation/port/include/trajectory_generation/TopoSearch.h:11,
                 from /home/liangys/RM_Sentry_2026/ros2_ws/src/trajectory_generation/port/src/TopoSearch.cpp:5:
/home/liangys/RM_Sentry_2026/ros2_ws/src/trajectory_generation/port/src/TopoSearch.cpp:452:15: warning: format ‘%d’ expects argument of type ‘int’, but argument 3 has type ‘std::vector<std::shared_ptr<GraphNode> >::size_type’ {aka ‘long unsigned int’} [-Wformat=]
  452 |     ROS_DEBUG("[Topo]: m_graph num: %d", m_graph.size());
      |               ^~~~~~~~~~~~~~~~~~~~~~~~~  ~~~~~~~~~~~~~~
      |                                                      |
      |                                                      std::vector<std::shared_ptr<GraphNode> >::size_type {aka long unsigned int}
/home/liangys/RM_Sentry_2026/ros2_ws/src/trajectory_generation/port/include/trajectory_generation/ros1_compat.hpp:159:45: note: in definition of macro ‘ROS_DEBUG’
  159 | #define ROS_DEBUG(...) std::fprintf(stderr, __VA_ARGS__), std::fprintf(stderr, "\n")
      |                                             ^~~~~~~~~~~
/home/liangys/RM_Sentry_2026/ros2_ws/src/trajectory_generation/port/src/TopoSearch.cpp:452:38: note: format string is defined here
  452 |     ROS_DEBUG("[Topo]: m_graph num: %d", m_graph.size());
      |                                     ~^
      |                                      |
      |                                      int
      |                                     %ld
/home/liangys/RM_Sentry_2026/ros2_ws/src/trajectory_generation/port/src/TopoSearch.cpp: In member function ‘void TopoSearcher::DijkstraSearch(int)’:
/home/liangys/RM_Sentry_2026/ros2_ws/src/trajectory_generation/port/src/TopoSearch.cpp:475:23: warning: comparison of integer expressions of different signedness: ‘int’ and ‘std::vector<std::shared_ptr<GraphNode> >::size_type’ {aka ‘long unsigned int’} [-Wsign-compare]
  475 |     for (int i = 0; i < m_graph.size(); i++) { // 遍历所有节点
      |                     ~~^~~~~~~~~~~~~~~~
/home/liangys/RM_Sentry_2026/ros2_ws/src/trajectory_generation/port/src/TopoSearch.cpp:482:25: warning: comparison of integer expressions of different signedness: ‘int’ and ‘std::vector<std::shared_ptr<GraphNode> >::size_type’ {aka ‘long unsigned int’} [-Wsign-compare]
  482 |         for(int j = 0; j<m_graph.size(); j++){
      |                        ~^~~~~~~~~~~~~~~
/home/liangys/RM_Sentry_2026/ros2_ws/src/trajectory_generation/port/src/TopoSearch.cpp:506:25: warning: comparison of integer expressions of different signedness: ‘int’ and ‘std::vector<std::shared_ptr<GraphNode> >::size_type’ {aka ‘long unsigned int’} [-Wsign-compare]
  506 |         for(int j = 0; j<m_graph[cur_id]->neighbors.size(); j++){
      |                        ~^~~~~~~~~~~~~~~~~~~~~~~~~~~~~~~~~~
/home/liangys/RM_Sentry_2026/ros2_ws/src/trajectory_generation/port/src/TopoSearch.cpp:478:13: warning: variable ‘index’ set but not used [-Wunused-but-set-variable]
  478 |         int index = -1;
      |             ^~~~~
/home/liangys/RM_Sentry_2026/ros2_ws/src/trajectory_generation/port/src/TopoSearch.cpp: In member function ‘void TopoSearcher::depthFirstSearch(std::vector<std::shared_ptr<GraphNode> >&)’:
/home/liangys/RM_Sentry_2026/ros2_ws/src/trajectory_generation/port/src/TopoSearch.cpp:540:22: warning: comparison of integer expressions of different signedness: ‘int’ and ‘std::vector<std::shared_ptr<GraphNode> >::size_type’ {aka ‘long unsigned int’} [-Wsign-compare]
  540 |     for(int i = 0; i < cur->neighbors.size(); ++i){
      |                    ~~^~~~~~~~~~~~~~~~~~~~~~~
/home/liangys/RM_Sentry_2026/ros2_ws/src/trajectory_generation/port/src/TopoSearch.cpp:548:31: warning: comparison of integer expressions of different signedness: ‘int’ and ‘std::vector<std::shared_ptr<GraphNode> >::size_type’ {aka ‘long unsigned int’} [-Wsign-compare]
  548 |             for (int j = 0; j < vis.size(); ++j){
      |                             ~~^~~~~~~~~~~~
/home/liangys/RM_Sentry_2026/ros2_ws/src/trajectory_generation/port/src/TopoSearch.cpp:558:23: warning: comparison of integer expressions of different signedness: ‘int’ and ‘std::vector<std::shared_ptr<GraphNode> >::size_type’ {aka ‘long unsigned int’} [-Wsign-compare]
  558 |     for (int i = 0; i < cur->neighbors.size(); ++i) {
      |                     ~~^~~~~~~~~~~~~~~~~~~~~~~
/home/liangys/RM_Sentry_2026/ros2_ws/src/trajectory_generation/port/src/TopoSearch.cpp:563:27: warning: comparison of integer expressions of different signedness: ‘int’ and ‘std::vector<std::shared_ptr<GraphNode> >::size_type’ {aka ‘long unsigned int’} [-Wsign-compare]
  563 |         for (int j = 0; j < vis.size(); ++j) {
      |                         ~~^~~~~~~~~~~~
/home/liangys/RM_Sentry_2026/ros2_ws/src/trajectory_generation/port/src/TopoSearch.cpp: In member function ‘bool TopoSearcher::heightFeasible(const Vector3d&, const Vector3d&, int&, double, double)’:
/home/liangys/RM_Sentry_2026/ros2_ws/src/trajectory_generation/port/src/TopoSearch.cpp:624:12: warning: unused variable ‘distance_thresh’ [-Wunused-variable]
  624 |     double distance_thresh;
      |            ^~~~~~~~~~~~~~~
/home/liangys/RM_Sentry_2026/ros2_ws/src/trajectory_generation/port/src/TopoSearch.cpp:635:12: warning: unused variable ‘z_offset’ [-Wunused-variable]
  635 |     double z_offset = p1.z() - p2.z();
      |            ^~~~~~~~
/home/liangys/RM_Sentry_2026/ros2_ws/src/trajectory_generation/port/src/TopoSearch.cpp: In member function ‘void TopoSearcher::checkDistanceFinalPath()’:
/home/liangys/RM_Sentry_2026/ros2_ws/src/trajectory_generation/port/src/TopoSearch.cpp:697:22: warning: comparison of integer expressions of different signedness: ‘int’ and ‘std::vector<std::vector<Eigen::Matrix<double, 3, 1> > >::size_type’ {aka ‘long unsigned int’} [-Wsign-compare]
  697 |     for(int i = 0; i < raw_paths.size(); i++){
      |                    ~~^~~~~~~~~~~~~~~~~~
In file included from /home/liangys/RM_Sentry_2026/ros2_ws/src/trajectory_generation/port/include/trajectory_generation/path_smooth.h:9,
                 from /home/liangys/RM_Sentry_2026/ros2_ws/src/trajectory_generation/port/include/trajectory_generation/plan_manager.h:16,
                 from /home/liangys/RM_Sentry_2026/ros2_ws/src/trajectory_generation/port/src/plan_manager.cpp:4:
/home/liangys/RM_Sentry_2026/ros2_ws/src/trajectory_generation/port/include/trajectory_generation/root_solver/minco_trajectory.hpp: In member function ‘void MincoTrajectory::getGradTimes(Eigen::VectorXd&) const’:
/home/liangys/RM_Sentry_2026/ros2_ws/src/trajectory_generation/port/include/trajectory_generation/root_solver/minco_trajectory.hpp:258:26: warning: unused variable ‘Ti4’ [-Wunused-variable]
  258 |             const double Ti4 = Ti3 * Ti;
      |                          ^~~
/home/liangys/RM_Sentry_2026/ros2_ws/src/trajectory_generation/port/src/TopoSearch.cpp: In member function ‘std::vector<std::shared_ptr<GraphNode> > TopoSearcher::findMinVisibGuard(Eigen::Vector3d, int&)’:
/home/liangys/RM_Sentry_2026/ros2_ws/src/trajectory_generation/port/src/TopoSearch.cpp:833:9: warning: unused variable ‘visib_num’ [-Wunused-variable]
  833 |     int visib_num = 0;
      |         ^~~~~~~~~
/home/liangys/RM_Sentry_2026/ros2_ws/src/trajectory_generation/port/src/TopoSearch.cpp:825:86: warning: unused parameter ‘exist_unvisiual’ [-Wunused-parameter]
  825 | std::vector<GraphNode::Ptr> TopoSearcher::findMinVisibGuard(Eigen::Vector3d pt, int &exist_unvisiual){
      |                                                                                 ~~~~~^~~~~~~~~~~~~~~
/home/liangys/RM_Sentry_2026/ros2_ws/src/trajectory_generation/port/src/TopoSearch.cpp: In member function ‘bool TopoSearcher::needConnection(GraphNode::Ptr, GraphNode::Ptr, Eigen::Vector3d)’:
/home/liangys/RM_Sentry_2026/ros2_ws/src/trajectory_generation/port/src/TopoSearch.cpp:917:22: warning: comparison of integer expressions of different signedness: ‘int’ and ‘std::vector<std::shared_ptr<GraphNode> >::size_type’ {aka ‘long unsigned int’} [-Wsign-compare]
  917 |     for(int i = 0; i < g1->neighbors.size(); i++){
      |                    ~~^~~~~~~~~~~~~~~~~~~~~~
/home/liangys/RM_Sentry_2026/ros2_ws/src/trajectory_generation/port/src/TopoSearch.cpp:918:26: warning: comparison of integer expressions of different signedness: ‘int’ and ‘std::vector<std::shared_ptr<GraphNode> >::size_type’ {aka ‘long unsigned int’} [-Wsign-compare]
  918 |         for(int j = 0; j < g2->neighbors.size(); j++){
      |                        ~~^~~~~~~~~~~~~~~~~~~~~~
/home/liangys/RM_Sentry_2026/ros2_ws/src/trajectory_generation/port/src/TopoSearch.cpp:911:89: warning: unused parameter ‘pt’ [-Wunused-parameter]
  911 | bool TopoSearcher::needConnection(GraphNode::Ptr g1, GraphNode::Ptr g2, Eigen::Vector3d pt)
      |                                                                         ~~~~~~~~~~~~~~~~^~
/home/liangys/RM_Sentry_2026/ros2_ws/src/trajectory_generation/port/src/TopoSearch.cpp: In member function ‘bool TopoSearcher::lineVisib(const Vector3d&, const Vector3d&, double, Eigen::Vector3d&, int)’:
/home/liangys/RM_Sentry_2026/ros2_ws/src/trajectory_generation/port/src/TopoSearch.cpp:981:12: warning: variable ‘distance_thresh’ set but not used [-Wunused-but-set-variable]
  981 |     double distance_thresh;
      |            ^~~~~~~~~~~~~~~
/home/liangys/RM_Sentry_2026/ros2_ws/src/trajectory_generation/port/src/TopoSearch.cpp:977:116: warning: unused parameter ‘pc’ [-Wunused-parameter]
  977 | bool TopoSearcher::lineVisib(const Eigen::Vector3d& p1, const Eigen::Vector3d& p2, double thresh, Eigen::Vector3d& pc, int caster_id)
      |                                                                                                   ~~~~~~~~~~~~~~~~~^~
/home/liangys/RM_Sentry_2026/ros2_ws/src/trajectory_generation/port/src/TopoSearch.cpp: In member function ‘double TopoSearcher::pathLength(const std::vector<Eigen::Matrix<double, 3, 1> >&)’:
/home/liangys/RM_Sentry_2026/ros2_ws/src/trajectory_generation/port/src/TopoSearch.cpp:1043:23: warning: comparison of integer expressions of different signedness: ‘int’ and ‘std::vector<Eigen::Matrix<double, 3, 1> >::size_type’ {aka ‘long unsigned int’} [-Wsign-compare]
 1043 |     for (int i = 0; i < path.size() - 1; ++i) {
      |                     ~~^~~~~~~~~~~~~~~~~
In file included from /home/liangys/RM_Sentry_2026/ros2_ws/src/trajectory_generation/port/include/trajectory_generation/plan_manager.h:4,
                 from /home/liangys/RM_Sentry_2026/ros2_ws/src/trajectory_generation/port/src/plan_manager.cpp:4:
/home/liangys/RM_Sentry_2026/ros2_ws/src/trajectory_generation/port/src/plan_manager.cpp: In member function ‘bool planner_manager::replanFinding(Eigen::Vector3d, Eigen::Vector3d, Eigen::Vector3d)’:
/home/liangys/RM_Sentry_2026/ros2_ws/src/trajectory_generation/port/src/plan_manager.cpp:120:26: warning: format ‘%d’ expects argument of type ‘int’, but argument 3 has type ‘std::vector<Eigen::Matrix<double, 3, 1> >::size_type’ {aka ‘long unsigned int’} [-Wformat=]
  120 |                 ROS_INFO("[Manager REPLAN] optimized path size is %d", optimized_path.size());
      |                          ^~~~~~~~~~~~~~~~~~~~~~~~~~~~~~~~~~~~~~~~~~~~  ~~~~~~~~~~~~~~~~~~~~~
      |                                                                                           |
      |                                                                                           std::vector<Eigen::Matrix<double, 3, 1> >::size_type {aka long unsigned int}
/home/liangys/RM_Sentry_2026/ros2_ws/src/trajectory_generation/port/include/trajectory_generation/ros1_compat.hpp:155:44: note: in definition of macro ‘ROS_INFO’
  155 | #define ROS_INFO(...) std::fprintf(stderr, __VA_ARGS__), std::fprintf(stderr, "\n")
      |                                            ^~~~~~~~~~~
/home/liangys/RM_Sentry_2026/ros2_ws/src/trajectory_generation/port/src/plan_manager.cpp:120:68: note: format string is defined here
  120 |                 ROS_INFO("[Manager REPLAN] optimized path size is %d", optimized_path.size());
      |                                                                   ~^
      |                                                                    |
      |                                                                    int
      |                                                                   %ld
In file included from /home/liangys/RM_Sentry_2026/ros2_ws/src/trajectory_generation/port/include/trajectory_generation/plan_manager.h:4,
                 from /home/liangys/RM_Sentry_2026/ros2_ws/src/trajectory_generation/port/src/plan_manager.cpp:4:
/home/liangys/RM_Sentry_2026/ros2_ws/src/trajectory_generation/port/src/plan_manager.cpp: In member function ‘std::vector<Eigen::Matrix<double, 3, 1> > planner_manager::localPathFinding(Eigen::Vector3d, Eigen::Vector3d)’:
/home/liangys/RM_Sentry_2026/ros2_ws/src/trajectory_generation/port/src/plan_manager.cpp:360:19: warning: format ‘%d’ expects argument of type ‘int’, but argument 3 has type ‘std::vector<Eigen::Matrix<double, 3, 1> >::size_type’ {aka ‘long unsigned int’} [-Wformat=]
  360 |         ROS_DEBUG("[Manager Local] local path find! size is %d", topo_prm->min_path.size());
      |                   ^~~~~~~~~~~~~~~~~~~~~~~~~~~~~~~~~~~~~~~~~~~~~  ~~~~~~~~~~~~~~~~~~~~~~~~~
      |                                                                                         |
      |                                                                                         std::vector<Eigen::Matrix<double, 3, 1> >::size_type {aka long unsigned int}
/home/liangys/RM_Sentry_2026/ros2_ws/src/trajectory_generation/port/include/trajectory_generation/ros1_compat.hpp:159:45: note: in definition of macro ‘ROS_DEBUG’
  159 | #define ROS_DEBUG(...) std::fprintf(stderr, __VA_ARGS__), std::fprintf(stderr, "\n")
      |                                             ^~~~~~~~~~~
/home/liangys/RM_Sentry_2026/ros2_ws/src/trajectory_generation/port/src/plan_manager.cpp:360:62: note: format string is defined here
  360 |         ROS_DEBUG("[Manager Local] local path find! size is %d", topo_prm->min_path.size());
      |                                                             ~^
      |                                                              |
      |                                                              int
      |                                                             %ld
---
Finished <<< trajectory_generation [13.7s]
Starting >>> sentry_gazebo
[13.978s] WARNING:colcon.colcon_core.shell:The following packages are in the workspace but haven't been built:
- blasfeo_catkin
- ocs2_thirdparty
- sentry_msgs
- ocs2_core
- ocs2_oc
- hpipm_catkin
- ocs2_mpc
- ocs2_sqp
They are being used from the following locations instead:
- /home/liangys/RM_Sentry_2026/ros2_ws/install_closure_fix/blasfeo_catkin
- /home/liangys/RM_Sentry_2026/ros2_ws/install_closure_fix/ocs2_thirdparty
- /home/liangys/RM_Sentry_2026/ros2_ws/install_closure_fix/sentry_msgs
- /home/liangys/RM_Sentry_2026/ros2_ws/install_closure_fix/ocs2_core
- /home/liangys/RM_Sentry_2026/ros2_ws/install_closure_fix/ocs2_oc
- /home/liangys/RM_Sentry_2026/ros2_ws/install_closure_fix/hpipm_catkin
- /home/liangys/RM_Sentry_2026/ros2_ws/install_closure_fix/ocs2_mpc
- /home/liangys/RM_Sentry_2026/ros2_ws/install_closure_fix/ocs2_sqp
To suppress this warning ignore these packages in the workspace:
--packages-ignore blasfeo_catkin ocs2_thirdparty sentry_msgs ocs2_core ocs2_oc hpipm_catkin ocs2_mpc ocs2_sqp
Finished <<< sentry_gazebo [0.12s]

Summary: 2 packages finished [14.0s]
  1 package had stderr output: trajectory_generation
