Starting >>> sentry_gazebo
[0.348s] WARNING:colcon.colcon_core.shell:The following packages are in the workspace but haven't been built:
- blasfeo_catkin
- ocs2_thirdparty
- sentry_msgs
- ocs2_core
- ocs2_oc
- hpipm_catkin
- ocs2_mpc
- ocs2_sqp
They are being used from the following locations instead:
- /home/liangys/RM_Sentry_2026/ros2_ws/install_closure_fix/blasfeo_catkin
- /home/liangys/RM_Sentry_2026/ros2_ws/install_closure_fix/ocs2_thirdparty
- /home/liangys/RM_Sentry_2026/ros2_ws/install_closure_fix/sentry_msgs
- /home/liangys/RM_Sentry_2026/ros2_ws/install_closure_fix/ocs2_core
- /home/liangys/RM_Sentry_2026/ros2_ws/install_closure_fix/ocs2_oc
- /home/liangys/RM_Sentry_2026/ros2_ws/install_closure_fix/hpipm_catkin
- /home/liangys/RM_Sentry_2026/ros2_ws/install_closure_fix/ocs2_mpc
- /home/liangys/RM_Sentry_2026/ros2_ws/install_closure_fix/ocs2_sqp
To suppress this warning ignore these packages in the workspace:
--packages-ignore blasfeo_catkin ocs2_thirdparty sentry_msgs ocs2_core ocs2_oc hpipm_catkin ocs2_mpc ocs2_sqp
Finished <<< sentry_gazebo [9.93s]

Summary: 1 package finished [10.2s]
