Running main() from /opt/ros/humble/src/gtest_vendor/src/gtest_main.cc
[==========] Running 9 tests from 2 test suites.
[----------] Global test environment set-up.
[----------] 3 tests from LegacyPlanningTest
[ RUN      ] LegacyPlanningTest.ConvertsMapCoordinatesAndBuildsTopoPath
[Manager Init] map/file_path: 
[Manager Init] map/occ_file_path: /home/liangys/RM_Sentry_2026/ros2_ws/src/trajectory_generation/map/occfinal.png
[Manager Init] map/bev_file_path: /home/liangys/RM_Sentry_2026/ros2_ws/src/trajectory_generation/map/bevfinal.png
[Manager Init] map/distance_map_file_path: /home/liangys/RM_Sentry_2026/ros2_ws/src/trajectory_generation/map/occtopo.png
m_height_bias: 0.0152941 m_height_interval: 1.5 m_height_threshold: 0.08 height_sencond_high_threshold: 0.2
map swell done
second_heights_points: 10
[Map Build] bev build done
xmax: 0.781 xmin: -0.719 ymax: -3.154 ymin: -5.354
R.rows 400 R.cols 400
start topo sample map
[GridMap] topo_sample_map size: 185
[GridMap] topo_keypoint size: 1603
[Manager] start point, (x, y): (-3.82, 2.40)
[Manager] receive target, (x, y): (-1.35, -4.20)
[Topo]: m_graph before num: 1605
[Topo]: dijkstra time: 0.018139
[Topo]: topo search time: 0.247378
[Topo]: m_graph num: 2560
[DIAG] origin_path (Dijkstra) size: 4
[DIAG]   origin[0]: (-3.820, 2.400, 0.015)
[DIAG]   origin[1]: (-4.219, 1.896, 0.015)
[DIAG]   origin[2]: (-4.700, -1.100, 0.015)
[DIAG]   origin[3]: (-1.350, -4.200, 0.015)
[DIAG] lineVisib(start→end DIRECT): false  colli=(-3.47,1.45)
[DIAG] direct line: 140 steps, 61 wall cells
[smoothTopoPath] INPUT size=4
[smoothTopoPath]   in[0]: (-3.820, 2.400, 0.015)
[smoothTopoPath]   in[1]: (-4.219, 1.896, 0.015)
[smoothTopoPath]   in[2]: (-4.700, -1.100, 0.015)
[smoothTopoPath]   in[3]: (-1.350, -4.200, 0.015)
[smoothTopoPath] lineVisib(start→end): false  colli=(-3.47,1.45)
[smoothTopoPath] OUTPUT size=4, iter_count=3
[smoothTopoPath]   out[0]: (-3.820, 2.400, 0.015)
[smoothTopoPath]   out[1]: (-4.767, 0.356, 0.015)
[smoothTopoPath]   out[2]: (-4.625, -1.510, 0.015)
[smoothTopoPath]   out[3]: (-1.350, -4.200, 0.015)
[DIAG] optimized_path (smoothTopoPath) size: 4
[DIAG]   opt[0]: (-3.820, 2.400, 0.015)
[DIAG]   opt[1]: (-4.767, 0.356, 0.015)
[DIAG]   opt[2]: (-4.625, -1.510, 0.015)
[DIAG]   opt[3]: (-1.350, -4.200, 0.015)
optimized_path size: 4
[Manager] reference_speed: (2.00)
[LBFGS] search direction d: -0.000432735   0.00239313   0.00463022   0.00335497   0.00234649  0.000553413  -0.00539864  -0.00580377 -0.000573264   0.00223587  -0.00104924  -0.00226912   0.00289499   0.00632402 -0.000223389  -0.00682607  -0.00269381    0.0061726   0.00463828  -0.00373031  -0.00728009  -0.00238991   0.00353461    0.0091608    0.0117348   0.00723845   0.00134294   0.00118807   0.00631599    0.0122585    0.0115586   0.00490588  -0.00277705  -0.00239726   0.00192155   0.00686799   0.00374846  -0.00196472  -0.00805583  -0.00576321   0.00127241   0.00682446   0.00213921  -0.00331378  -0.00375171  -0.00215061   0.00131233   0.00668225   0.00530499  -0.00459475   -0.0104877  -0.00827751  -0.00385876 -0.000564387   0.00875959   0.00832184   0.00654503   0.00336424  0.000510081 -0.000328857 -4.98948e-06  0.000261714  0.000445364    0.0051488  -0.00136313 -0.000972782  0.000154088  0.000982478   0.00140604   0.00060558 -0.000482869 -0.000529568  0.000746929    0.0015803   0.00106281 -0.000148334 -0.000832004  5.62321e-05   0.00326535   0.00683731   0.00852304   0.00728986
[Smooth Optimize] MINCO reaches max evaluations: Line search reaches the maximum try number, assumptions not satisfied or precision not achievable.
[Smooth Optimize] MINCO: cost=81.8 total_T=4.225(init 4.167) max_drift=0.297 max_vel=3.0 segs=28
[Smooth Resample] resample
[Smooth Resample] 29 -> 15 waypoints, 14 time segs, max_turn=21.9 deg
[Manager] optimizer generate time: 0.005023
[Reference] path size : 15
[Reference] solvePolyMatrix ENTER: N=14, path_size=15, trap_time_size=14
[Reference]   path[0]=(-3.8200,2.4000) path[1]=(-3.9467,2.1114) t[0]=0.319699 state_vel=(0.0000,0.0000)
[Reference] banded solve done. b[0]=-1.674006 b[N]=-3.240396 b2[0]=-4.507015 b2[N]=2.580147
[Reference] solvePolyMatrix EXIT: polyX[0]=[-1.258335 -0.837003 -0.000000 -3.820000]
[Reference] solvePolyMatrix ENTER: N=14, path_size=15, trap_time_size=14
[Reference]   path[0]=(-3.8200,2.4000) path[1]=(-3.9467,2.1114) t[0]=0.351669 state_vel=(0.0000,0.0000)
[Reference] banded solve done. b[0]=-1.383259 b[N]=-2.687267 b2[0]=-3.725390 b2[N]=2.140232
[Reference] solvePolyMatrix EXIT: polyX[0]=[-0.945715 -0.691629 0.000000 -3.820000]
[Reference] solvePolyMatrix ENTER: N=14, path_size=15, trap_time_size=14
[Reference]   path[0]=(-3.8200,2.4000) path[1]=(-3.9467,2.1114) t[0]=0.386836 state_vel=(0.0000,0.0000)
[Reference] banded solve done. b[0]=-1.142983 b[N]=-2.205653 b2[0]=-3.079418 b2[N]=1.755525
[Reference] solvePolyMatrix EXIT: polyX[0]=[-0.710796 -0.571491 -0.000000 -3.820000]
[Reference] solvePolyMatrix ENTER: N=14, path_size=15, trap_time_size=14
[Reference]   path[0]=(-3.8200,2.4000) path[1]=(-3.9467,2.1114) t[0]=0.425519 state_vel=(0.0000,0.0000)
[Reference] banded solve done. b[0]=-0.942608 b[N]=-1.807276 b2[0]=-2.531564 b2[N]=1.437409
[Reference] solvePolyMatrix EXIT: polyX[0]=[-0.536389 -0.471304 0.000000 -3.820000]
[Reference] solvePolyMatrix ENTER: N=14, path_size=15, trap_time_size=14
[Reference]   path[0]=(-3.8200,2.4000) path[1]=(-3.9467,2.1114) t[0]=0.468071 state_vel=(0.0000,0.0000)
[Reference] banded solve done. b[0]=-0.776596 b[N]=-1.477972 b2[0]=-2.078511 b2[N]=1.174512
[Reference] solvePolyMatrix EXIT: polyX[0]=[-0.405581 -0.388298 0.000000 -3.820000]
[Reference] solvePolyMatrix ENTER: N=14, path_size=15, trap_time_size=14
[Reference]   path[0]=(-3.8200,2.4000) path[1]=(-3.9467,2.1114) t[0]=0.514879 state_vel=(0.0000,0.0000)
[Reference] banded solve done. b[0]=-0.639107 b[N]=-1.205979 b2[0]=-1.704047 b2[N]=0.957429
[Reference] solvePolyMatrix EXIT: polyX[0]=[-0.307349 -0.319553 0.000000 -3.820000]
[       OK ] LegacyPlanningTest.ConvertsMapCoordinatesAndBuildsTopoPath (297 ms)
[ RUN      ] LegacyPlanningTest.ClampsCoordinatesAndRepairsOccupiedGoalAndDynamicObstacle
[Manager Init] map/file_path: 
[Manager Init] map/occ_file_path: /home/liangys/RM_Sentry_2026/ros2_ws/src/trajectory_generation/map/occfinal.png
[Manager Init] map/bev_file_path: /home/liangys/RM_Sentry_2026/ros2_ws/src/trajectory_generation/map/bevfinal.png
[Manager Init] map/distance_map_file_path: /home/liangys/RM_Sentry_2026/ros2_ws/src/trajectory_generation/map/occtopo.png
m_height_bias: 0.0152941 m_height_interval: 1.5 m_height_threshold: 0.08 height_sencond_high_threshold: 0.2
map swell done
second_heights_points: 10
[Map Build] bev build done
xmax: 0.781 xmin: -0.719 ymax: -3.154 ymin: -5.354
R.rows 400 R.cols 400
start topo sample map
[GridMap] topo_sample_map size: 185
[GridMap] topo_keypoint size: 1603
[       OK ] LegacyPlanningTest.ClampsCoordinatesAndRepairsOccupiedGoalAndDynamicObstacle (36 ms)
[ RUN      ] LegacyPlanningTest.AutonomousRouteIsConnectedInBothDirections
[Manager Init] map/file_path: 
[Manager Init] map/occ_file_path: /home/liangys/RM_Sentry_2026/ros2_ws/src/trajectory_generation/map/occfinal.png
[Manager Init] map/bev_file_path: /home/liangys/RM_Sentry_2026/ros2_ws/src/trajectory_generation/map/bevfinal.png
[Manager Init] map/distance_map_file_path: /home/liangys/RM_Sentry_2026/ros2_ws/src/trajectory_generation/map/occtopo.png
m_height_bias: 0.0152941 m_height_interval: 1.5 m_height_threshold: 0.08 height_sencond_high_threshold: 0.2
map swell done
second_heights_points: 0
[Map Build] bev build done
R.rows 400 R.cols 400
start topo sample map
[GridMap] topo_sample_map size: 185
[GridMap] topo_keypoint size: 1603
[Topo]: m_graph before num: 1605
[Topo]: dijkstra time: 0.011566
[Topo]: topo search time: 0.274481
[Topo]: m_graph num: 2546
[Topo]: m_graph before num: 1605
[Topo]: dijkstra time: 0.012341
[Topo]: topo search time: 0.291681
[Topo]: m_graph num: 2528
[       OK ] LegacyPlanningTest.AutonomousRouteIsConnectedInBothDirections (602 ms)
[----------] 3 tests from LegacyPlanningTest (935 ms total)

[----------] 6 tests from ReferenceTimingTest
[ RUN      ] ReferenceTimingTest.ExternalDurationsStayConsistentAfterIterationLimit
[Reference] path size : 4
[Reference] solvePolyMatrix ENTER: N=3, path_size=4, trap_time_size=3
[Reference]   path[0]=(0.0000,0.0000) path[1]=(1.0000,1.0000) t[0]=0.100000 state_vel=(0.0000,0.0000)
[Reference] banded solve done. b[0]=360.000000 b[N]=-360.000000 b2[0]=580.000000 b2[N]=-380.000000
[Reference] solvePolyMatrix EXIT: polyX[0]=[-800.000000 180.000000 0.000000 0.000000]
[Reference] solvePolyMatrix ENTER: N=3, path_size=4, trap_time_size=3
[Reference]   path[0]=(0.0000,0.0000) path[1]=(1.0000,1.0000) t[0]=0.110000 state_vel=(0.0000,0.0000)
[Reference] banded solve done. b[0]=297.520661 b[N]=-297.520661 b2[0]=479.338843 b2[N]=-314.049587
[Reference] solvePolyMatrix EXIT: polyX[0]=[-601.051841 148.760331 -0.000000 0.000000]
[Reference] solvePolyMatrix ENTER: N=3, path_size=4, trap_time_size=3
[Reference]   path[0]=(0.0000,0.0000) path[1]=(1.0000,1.0000) t[0]=0.121000 state_vel=(0.0000,0.0000)
[Reference] banded solve done. b[0]=245.884844 b[N]=-245.884844 b2[0]=396.147804 b2[N]=-259.545113
[Reference] solvePolyMatrix EXIT: polyX[0]=[-451.579144 122.942422 0.000000 0.000000]
[Reference] solvePolyMatrix ENTER: N=3, path_size=4, trap_time_size=3
[Reference]   path[0]=(0.0000,0.0000) path[1]=(1.0000,1.0000) t[0]=0.133100 state_vel=(0.0000,0.0000)
[Reference] banded solve done. b[0]=203.210615 b[N]=-203.210615 b2[0]=327.394879 b2[N]=-214.500093
[Reference] solvePolyMatrix EXIT: polyX[0]=[-339.278095 101.605307 -0.000000 0.000000]
[Reference] solvePolyMatrix ENTER: N=3, path_size=4, trap_time_size=3
[Reference]   path[0]=(0.0000,0.0000) path[1]=(1.0000,1.0000) t[0]=0.146410 state_vel=(0.0000,0.0000)
[Reference] banded solve done. b[0]=167.942657 b[N]=-167.942657 b2[0]=270.574281 b2[N]=-177.272804
[Reference] solvePolyMatrix EXIT: polyX[0]=[-254.904654 83.971328 0.000000 0.000000]
[Reference] solvePolyMatrix ENTER: N=3, path_size=4, trap_time_size=3
[Reference]   path[0]=(0.0000,0.0000) path[1]=(1.0000,1.0000) t[0]=0.161051 state_vel=(0.0000,0.0000)
[Reference] banded solve done. b[0]=138.795584 b[N]=-138.795584 b2[0]=223.615108 b2[N]=-146.506450
[Reference] solvePolyMatrix EXIT: polyX[0]=[-191.513639 69.397792 0.000000 0.000000]
[Reference] solvePolyMatrix ENTER: N=3, path_size=4, trap_time_size=3
[Reference]   path[0]=(0.0000,0.0000) path[1]=(1.0000,1.0000) t[0]=0.177156 state_vel=(0.0000,0.0000)
[Reference] banded solve done. b[0]=114.707094 b[N]=-114.707094 b2[0]=184.805874 b2[N]=-121.079711
[Reference] solvePolyMatrix EXIT: polyX[0]=[-143.887032 57.353547 0.000000 0.000000]
[Reference] solvePolyMatrix ENTER: N=3, path_size=4, trap_time_size=3
[Reference]   path[0]=(0.0000,0.0000) path[1]=(1.0000,1.0000) t[0]=0.194872 state_vel=(0.0000,0.0000)
[Reference] banded solve done. b[0]=94.799252 b[N]=-94.799252 b2[0]=152.732127 b2[N]=-100.065877
[Reference] solvePolyMatrix EXIT: polyX[0]=[-108.104457 47.399626 0.000000 0.000000]
[Reference] solvePolyMatrix ENTER: N=3, path_size=4, trap_time_size=3
[Reference]   path[0]=(0.0000,0.0000) path[1]=(1.0000,1.0000) t[0]=0.214359 state_vel=(0.0000,0.0000)
[Reference] banded solve done. b[0]=78.346489 b[N]=-78.346489 b2[0]=126.224899 b2[N]=-82.699072
[Reference] solvePolyMatrix EXIT: polyX[0]=[-81.220478 39.173244 -0.000000 0.000000]
[Reference] solvePolyMatrix ENTER: N=3, path_size=4, trap_time_size=3
[Reference]   path[0]=(0.0000,0.0000) path[1]=(1.0000,1.0000) t[0]=0.235795 state_vel=(0.0000,0.0000)
[Reference] banded solve done. b[0]=64.749164 b[N]=-64.749164 b2[0]=104.318098 b2[N]=-68.346340
[Reference] solvePolyMatrix EXIT: polyX[0]=[-61.022148 32.374582 0.000000 0.000000]
[Reference] solvePolyMatrix ENTER: N=3, path_size=4, trap_time_size=3
[Reference]   path[0]=(0.0000,0.0000) path[1]=(1.0000,1.0000) t[0]=0.259374 state_vel=(0.0000,0.0000)
[Reference] banded solve done. b[0]=53.511706 b[N]=-53.511706 b2[0]=86.213304 b2[N]=-56.484579
[Reference] solvePolyMatrix EXIT: polyX[0]=[-45.846843 26.755853 0.000000 0.000000]
[Reference] solvePolyMatrix ENTER: N=3, path_size=4, trap_time_size=3
[Reference]   path[0]=(0.0000,0.0000) path[1]=(1.0000,1.0000) t[0]=0.285312 state_vel=(0.0000,0.0000)
[Reference] banded solve done. b[0]=44.224550 b[N]=-44.224550 b2[0]=71.250665 b2[N]=-46.681470
[Reference] solvePolyMatrix EXIT: polyX[0]=[-34.445411 22.112275 0.000000 0.000000]
[Reference] solvePolyMatrix ENTER: N=3, path_size=4, trap_time_size=3
[Reference]   path[0]=(0.0000,0.0000) path[1]=(1.0000,1.0000) t[0]=0.313843 state_vel=(0.0000,0.0000)
[Reference] banded solve done. b[0]=36.549215 b[N]=-36.549215 b2[0]=58.884847 b2[N]=-38.579727
[Reference] solvePolyMatrix EXIT: polyX[0]=[-25.879347 18.274608 0.000000 0.000000]
[Reference] solvePolyMatrix ENTER: N=3, path_size=4, trap_time_size=3
[Reference]   path[0]=(0.0000,0.0000) path[1]=(1.0000,1.0000) t[0]=0.345227 state_vel=(0.0000,0.0000)
[Reference] banded solve done. b[0]=30.205963 b[N]=-30.205963 b2[0]=48.665163 b2[N]=-31.884072
[Reference] solvePolyMatrix EXIT: polyX[0]=[-19.443537 15.102982 -0.000000 0.000000]
[Reference] solvePolyMatrix ENTER: N=3, path_size=4, trap_time_size=3
[Reference]   path[0]=(0.0000,0.0000) path[1]=(1.0000,1.0000) t[0]=0.379750 state_vel=(0.0000,0.0000)
[Reference] banded solve done. b[0]=24.963606 b[N]=-24.963606 b2[0]=40.219143 b2[N]=-26.350473
[Reference] solvePolyMatrix EXIT: polyX[0]=[-14.608217 12.481803 0.000000 0.000000]
[Reference] solvePolyMatrix ENTER: N=3, path_size=4, trap_time_size=3
[Reference]   path[0]=(0.0000,0.0000) path[1]=(1.0000,1.0000) t[0]=0.417725 state_vel=(0.0000,0.0000)
[Reference] banded solve done. b[0]=20.631079 b[N]=-20.631079 b2[0]=33.238961 b2[N]=-21.777250
[Reference] solvePolyMatrix EXIT: polyX[0]=[-10.975370 10.315540 0.000000 0.000000]
[Reference] solvePolyMatrix ENTER: N=3, path_size=4, trap_time_size=3
[Reference]   path[0]=(0.0000,0.0000) path[1]=(1.0000,1.0000) t[0]=0.459497 state_vel=(0.0000,0.0000)
[Reference] banded solve done. b[0]=17.050479 b[N]=-17.050479 b2[0]=27.470216 b2[N]=-17.997727
[Reference] solvePolyMatrix EXIT: polyX[0]=[-8.245958 8.525239 0.000000 0.000000]
[Reference] solvePolyMatrix ENTER: N=3, path_size=4, trap_time_size=3
[Reference]   path[0]=(0.0000,0.0000) path[1]=(1.0000,1.0000) t[0]=0.505447 state_vel=(0.0000,0.0000)
[Reference] banded solve done. b[0]=14.091305 b[N]=-14.091305 b2[0]=22.702658 b2[N]=-14.874155
[Reference] solvePolyMatrix EXIT: polyX[0]=[-6.195310 7.045652 -0.000000 0.000000]
[Reference] solvePolyMatrix ENTER: N=3, path_size=4, trap_time_size=3
[Reference]   path[0]=(0.0000,0.0000) path[1]=(1.0000,1.0000) t[0]=0.555992 state_vel=(0.0000,0.0000)
[Reference] banded solve done. b[0]=11.645706 b[N]=-11.645706 b2[0]=18.762527 b2[N]=-12.292690
[Reference] solvePolyMatrix EXIT: polyX[0]=[-4.654628 5.822853 0.000000 0.000000]
[Reference] solvePolyMatrix ENTER: N=3, path_size=4, trap_time_size=3
[Reference]   path[0]=(0.0000,0.0000) path[1]=(1.0000,1.0000) t[0]=0.611591 state_vel=(0.0000,0.0000)
[Reference] banded solve done. b[0]=9.624551 b[N]=-9.624551 b2[0]=15.506221 b2[N]=-10.159248
[Reference] solvePolyMatrix EXIT: polyX[0]=[-3.497091 4.812275 0.000000 0.000000]
[Reference] solvePolyMatrix ENTER: N=3, path_size=4, trap_time_size=3
[Reference]   path[0]=(0.0000,0.0000) path[1]=(1.0000,1.0000) t[0]=0.672750 state_vel=(0.0000,0.0000)
[Reference] banded solve done. b[0]=7.954174 b[N]=-7.954174 b2[0]=12.815058 b2[N]=-8.396073
[Reference] solvePolyMatrix EXIT: polyX[0]=[-2.627416 3.977087 -0.000000 0.000000]
[Reference] solvePolyMatrix ENTER: N=3, path_size=4, trap_time_size=3
[Reference]   path[0]=(0.0000,0.0000) path[1]=(1.0000,1.0000) t[0]=0.740025 state_vel=(0.0000,0.0000)
[Reference] banded solve done. b[0]=6.573698 b[N]=-6.573698 b2[0]=10.590957 b2[N]=-6.938903
[Reference] solvePolyMatrix EXIT: polyX[0]=[-1.974017 3.286849 0.000000 0.000000]
[Reference] solvePolyMatrix ENTER: N=3, path_size=4, trap_time_size=3
[Reference]   path[0]=(0.0000,0.0000) path[1]=(1.0000,1.0000) t[0]=0.814027 state_vel=(0.0000,0.0000)
[Reference] banded solve done. b[0]=5.432808 b[N]=-5.432808 b2[0]=8.752857 b2[N]=-5.734631
[Reference] solvePolyMatrix EXIT: polyX[0]=[-1.483108 2.716404 0.000000 0.000000]
[Reference] solvePolyMatrix ENTER: N=3, path_size=4, trap_time_size=3
[Reference]   path[0]=(0.0000,0.0000) path[1]=(1.0000,1.0000) t[0]=0.895430 state_vel=(0.0000,0.0000)
[Reference] banded solve done. b[0]=4.489924 b[N]=-4.489924 b2[0]=7.233766 b2[N]=-4.739364
[Reference] solvePolyMatrix EXIT: polyX[0]=[-1.114281 2.244962 -0.000000 0.000000]
[Reference] solvePolyMatrix ENTER: N=3, path_size=4, trap_time_size=3
[Reference]   path[0]=(0.0000,0.0000) path[1]=(1.0000,1.0000) t[0]=0.984973 state_vel=(0.0000,0.0000)
[Reference] banded solve done. b[0]=3.710681 b[N]=-3.710681 b2[0]=5.978319 b2[N]=-3.916830
[Reference] solvePolyMatrix EXIT: polyX[0]=[-0.837176 1.855340 0.000000 0.000000]
[Reference] solvePolyMatrix ENTER: N=3, path_size=4, trap_time_size=3
[Reference]   path[0]=(0.0000,0.0000) path[1]=(1.0000,1.0000) t[0]=1.083471 state_vel=(0.0000,0.0000)
[Reference] banded solve done. b[0]=3.066678 b[N]=-3.066678 b2[0]=4.940760 b2[N]=-3.237049
[Reference] solvePolyMatrix EXIT: polyX[0]=[-0.628983 1.533339 0.000000 0.000000]
[Reference] solvePolyMatrix ENTER: N=3, path_size=4, trap_time_size=3
[Reference]   path[0]=(0.0000,0.0000) path[1]=(1.0000,1.0000) t[0]=1.191818 state_vel=(0.0000,0.0000)
[Reference] banded solve done. b[0]=2.534445 b[N]=-2.534445 b2[0]=4.083273 b2[N]=-2.675248
[Reference] solvePolyMatrix EXIT: polyX[0]=[-0.472564 1.267223 -0.000000 0.000000]
[Reference] solvePolyMatrix ENTER: N=3, path_size=4, trap_time_size=3
[Reference]   path[0]=(0.0000,0.0000) path[1]=(1.0000,1.0000) t[0]=1.310999 state_vel=(0.0000,0.0000)
[Reference] banded solve done. b[0]=2.094583 b[N]=-2.094583 b2[0]=3.374605 b2[N]=-2.210948
[Reference] solvePolyMatrix EXIT: polyX[0]=[-0.355044 1.047291 0.000000 0.000000]
[Reference] solvePolyMatrix ENTER: N=3, path_size=4, trap_time_size=3
[Reference]   path[0]=(0.0000,0.0000) path[1]=(1.0000,1.0000) t[0]=1.442099 state_vel=(0.0000,0.0000)
[Reference] banded solve done. b[0]=1.731060 b[N]=-1.731060 b2[0]=2.788930 b2[N]=-1.827230
[Reference] solvePolyMatrix EXIT: polyX[0]=[-0.266750 0.865530 0.000000 0.000000]
[Reference] solvePolyMatrix ENTER: N=3, path_size=4, trap_time_size=3
[Reference]   path[0]=(0.0000,0.0000) path[1]=(1.0000,1.0000) t[0]=1.586309 state_vel=(0.0000,0.0000)
[Reference] banded solve done. b[0]=1.430628 b[N]=-1.430628 b2[0]=2.304901 b2[N]=-1.510107
[Reference] solvePolyMatrix EXIT: polyX[0]=[-0.200413 0.715314 0.000000 0.000000]
[Reference] solvePolyMatrix ENTER: N=3, path_size=4, trap_time_size=3
[Reference]   path[0]=(0.0000,0.0000) path[1]=(1.0000,1.0000) t[0]=1.744940 state_vel=(0.0000,0.0000)
[Reference] banded solve done. b[0]=1.182337 b[N]=-1.182337 b2[0]=1.904877 b2[N]=-1.248023
[Reference] solvePolyMatrix EXIT: polyX[0]=[-0.150573 0.591169 0.000000 0.000000]
[Reference] solvePolyMatrix ENTER: N=3, path_size=4, trap_time_size=3
[Reference]   path[0]=(0.0000,0.0000) path[1]=(1.0000,1.0000) t[0]=1.919434 state_vel=(0.0000,0.0000)
[Reference] banded solve done. b[0]=0.977138 b[N]=-0.977138 b2[0]=1.574278 b2[N]=-1.031424
[Reference] solvePolyMatrix EXIT: polyX[0]=[-0.113128 0.488569 0.000000 0.000000]
[Reference] solvePolyMatrix ENTER: N=3, path_size=4, trap_time_size=3
[Reference]   path[0]=(0.0000,0.0000) path[1]=(1.0000,1.0000) t[0]=2.111378 state_vel=(0.0000,0.0000)
[Reference] banded solve done. b[0]=0.807552 b[N]=-0.807552 b2[0]=1.301056 b2[N]=-0.852416
[Reference] solvePolyMatrix EXIT: polyX[0]=[-0.084995 0.403776 0.000000 0.000000]
[Reference] solvePolyMatrix ENTER: N=3, path_size=4, trap_time_size=3
[Reference]   path[0]=(0.0000,0.0000) path[1]=(1.0000,1.0000) t[0]=2.322515 state_vel=(0.0000,0.0000)
[Reference] banded solve done. b[0]=0.667399 b[N]=-0.667399 b2[0]=1.075253 b2[N]=-0.704476
[Reference] solvePolyMatrix EXIT: polyX[0]=[-0.063858 0.333699 0.000000 0.000000]
[Reference] solvePolyMatrix ENTER: N=3, path_size=4, trap_time_size=3
[Reference]   path[0]=(0.0000,0.0000) path[1]=(1.0000,1.0000) t[0]=2.554767 state_vel=(0.0000,0.0000)
[Reference] banded solve done. b[0]=0.551569 b[N]=-0.551569 b2[0]=0.888639 b2[N]=-0.582212
[Reference] solvePolyMatrix EXIT: polyX[0]=[-0.047977 0.275785 0.000000 0.000000]
[Reference] solvePolyMatrix ENTER: N=3, path_size=4, trap_time_size=3
[Reference]   path[0]=(0.0000,0.0000) path[1]=(1.0000,1.0000) t[0]=2.810244 state_vel=(0.0000,0.0000)
[Reference] banded solve done. b[0]=0.455842 b[N]=-0.455842 b2[0]=0.734412 b2[N]=-0.481167
[Reference] solvePolyMatrix EXIT: polyX[0]=[-0.036046 0.227921 -0.000000 0.000000]
[Reference] solvePolyMatrix ENTER: N=3, path_size=4, trap_time_size=3
[Reference]   path[0]=(0.0000,0.0000) path[1]=(1.0000,1.0000) t[0]=3.091268 state_vel=(0.0000,0.0000)
[Reference] banded solve done. b[0]=0.376729 b[N]=-0.376729 b2[0]=0.606952 b2[N]=-0.397658
[Reference] solvePolyMatrix EXIT: polyX[0]=[-0.027082 0.188365 0.000000 0.000000]
[Reference] solvePolyMatrix ENTER: N=3, path_size=4, trap_time_size=3
[Reference]   path[0]=(0.0000,0.0000) path[1]=(1.0000,1.0000) t[0]=3.400395 state_vel=(0.0000,0.0000)
[Reference] banded solve done. b[0]=0.311346 b[N]=-0.311346 b2[0]=0.501614 b2[N]=-0.328643
[Reference] solvePolyMatrix EXIT: polyX[0]=[-0.020347 0.155673 0.000000 0.000000]
[Reference] solvePolyMatrix ENTER: N=3, path_size=4, trap_time_size=3
[Reference]   path[0]=(0.0000,0.0000) path[1]=(1.0000,1.0000) t[0]=3.740434 state_vel=(0.0000,0.0000)
[Reference] banded solve done. b[0]=0.257311 b[N]=-0.257311 b2[0]=0.414557 b2[N]=-0.271606
[Reference] solvePolyMatrix EXIT: polyX[0]=[-0.015287 0.128656 0.000000 0.000000]
[Reference] solvePolyMatrix ENTER: N=3, path_size=4, trap_time_size=3
[Reference]   path[0]=(0.0000,0.0000) path[1]=(1.0000,1.0000) t[0]=4.114478 state_vel=(0.0000,0.0000)
[Reference] banded solve done. b[0]=0.212654 b[N]=-0.212654 b2[0]=0.342609 b2[N]=-0.224468
[Reference] solvePolyMatrix EXIT: polyX[0]=[-0.011485 0.106327 0.000000 0.000000]
[Reference] solvePolyMatrix ENTER: N=3, path_size=4, trap_time_size=3
[Reference]   path[0]=(0.0000,0.0000) path[1]=(1.0000,1.0000) t[0]=4.525926 state_vel=(0.0000,0.0000)
[Reference] banded solve done. b[0]=0.175747 b[N]=-0.175747 b2[0]=0.283148 b2[N]=-0.185511
[Reference] solvePolyMatrix EXIT: polyX[0]=[-0.008629 0.087873 -0.000000 0.000000]
[Reference] solvePolyMatrix ENTER: N=3, path_size=4, trap_time_size=3
[Reference]   path[0]=(0.0000,0.0000) path[1]=(1.0000,1.0000) t[0]=4.978518 state_vel=(0.0000,0.0000)
[Reference] banded solve done. b[0]=0.145245 b[N]=-0.145245 b2[0]=0.234006 b2[N]=-0.153315
[Reference] solvePolyMatrix EXIT: polyX[0]=[-0.006483 0.072623 0.000000 0.000000]
[Reference] solvePolyMatrix ENTER: N=3, path_size=4, trap_time_size=3
[Reference]   path[0]=(0.0000,0.0000) path[1]=(1.0000,1.0000) t[0]=5.476370 state_vel=(0.0000,0.0000)
[Reference] banded solve done. b[0]=0.120038 b[N]=-0.120038 b2[0]=0.193394 b2[N]=-0.126706
[Reference] solvePolyMatrix EXIT: polyX[0]=[-0.004871 0.060019 0.000000 0.000000]
[Reference] solvePolyMatrix ENTER: N=3, path_size=4, trap_time_size=3
[Reference]   path[0]=(0.0000,0.0000) path[1]=(1.0000,1.0000) t[0]=6.024007 state_vel=(0.0000,0.0000)
[Reference] banded solve done. b[0]=0.099205 b[N]=-0.099205 b2[0]=0.159830 b2[N]=-0.104716
[Reference] solvePolyMatrix EXIT: polyX[0]=[-0.003660 0.049602 0.000000 0.000000]
[Reference] solvePolyMatrix ENTER: N=3, path_size=4, trap_time_size=3
[Reference]   path[0]=(0.0000,0.0000) path[1]=(1.0000,1.0000) t[0]=6.626408 state_vel=(0.0000,0.0000)
[Reference] banded solve done. b[0]=0.081987 b[N]=-0.081987 b2[0]=0.132091 b2[N]=-0.086542
[Reference] solvePolyMatrix EXIT: polyX[0]=[-0.002750 0.040994 0.000000 0.000000]
[Reference] solvePolyMatrix ENTER: N=3, path_size=4, trap_time_size=3
[Reference]   path[0]=(0.0000,0.0000) path[1]=(1.0000,1.0000) t[0]=7.289048 state_vel=(0.0000,0.0000)
[Reference] banded solve done. b[0]=0.067758 b[N]=-0.067758 b2[0]=0.109166 b2[N]=-0.071522
[Reference] solvePolyMatrix EXIT: polyX[0]=[-0.002066 0.033879 0.000000 0.000000]
[Reference] solvePolyMatrix ENTER: N=3, path_size=4, trap_time_size=3
[Reference]   path[0]=(0.0000,0.0000) path[1]=(1.0000,1.0000) t[0]=8.017953 state_vel=(0.0000,0.0000)
[Reference] banded solve done. b[0]=0.055998 b[N]=-0.055998 b2[0]=0.090220 b2[N]=-0.059109
[Reference] solvePolyMatrix EXIT: polyX[0]=[-0.001552 0.027999 0.000000 0.000000]
[Reference] solvePolyMatrix ENTER: N=3, path_size=4, trap_time_size=3
[Reference]   path[0]=(0.0000,0.0000) path[1]=(1.0000,1.0000) t[0]=8.819749 state_vel=(0.0000,0.0000)
[Reference] banded solve done. b[0]=0.046914 b[N]=-0.056600 b2[0]=0.075204 b2[N]=-0.055150
[Reference] solvePolyMatrix EXIT: polyX[0]=[-0.001202 0.023457 0.000000 0.000000]
[       OK ] ReferenceTimingTest.ExternalDurationsStayConsistentAfterIterationLimit (0 ms)
[ RUN      ] ReferenceTimingTest.FallbackDurationsStayConsistentAfterIterationLimit
[Manager Init] map/file_path: 
[Manager Init] map/occ_file_path: /home/liangys/RM_Sentry_2026/ros2_ws/src/trajectory_generation/map/occfinal.png
[Manager Init] map/bev_file_path: /home/liangys/RM_Sentry_2026/ros2_ws/src/trajectory_generation/map/bevfinal.png
[Manager Init] map/distance_map_file_path: /home/liangys/RM_Sentry_2026/ros2_ws/src/trajectory_generation/map/occtopo.png
m_height_bias: 0.0152941 m_height_interval: 1.5 m_height_threshold: 0.08 height_sencond_high_threshold: 0.2
map swell done
second_heights_points: 10
[Map Build] bev build done
xmax: 0.781 xmin: -0.719 ymax: -3.154 ymin: -5.354
R.rows 400 R.cols 400
start topo sample map
[GridMap] topo_sample_map size: 185
[GridMap] topo_keypoint size: 1603
[Reference] path size : 3
[Reference] path_length: 1.193423
[Reference] solvePolyMatrix ENTER: N=2, path_size=3, trap_time_size=2
[Reference]   path[0]=(-0.9190,-4.4540) path[1]=(-1.4190,-4.1540) t[0]=0.150000 state_vel=(0.0000,0.0000)
[Reference] banded solve done. b[0]=-66.666667 b[N]=66.666667 b2[0]=36.666667 b2[N]=-50.000000
[Reference] solvePolyMatrix EXIT: polyX[0]=[74.074074 -33.333333 0.000000 -0.919000]
[Reference] solvePolyMatrix ENTER: N=2, path_size=3, trap_time_size=2
[Reference]   path[0]=(-0.9190,-4.4540) path[1]=(-1.4190,-4.1540) t[0]=0.165000 state_vel=(0.0000,0.0000)
[Reference] banded solve done. b[0]=-55.096419 b[N]=55.096419 b2[0]=30.303030 b2[N]=-41.322314
[Reference] solvePolyMatrix EXIT: polyX[0]=[55.652948 -27.548209 -0.000000 -0.919000]
[Reference] solvePolyMatrix ENTER: N=2, path_size=3, trap_time_size=2
[Reference]   path[0]=(-0.9190,-4.4540) path[1]=(-1.4190,-4.1540) t[0]=0.181500 state_vel=(0.0000,0.0000)
[Reference] banded solve done. b[0]=-45.534230 b[N]=45.534230 b2[0]=25.043827 b2[N]=-34.150673
[Reference] solvePolyMatrix EXIT: polyX[0]=[41.812884 -22.767115 0.000000 -0.919000]
[Reference] solvePolyMatrix ENTER: N=2, path_size=3, trap_time_size=2
[Reference]   path[0]=(-0.9190,-4.4540) path[1]=(-1.4190,-4.1540) t[0]=0.199650 state_vel=(0.0000,0.0000)
[Reference] banded solve done. b[0]=-37.631595 b[N]=37.631595 b2[0]=20.697377 b2[N]=-28.223697
[Reference] solvePolyMatrix EXIT: polyX[0]=[31.414638 -18.815798 0.000000 -0.919000]
[Reference] solvePolyMatrix ENTER: N=2, path_size=3, trap_time_size=2
[Reference]   path[0]=(-0.9190,-4.4540) path[1]=(-1.4190,-4.1540) t[0]=0.219615 state_vel=(0.0000,0.0000)
[Reference] banded solve done. b[0]=-31.100492 b[N]=31.100492 b2[0]=17.105271 b2[N]=-23.325369
[Reference] solvePolyMatrix EXIT: polyX[0]=[23.602283 -15.550246 0.000000 -0.919000]
[Reference] solvePolyMatrix ENTER: N=2, path_size=3, trap_time_size=2
[Reference]   path[0]=(-0.9190,-4.4540) path[1]=(-1.4190,-4.1540) t[0]=0.241577 state_vel=(0.0000,0.0000)
[Reference] banded solve done. b[0]=-25.702886 b[N]=25.702886 b2[0]=14.136587 b2[N]=-19.277164
[Reference] solvePolyMatrix EXIT: polyX[0]=[17.732744 -12.851443 0.000000 -0.919000]
[Reference] solvePolyMatrix ENTER: N=2, path_size=3, trap_time_size=2
[Reference]   path[0]=(-0.9190,-4.4540) path[1]=(-1.4190,-4.1540) t[0]=0.265734 state_vel=(0.0000,0.0000)
[Reference] banded solve done. b[0]=-21.242055 b[N]=21.242055 b2[0]=11.683130 b2[N]=-15.931541
[Reference] solvePolyMatrix EXIT: polyX[0]=[13.322873 -10.621027 0.000000 -0.919000]
[Reference] solvePolyMatrix ENTER: N=2, path_size=3, trap_time_size=2
[Reference]   path[0]=(-0.9190,-4.4540) path[1]=(-1.4190,-4.1540) t[0]=0.292308 state_vel=(0.0000,0.0000)
[Reference] banded solve done. b[0]=-17.555417 b[N]=17.555417 b2[0]=9.655479 b2[N]=-13.166563
[Reference] solvePolyMatrix EXIT: polyX[0]=[10.009672 -8.777708 0.000000 -0.919000]
[Reference] solvePolyMatrix ENTER: N=2, path_size=3, trap_time_size=2
[Reference]   path[0]=(-0.9190,-4.4540) path[1]=(-1.4190,-4.1540) t[0]=0.321538 state_vel=(0.0000,0.0000)
[Reference] banded solve done. b[0]=-14.508609 b[N]=14.508609 b2[0]=7.979735 b2[N]=-10.881457
[Reference] solvePolyMatrix EXIT: polyX[0]=[7.520415 -7.254305 0.000000 -0.919000]
[Reference] solvePolyMatrix ENTER: N=2, path_size=3, trap_time_size=2
[Reference]   path[0]=(-0.9190,-4.4540) path[1]=(-1.4190,-4.1540) t[0]=0.353692 state_vel=(0.0000,0.0000)
[Reference] banded solve done. b[0]=-11.990586 b[N]=11.990586 b2[0]=6.594822 b2[N]=-8.992939
[Reference] solvePolyMatrix EXIT: polyX[0]=[5.650199 -5.995293 0.000000 -0.919000]
[Reference] solvePolyMatrix ENTER: N=2, path_size=3, trap_time_size=2
[Reference]   path[0]=(-0.9190,-4.4540) path[1]=(-1.4190,-4.1540) t[0]=0.389061 state_vel=(0.0000,0.0000)
[Reference] banded solve done. b[0]=-9.909575 b[N]=9.909575 b2[0]=5.450266 b2[N]=-7.432181
[Reference] solvePolyMatrix EXIT: polyX[0]=[4.245078 -4.954788 0.000000 -0.919000]
[Reference] solvePolyMatrix ENTER: N=2, path_size=3, trap_time_size=2
[Reference]   path[0]=(-0.9190,-4.4540) path[1]=(-1.4190,-4.1540) t[0]=0.427968 state_vel=(0.0000,0.0000)
[Reference] banded solve done. b[0]=-8.189732 b[N]=8.189732 b2[0]=4.504352 b2[N]=-6.142299
[Reference] solvePolyMatrix EXIT: polyX[0]=[3.189390 -4.094866 0.000000 -0.919000]
[Reference] solvePolyMatrix ENTER: N=2, path_size=3, trap_time_size=2
[Reference]   path[0]=(-0.9190,-4.4540) path[1]=(-1.4190,-4.1540) t[0]=0.470764 state_vel=(0.0000,0.0000)
[Reference] banded solve done. b[0]=-6.768373 b[N]=6.768373 b2[0]=3.722605 b2[N]=-5.076280
[Reference] solvePolyMatrix EXIT: polyX[0]=[2.396236 -3.384187 0.000000 -0.919000]
[Reference] solvePolyMatrix ENTER: N=2, path_size=3, trap_time_size=2
[Reference]   path[0]=(-0.9190,-4.4540) path[1]=(-1.4190,-4.1540) t[0]=0.517841 state_vel=(0.0000,0.0000)
[Reference] banded solve done. b[0]=-5.593697 b[N]=5.593697 b2[0]=3.076533 b2[N]=-4.195273
[Reference] solvePolyMatrix EXIT: polyX[0]=[1.800327 -2.796848 0.000000 -0.919000]
[Reference] solvePolyMatrix ENTER: N=2, path_size=3, trap_time_size=2
[Reference]   path[0]=(-0.9190,-4.4540) path[1]=(-1.4190,-4.1540) t[0]=0.569625 state_vel=(0.0000,0.0000)
[Reference] banded solve done. b[0]=-4.622890 b[N]=4.622890 b2[0]=2.542589 b2[N]=-3.467167
[Reference] solvePolyMatrix EXIT: polyX[0]=[1.352613 -2.311445 0.000000 -0.919000]
[Reference] solvePolyMatrix ENTER: N=2, path_size=3, trap_time_size=2
[Reference]   path[0]=(-0.9190,-4.4540) path[1]=(-1.4190,-4.1540) t[0]=0.626587 state_vel=(0.0000,0.0000)
[Reference] banded solve done. b[0]=-3.820570 b[N]=3.820570 b2[0]=2.101314 b2[N]=-2.865428
[Reference] solvePolyMatrix EXIT: polyX[0]=[1.016238 -1.910285 0.000000 -0.919000]
[Reference] solvePolyMatrix ENTER: N=2, path_size=3, trap_time_size=2
[Reference]   path[0]=(-0.9190,-4.4540) path[1]=(-1.4190,-4.1540) t[0]=0.689246 state_vel=(0.0000,0.0000)
[Reference] banded solve done. b[0]=-3.157496 b[N]=3.157496 b2[0]=1.736623 b2[N]=-2.368122
[Reference] solvePolyMatrix EXIT: polyX[0]=[0.763515 -1.578748 -0.000000 -0.919000]
[Reference] solvePolyMatrix ENTER: N=2, path_size=3, trap_time_size=2
[Reference]   path[0]=(-0.9190,-4.4540) path[1]=(-1.4190,-4.1540) t[0]=0.758171 state_vel=(0.0000,0.0000)
[Reference] banded solve done. b[0]=-2.609501 b[N]=2.609501 b2[0]=1.435225 b2[N]=-1.957126
[Reference] solvePolyMatrix EXIT: polyX[0]=[0.573640 -1.304750 -0.000000 -0.919000]
[Reference] solvePolyMatrix ENTER: N=2, path_size=3, trap_time_size=2
[Reference]   path[0]=(-0.9190,-4.4540) path[1]=(-1.4190,-4.1540) t[0]=0.833988 state_vel=(0.0000,0.0000)
[Reference] banded solve done. b[0]=-2.156612 b[N]=2.156612 b2[0]=1.186137 b2[N]=-1.617459
[Reference] solvePolyMatrix EXIT: polyX[0]=[0.430984 -1.078306 0.000000 -0.919000]
[Reference] solvePolyMatrix ENTER: N=2, path_size=3, trap_time_size=2
[Reference]   path[0]=(-0.9190,-4.4540) path[1]=(-1.4190,-4.1540) t[0]=0.917386 state_vel=(0.0000,0.0000)
[Reference] banded solve done. b[0]=-1.782324 b[N]=1.782324 b2[0]=0.980278 b2[N]=-1.336743
[Reference] solvePolyMatrix EXIT: polyX[0]=[0.323805 -0.891162 0.000000 -0.919000]
[Reference] solvePolyMatrix ENTER: N=2, path_size=3, trap_time_size=2
[Reference]   path[0]=(-0.9190,-4.4540) path[1]=(-1.4190,-4.1540) t[0]=1.009125 state_vel=(0.0000,0.0000)
[Reference] banded solve done. b[0]=-1.472995 b[N]=1.472995 b2[0]=0.810147 b2[N]=-1.104746
[Reference] solvePolyMatrix EXIT: polyX[0]=[0.243279 -0.736498 0.000000 -0.919000]
[Reference] solvePolyMatrix ENTER: N=2, path_size=3, trap_time_size=2
[Reference]   path[0]=(-0.9190,-4.4540) path[1]=(-1.4190,-4.1540) t[0]=1.110037 state_vel=(0.0000,0.0000)
[Reference] banded solve done. b[0]=-1.217351 b[N]=1.217351 b2[0]=0.669543 b2[N]=-0.913014
[Reference] solvePolyMatrix EXIT: polyX[0]=[0.182779 -0.608676 0.000000 -0.919000]
[Reference] solvePolyMatrix ENTER: N=2, path_size=3, trap_time_size=2
[Reference]   path[0]=(-0.9190,-4.4540) path[1]=(-1.4190,-4.1540) t[0]=1.221041 state_vel=(0.0000,0.0000)
[Reference] banded solve done. b[0]=-1.006076 b[N]=1.006076 b2[0]=0.553342 b2[N]=-0.754557
[Reference] solvePolyMatrix EXIT: polyX[0]=[0.137325 -0.503038 -0.000000 -0.919000]
[Reference] solvePolyMatrix ENTER: N=2, path_size=3, trap_time_size=2
[Reference]   path[0]=(-0.9190,-4.4540) path[1]=(-1.4190,-4.1540) t[0]=1.343145 state_vel=(0.0000,0.0000)
[Reference] banded solve done. b[0]=-0.831467 b[N]=0.831467 b2[0]=0.457307 b2[N]=-0.623601
[Reference] solvePolyMatrix EXIT: polyX[0]=[0.103174 -0.415734 0.000000 -0.919000]
[Reference] solvePolyMatrix ENTER: N=2, path_size=3, trap_time_size=2
[Reference]   path[0]=(-0.9190,-4.4540) path[1]=(-1.4190,-4.1540) t[0]=1.477460 state_vel=(0.0000,0.0000)
[Reference] banded solve done. b[0]=-0.687163 b[N]=0.687163 b2[0]=0.377940 b2[N]=-0.515372
[Reference] solvePolyMatrix EXIT: polyX[0]=[0.077516 -0.343582 0.000000 -0.919000]
[Reference] solvePolyMatrix ENTER: N=2, path_size=3, trap_time_size=2
[Reference]   path[0]=(-0.9190,-4.4540) path[1]=(-1.4190,-4.1540) t[0]=1.625206 state_vel=(0.0000,0.0000)
[Reference] banded solve done. b[0]=-0.567903 b[N]=0.567903 b2[0]=0.312347 b2[N]=-0.425928
[Reference] solvePolyMatrix EXIT: polyX[0]=[0.058239 -0.283952 0.000000 -0.919000]
[Reference] solvePolyMatrix ENTER: N=2, path_size=3, trap_time_size=2
[Reference]   path[0]=(-0.9190,-4.4540) path[1]=(-1.4190,-4.1540) t[0]=1.787726 state_vel=(0.0000,0.0000)
[Reference] banded solve done. b[0]=-0.469342 b[N]=0.469342 b2[0]=0.258138 b2[N]=-0.352006
[Reference] solvePolyMatrix EXIT: polyX[0]=[0.043756 -0.234671 0.000000 -0.919000]
[Reference] solvePolyMatrix ENTER: N=2, path_size=3, trap_time_size=2
[Reference]   path[0]=(-0.9190,-4.4540) path[1]=(-1.4190,-4.1540) t[0]=1.966499 state_vel=(0.0000,0.0000)
[Reference] banded solve done. b[0]=-0.387886 b[N]=0.387886 b2[0]=0.213337 b2[N]=-0.290914
[Reference] solvePolyMatrix EXIT: polyX[0]=[0.032874 -0.193943 0.000000 -0.919000]
[Reference] solvePolyMatrix ENTER: N=2, path_size=3, trap_time_size=2
[Reference]   path[0]=(-0.9190,-4.4540) path[1]=(-1.4190,-4.1540) t[0]=2.163149 state_vel=(0.0000,0.0000)
[Reference] banded solve done. b[0]=-0.320567 b[N]=0.320567 b2[0]=0.176312 b2[N]=-0.240425
[Reference] solvePolyMatrix EXIT: polyX[0]=[0.024699 -0.160283 0.000000 -0.919000]
[Reference] solvePolyMatrix ENTER: N=2, path_size=3, trap_time_size=2
[Reference]   path[0]=(-0.9190,-4.4540) path[1]=(-1.4190,-4.1540) t[0]=2.379464 state_vel=(0.0000,0.0000)
[Reference] banded solve done. b[0]=-0.264931 b[N]=0.264931 b2[0]=0.145712 b2[N]=-0.198698
[Reference] solvePolyMatrix EXIT: polyX[0]=[0.018557 -0.132466 0.000000 -0.919000]
[Reference] solvePolyMatrix ENTER: N=2, path_size=3, trap_time_size=2
[Reference]   path[0]=(-0.9190,-4.4540) path[1]=(-1.4190,-4.1540) t[0]=2.617410 state_vel=(0.0000,0.0000)
[Reference] banded solve done. b[0]=-0.218951 b[N]=0.218951 b2[0]=0.120423 b2[N]=-0.164214
[Reference] solvePolyMatrix EXIT: polyX[0]=[0.013942 -0.109476 0.000000 -0.919000]
[Reference] solvePolyMatrix ENTER: N=2, path_size=3, trap_time_size=2
[Reference]   path[0]=(-0.9190,-4.4540) path[1]=(-1.4190,-4.1540) t[0]=2.879151 state_vel=(0.0000,0.0000)
[Reference] banded solve done. b[0]=-0.180952 b[N]=0.180952 b2[0]=0.099523 b2[N]=-0.135714
[Reference] solvePolyMatrix EXIT: polyX[0]=[0.010475 -0.090476 0.000000 -0.919000]
[Reference] solvePolyMatrix ENTER: N=2, path_size=3, trap_time_size=2
[Reference]   path[0]=(-0.9190,-4.4540) path[1]=(-1.4190,-4.1540) t[0]=3.167067 state_vel=(0.0000,0.0000)
[Reference] banded solve done. b[0]=-0.149547 b[N]=0.149547 b2[0]=0.082251 b2[N]=-0.112160
[Reference] solvePolyMatrix EXIT: polyX[0]=[0.007870 -0.074773 0.000000 -0.919000]
[Reference] solvePolyMatrix ENTER: N=2, path_size=3, trap_time_size=2
[Reference]   path[0]=(-0.9190,-4.4540) path[1]=(-1.4190,-4.1540) t[0]=3.483773 state_vel=(0.0000,0.0000)
[Reference] banded solve done. b[0]=-0.123592 b[N]=0.123592 b2[0]=0.067976 b2[N]=-0.092694
[Reference] solvePolyMatrix EXIT: polyX[0]=[0.005913 -0.061796 0.000000 -0.919000]
[Reference] solvePolyMatrix ENTER: N=2, path_size=3, trap_time_size=2
[Reference]   path[0]=(-0.9190,-4.4540) path[1]=(-1.4190,-4.1540) t[0]=3.832150 state_vel=(0.0000,0.0000)
[Reference] banded solve done. b[0]=-0.102142 b[N]=0.102142 b2[0]=0.056178 b2[N]=-0.076607
[Reference] solvePolyMatrix EXIT: polyX[0]=[0.004442 -0.051071 0.000000 -0.919000]
[Reference] solvePolyMatrix ENTER: N=2, path_size=3, trap_time_size=2
[Reference]   path[0]=(-0.9190,-4.4540) path[1]=(-1.4190,-4.1540) t[0]=4.215366 state_vel=(0.0000,0.0000)
[Reference] banded solve done. b[0]=-0.084415 b[N]=0.084415 b2[0]=0.046428 b2[N]=-0.063311
[Reference] solvePolyMatrix EXIT: polyX[0]=[0.003338 -0.042208 0.000000 -0.919000]
[Reference] solvePolyMatrix ENTER: N=2, path_size=3, trap_time_size=2
[Reference]   path[0]=(-0.9190,-4.4540) path[1]=(-1.4190,-4.1540) t[0]=4.636902 state_vel=(0.0000,0.0000)
[Reference] banded solve done. b[0]=-0.069765 b[N]=0.069765 b2[0]=0.038371 b2[N]=-0.052323
[Reference] solvePolyMatrix EXIT: polyX[0]=[0.002508 -0.034882 -0.000000 -0.919000]
[       OK ] ReferenceTimingTest.FallbackDurationsStayConsistentAfterIterationLimit (44 ms)
[ RUN      ] ReferenceTimingTest.LongTrajectoryKeepsEndpointsAndContinuity
[Reference] path size : 3
[Reference] solvePolyMatrix ENTER: N=2, path_size=3, trap_time_size=2
[Reference]   path[0]=(0.0000,0.0000) path[1]=(1.0000,1.0000) t[0]=20.000000 state_vel=(0.0000,0.0000)
[Reference] banded solve done. b[0]=0.007500 b[N]=-0.007500 b2[0]=0.015000 b2[N]=0.015000
[Reference] solvePolyMatrix EXIT: polyX[0]=[-0.000063 0.003750 -0.000000 0.000000]
[       OK ] ReferenceTimingTest.LongTrajectoryKeepsEndpointsAndContinuity (0 ms)
[ RUN      ] ReferenceTimingTest.SingleSegmentDoesNotAccessAbsentNeighbor
[Reference] path size : 2
[Reference] solvePolyMatrix ENTER: N=1, path_size=2, trap_time_size=1
[Reference]   path[0]=(0.0000,0.0000) path[1]=(1.0000,0.0000) t[0]=0.100000 state_vel=(0.0000,0.0000)
[Reference] banded solve done. b[0]=600.000000 b[N]=-600.000000 b2[0]=0.000000 b2[N]=-0.000000
[Reference] solvePolyMatrix EXIT: polyX[0]=[-2000.000000 300.000000 -0.000000 0.000000]
[Reference] solvePolyMatrix ENTER: N=1, path_size=2, trap_time_size=1
[Reference]   path[0]=(0.0000,0.0000) path[1]=(1.0000,0.0000) t[0]=0.110000 state_vel=(0.0000,0.0000)
[Reference] banded solve done. b[0]=495.867769 b[N]=-495.867769 b2[0]=0.000000 b2[N]=-0.000000
[Reference] solvePolyMatrix EXIT: polyX[0]=[-1502.629602 247.933884 0.000000 0.000000]
[Reference] solvePolyMatrix ENTER: N=1, path_size=2, trap_time_size=1
[Reference]   path[0]=(0.0000,0.0000) path[1]=(1.0000,0.0000) t[0]=0.121000 state_vel=(0.0000,0.0000)
[Reference] banded solve done. b[0]=409.808073 b[N]=-409.808073 b2[0]=0.000000 b2[N]=-0.000000
[Reference] solvePolyMatrix EXIT: polyX[0]=[-1128.947860 204.904037 -0.000000 0.000000]
[Reference] solvePolyMatrix ENTER: N=1, path_size=2, trap_time_size=1
[Reference]   path[0]=(0.0000,0.0000) path[1]=(1.0000,0.0000) t[0]=0.133100 state_vel=(0.0000,0.0000)
[Reference] banded solve done. b[0]=338.684358 b[N]=-338.684358 b2[0]=0.000000 b2[N]=-0.000000
[Reference] solvePolyMatrix EXIT: polyX[0]=[-848.195237 169.342179 0.000000 0.000000]
[Reference] solvePolyMatrix ENTER: N=1, path_size=2, trap_time_size=1
[Reference]   path[0]=(0.0000,0.0000) path[1]=(1.0000,0.0000) t[0]=0.146410 state_vel=(0.0000,0.0000)
[Reference] banded solve done. b[0]=279.904428 b[N]=-279.904428 b2[0]=0.000000 b2[N]=-0.000000
[Reference] solvePolyMatrix EXIT: polyX[0]=[-637.261635 139.952214 0.000000 0.000000]
[Reference] solvePolyMatrix ENTER: N=1, path_size=2, trap_time_size=1
[Reference]   path[0]=(0.0000,0.0000) path[1]=(1.0000,0.0000) t[0]=0.161051 state_vel=(0.0000,0.0000)
[Reference] banded solve done. b[0]=231.325974 b[N]=-231.325974 b2[0]=0.000000 b2[N]=-0.000000
[Reference] solvePolyMatrix EXIT: polyX[0]=[-478.784099 115.662987 0.000000 0.000000]
[Reference] solvePolyMatrix ENTER: N=1, path_size=2, trap_time_size=1
[Reference]   path[0]=(0.0000,0.0000) path[1]=(1.0000,0.0000) t[0]=0.177156 state_vel=(0.0000,0.0000)
[Reference] banded solve done. b[0]=191.178491 b[N]=-191.178491 b2[0]=0.000000 b2[N]=-0.000000
[Reference] solvePolyMatrix EXIT: polyX[0]=[-359.717580 95.589245 -0.000000 0.000000]
[Reference] solvePolyMatrix ENTER: N=1, path_size=2, trap_time_size=1
[Reference]   path[0]=(0.0000,0.0000) path[1]=(1.0000,0.0000) t[0]=0.194872 state_vel=(0.0000,0.0000)
[Reference] banded solve done. b[0]=157.998753 b[N]=-157.998753 b2[0]=0.000000 b2[N]=-0.000000
[Reference] solvePolyMatrix EXIT: polyX[0]=[-270.261142 78.999376 0.000000 0.000000]
[Reference] solvePolyMatrix ENTER: N=1, path_size=2, trap_time_size=1
[Reference]   path[0]=(0.0000,0.0000) path[1]=(1.0000,0.0000) t[0]=0.214359 state_vel=(0.0000,0.0000)
[Reference] banded solve done. b[0]=130.577481 b[N]=-130.577481 b2[0]=0.000000 b2[N]=-0.000000
[Reference] solvePolyMatrix EXIT: polyX[0]=[-203.051196 65.288741 0.000000 0.000000]
[Reference] solvePolyMatrix ENTER: N=1, path_size=2, trap_time_size=1
[Reference]   path[0]=(0.0000,0.0000) path[1]=(1.0000,0.0000) t[0]=0.235795 state_vel=(0.0000,0.0000)
[Reference] banded solve done. b[0]=107.915274 b[N]=-107.915274 b2[0]=0.000000 b2[N]=-0.000000
[Reference] solvePolyMatrix EXIT: polyX[0]=[-152.555369 53.957637 0.000000 0.000000]
[Reference] solvePolyMatrix ENTER: N=1, path_size=2, trap_time_size=1
[Reference]   path[0]=(0.0000,0.0000) path[1]=(1.0000,0.0000) t[0]=0.259374 state_vel=(0.0000,0.0000)
[Reference] banded solve done. b[0]=89.186177 b[N]=-89.186177 b2[0]=0.000000 b2[N]=-0.000000
[Reference] solvePolyMatrix EXIT: polyX[0]=[-114.617107 44.593088 0.000000 0.000000]
[Reference] solvePolyMatrix ENTER: N=1, path_size=2, trap_time_size=1
[Reference]   path[0]=(0.0000,0.0000) path[1]=(1.0000,0.0000) t[0]=0.285312 state_vel=(0.0000,0.0000)
[Reference] banded solve done. b[0]=73.707584 b[N]=-73.707584 b2[0]=0.000000 b2[N]=-0.000000
[Reference] solvePolyMatrix EXIT: polyX[0]=[-86.113529 36.853792 0.000000 0.000000]
[Reference] solvePolyMatrix ENTER: N=1, path_size=2, trap_time_size=1
[Reference]   path[0]=(0.0000,0.0000) path[1]=(1.0000,0.0000) t[0]=0.313843 state_vel=(0.0000,0.0000)
[Reference] banded solve done. b[0]=60.915359 b[N]=-60.915359 b2[0]=0.000000 b2[N]=-0.000000
[Reference] solvePolyMatrix EXIT: polyX[0]=[-64.698369 30.457679 -0.000000 0.000000]
[Reference] solvePolyMatrix ENTER: N=1, path_size=2, trap_time_size=1
[Reference]   path[0]=(0.0000,0.0000) path[1]=(1.0000,0.0000) t[0]=0.345227 state_vel=(0.0000,0.0000)
[Reference] banded solve done. b[0]=50.343272 b[N]=-50.343272 b2[0]=0.000000 b2[N]=-0.000000
[Reference] solvePolyMatrix EXIT: polyX[0]=[-48.608842 25.171636 -0.000000 0.000000]
[Reference] solvePolyMatrix ENTER: N=1, path_size=2, trap_time_size=1
[Reference]   path[0]=(0.0000,0.0000) path[1]=(1.0000,0.0000) t[0]=0.379750 state_vel=(0.0000,0.0000)
[Reference] banded solve done. b[0]=41.606010 b[N]=-41.606010 b2[0]=0.000000 b2[N]=-0.000000
[Reference] solvePolyMatrix EXIT: polyX[0]=[-36.520542 20.803005 -0.000000 0.000000]
[Reference] solvePolyMatrix ENTER: N=1, path_size=2, trap_time_size=1
[Reference]   path[0]=(0.0000,0.0000) path[1]=(1.0000,0.0000) t[0]=0.417725 state_vel=(0.0000,0.0000)
[Reference] banded solve done. b[0]=34.385132 b[N]=-34.385132 b2[0]=0.000000 b2[N]=-0.000000
[Reference] solvePolyMatrix EXIT: polyX[0]=[-27.438424 17.192566 0.000000 0.000000]
[Reference] solvePolyMatrix ENTER: N=1, path_size=2, trap_time_size=1
[Reference]   path[0]=(0.0000,0.0000) path[1]=(1.0000,0.0000) t[0]=0.459497 state_vel=(0.0000,0.0000)
[Reference] banded solve done. b[0]=28.417464 b[N]=-28.417464 b2[0]=0.000000 b2[N]=-0.000000
[Reference] solvePolyMatrix EXIT: polyX[0]=[-20.614894 14.208732 0.000000 0.000000]
[Reference] solvePolyMatrix ENTER: N=1, path_size=2, trap_time_size=1
[Reference]   path[0]=(0.0000,0.0000) path[1]=(1.0000,0.0000) t[0]=0.505447 state_vel=(0.0000,0.0000)
[Reference] banded solve done. b[0]=23.485508 b[N]=-23.485508 b2[0]=0.000000 b2[N]=-0.000000
[Reference] solvePolyMatrix EXIT: polyX[0]=[-15.488275 11.742754 -0.000000 0.000000]
[Reference] solvePolyMatrix ENTER: N=1, path_size=2, trap_time_size=1
[Reference]   path[0]=(0.0000,0.0000) path[1]=(1.0000,0.0000) t[0]=0.555992 state_vel=(0.0000,0.0000)
[Reference] banded solve done. b[0]=19.409511 b[N]=-19.409511 b2[0]=0.000000 b2[N]=-0.000000
[Reference] solvePolyMatrix EXIT: polyX[0]=[-11.636570 9.704755 0.000000 0.000000]
[Reference] solvePolyMatrix ENTER: N=1, path_size=2, trap_time_size=1
[Reference]   path[0]=(0.0000,0.0000) path[1]=(1.0000,0.0000) t[0]=0.611591 state_vel=(0.0000,0.0000)
[Reference] banded solve done. b[0]=16.040918 b[N]=-16.040918 b2[0]=0.000000 b2[N]=-0.000000
[Reference] solvePolyMatrix EXIT: polyX[0]=[-8.742727 8.020459 0.000000 0.000000]
[Reference] solvePolyMatrix ENTER: N=1, path_size=2, trap_time_size=1
[Reference]   path[0]=(0.0000,0.0000) path[1]=(1.0000,0.0000) t[0]=0.672750 state_vel=(0.0000,0.0000)
[Reference] banded solve done. b[0]=13.256957 b[N]=-13.256957 b2[0]=0.000000 b2[N]=-0.000000
[Reference] solvePolyMatrix EXIT: polyX[0]=[-6.568541 6.628478 0.000000 0.000000]
[Reference] solvePolyMatrix ENTER: N=1, path_size=2, trap_time_size=1
[Reference]   path[0]=(0.0000,0.0000) path[1]=(1.0000,0.0000) t[0]=0.740025 state_vel=(0.0000,0.0000)
[Reference] banded solve done. b[0]=10.956163 b[N]=-10.956163 b2[0]=0.000000 b2[N]=-0.000000
[Reference] solvePolyMatrix EXIT: polyX[0]=[-4.935042 5.478081 0.000000 0.000000]
[Reference] solvePolyMatrix ENTER: N=1, path_size=2, trap_time_size=1
[Reference]   path[0]=(0.0000,0.0000) path[1]=(1.0000,0.0000) t[0]=0.814027 state_vel=(0.0000,0.0000)
[Reference] banded solve done. b[0]=9.054680 b[N]=-9.054680 b2[0]=0.000000 b2[N]=-0.000000
[Reference] solvePolyMatrix EXIT: polyX[0]=[-3.707770 4.527340 0.000000 0.000000]
[Reference] solvePolyMatrix ENTER: N=1, path_size=2, trap_time_size=1
[Reference]   path[0]=(0.0000,0.0000) path[1]=(1.0000,0.0000) t[0]=0.895430 state_vel=(0.0000,0.0000)
[Reference] banded solve done. b[0]=7.483207 b[N]=-7.483207 b2[0]=0.000000 b2[N]=-0.000000
[Reference] solvePolyMatrix EXIT: polyX[0]=[-2.785702 3.741603 0.000000 0.000000]
[Reference] solvePolyMatrix ENTER: N=1, path_size=2, trap_time_size=1
[Reference]   path[0]=(0.0000,0.0000) path[1]=(1.0000,0.0000) t[0]=0.984973 state_vel=(0.0000,0.0000)
[Reference] banded solve done. b[0]=6.184468 b[N]=-6.184468 b2[0]=0.000000 b2[N]=-0.000000
[Reference] solvePolyMatrix EXIT: polyX[0]=[-2.092939 3.092234 -0.000000 0.000000]
[Reference] solvePolyMatrix ENTER: N=1, path_size=2, trap_time_size=1
[Reference]   path[0]=(0.0000,0.0000) path[1]=(1.0000,0.0000) t[0]=1.083471 state_vel=(0.0000,0.0000)
[Reference] banded solve done. b[0]=5.111131 b[N]=-5.111131 b2[0]=0.000000 b2[N]=-0.000000
[Reference] solvePolyMatrix EXIT: polyX[0]=[-1.572456 2.555565 0.000000 0.000000]
[Reference] solvePolyMatrix ENTER: N=1, path_size=2, trap_time_size=1
[Reference]   path[0]=(0.0000,0.0000) path[1]=(1.0000,0.0000) t[0]=1.191818 state_vel=(0.0000,0.0000)
[Reference] banded solve done. b[0]=4.224075 b[N]=-4.224075 b2[0]=0.000000 b2[N]=-0.000000
[Reference] solvePolyMatrix EXIT: polyX[0]=[-1.181410 2.112038 0.000000 0.000000]
[Reference] solvePolyMatrix ENTER: N=1, path_size=2, trap_time_size=1
[Reference]   path[0]=(0.0000,0.0000) path[1]=(1.0000,0.0000) t[0]=1.310999 state_vel=(0.0000,0.0000)
[Reference] banded solve done. b[0]=3.490971 b[N]=-3.490971 b2[0]=0.000000 b2[N]=-0.000000
[Reference] solvePolyMatrix EXIT: polyX[0]=[-0.887611 1.745486 -0.000000 0.000000]
[Reference] solvePolyMatrix ENTER: N=1, path_size=2, trap_time_size=1
[Reference]   path[0]=(0.0000,0.0000) path[1]=(1.0000,0.0000) t[0]=1.442099 state_vel=(0.0000,0.0000)
[Reference] banded solve done. b[0]=2.885100 b[N]=-2.885100 b2[0]=0.000000 b2[N]=-0.000000
[Reference] solvePolyMatrix EXIT: polyX[0]=[-0.666875 1.442550 0.000000 0.000000]
[Reference] solvePolyMatrix ENTER: N=1, path_size=2, trap_time_size=1
[Reference]   path[0]=(0.0000,0.0000) path[1]=(1.0000,0.0000) t[0]=1.586309 state_vel=(0.0000,0.0000)
[Reference] banded solve done. b[0]=2.384380 b[N]=-2.384380 b2[0]=0.000000 b2[N]=-0.000000
[Reference] solvePolyMatrix EXIT: polyX[0]=[-0.501033 1.192190 0.000000 0.000000]
[Reference] solvePolyMatrix ENTER: N=1, path_size=2, trap_time_size=1
[Reference]   path[0]=(0.0000,0.0000) path[1]=(1.0000,0.0000) t[0]=1.744940 state_vel=(0.0000,0.0000)
[Reference] banded solve done. b[0]=1.970562 b[N]=-1.970562 b2[0]=0.000000 b2[N]=-0.000000
[Reference] solvePolyMatrix EXIT: polyX[0]=[-0.376434 0.985281 0.000000 0.000000]
[Reference] solvePolyMatrix ENTER: N=1, path_size=2, trap_time_size=1
[Reference]   path[0]=(0.0000,0.0000) path[1]=(1.0000,0.0000) t[0]=1.919434 state_vel=(0.0000,0.0000)
[Reference] banded solve done. b[0]=1.628564 b[N]=-1.628564 b2[0]=0.000000 b2[N]=-0.000000
[Reference] solvePolyMatrix EXIT: polyX[0]=[-0.282820 0.814282 0.000000 0.000000]
[Reference] solvePolyMatrix ENTER: N=1, path_size=2, trap_time_size=1
[Reference]   path[0]=(0.0000,0.0000) path[1]=(1.0000,0.0000) t[0]=2.111378 state_vel=(0.0000,0.0000)
[Reference] banded solve done. b[0]=1.345920 b[N]=-1.345920 b2[0]=0.000000 b2[N]=-0.000000
[Reference] solvePolyMatrix EXIT: polyX[0]=[-0.212487 0.672960 0.000000 0.000000]
[Reference] solvePolyMatrix ENTER: N=1, path_size=2, trap_time_size=1
[Reference]   path[0]=(0.0000,0.0000) path[1]=(1.0000,0.0000) t[0]=2.322515 state_vel=(0.0000,0.0000)
[Reference] banded solve done. b[0]=1.112331 b[N]=-1.112331 b2[0]=0.000000 b2[N]=-0.000000
[Reference] solvePolyMatrix EXIT: polyX[0]=[-0.159645 0.556165 0.000000 0.000000]
[Reference] solvePolyMatrix ENTER: N=1, path_size=2, trap_time_size=1
[Reference]   path[0]=(0.0000,0.0000) path[1]=(1.0000,0.0000) t[0]=2.554767 state_vel=(0.0000,0.0000)
[Reference] banded solve done. b[0]=0.919282 b[N]=-0.919282 b2[0]=0.000000 b2[N]=-0.000000
[Reference] solvePolyMatrix EXIT: polyX[0]=[-0.119943 0.459641 -0.000000 0.000000]
[Reference] solvePolyMatrix ENTER: N=1, path_size=2, trap_time_size=1
[Reference]   path[0]=(0.0000,0.0000) path[1]=(1.0000,0.0000) t[0]=2.810244 state_vel=(0.0000,0.0000)
[Reference] banded solve done. b[0]=0.759737 b[N]=-0.759737 b2[0]=0.000000 b2[N]=-0.000000
[Reference] solvePolyMatrix EXIT: polyX[0]=[-0.090115 0.379869 -0.000000 0.000000]
[Reference] solvePolyMatrix ENTER: N=1, path_size=2, trap_time_size=1
[Reference]   path[0]=(0.0000,0.0000) path[1]=(1.0000,0.0000) t[0]=3.091268 state_vel=(0.0000,0.0000)
[Reference] banded solve done. b[0]=0.627882 b[N]=-0.627882 b2[0]=0.000000 b2[N]=-0.000000
[Reference] solvePolyMatrix EXIT: polyX[0]=[-0.067705 0.313941 -0.000000 0.000000]
[Reference] solvePolyMatrix ENTER: N=1, path_size=2, trap_time_size=1
[Reference]   path[0]=(0.0000,0.0000) path[1]=(1.0000,0.0000) t[0]=3.400395 state_vel=(0.0000,0.0000)
[Reference] banded solve done. b[0]=0.518911 b[N]=-0.518911 b2[0]=0.000000 b2[N]=-0.000000
[Reference] solvePolyMatrix EXIT: polyX[0]=[-0.050868 0.259455 0.000000 0.000000]
[Reference] solvePolyMatrix ENTER: N=1, path_size=2, trap_time_size=1
[Reference]   path[0]=(0.0000,0.0000) path[1]=(1.0000,0.0000) t[0]=3.740434 state_vel=(0.0000,0.0000)
[Reference] banded solve done. b[0]=0.428852 b[N]=-0.428852 b2[0]=0.000000 b2[N]=-0.000000
[Reference] solvePolyMatrix EXIT: polyX[0]=[-0.038218 0.214426 0.000000 0.000000]
[Reference] solvePolyMatrix ENTER: N=1, path_size=2, trap_time_size=1
[Reference]   path[0]=(0.0000,0.0000) path[1]=(1.0000,0.0000) t[0]=4.114478 state_vel=(0.0000,0.0000)
[Reference] banded solve done. b[0]=0.354423 b[N]=-0.354423 b2[0]=0.000000 b2[N]=-0.000000
[Reference] solvePolyMatrix EXIT: polyX[0]=[-0.028713 0.177211 -0.000000 0.000000]
[Reference] solvePolyMatrix ENTER: N=1, path_size=2, trap_time_size=1
[Reference]   path[0]=(0.0000,0.0000) path[1]=(1.0000,0.0000) t[0]=4.525926 state_vel=(0.0000,0.0000)
[Reference] banded solve done. b[0]=0.292912 b[N]=-0.292912 b2[0]=0.000000 b2[N]=-0.000000
[Reference] solvePolyMatrix EXIT: polyX[0]=[-0.021573 0.146456 0.000000 0.000000]
[Reference] solvePolyMatrix ENTER: N=1, path_size=2, trap_time_size=1
[Reference]   path[0]=(0.0000,0.0000) path[1]=(1.0000,0.0000) t[0]=4.978518 state_vel=(0.0000,0.0000)
[Reference] banded solve done. b[0]=0.242076 b[N]=-0.242076 b2[0]=0.000000 b2[N]=-0.000000
[Reference] solvePolyMatrix EXIT: polyX[0]=[-0.016208 0.121038 -0.000000 0.000000]
[Reference] solvePolyMatrix ENTER: N=1, path_size=2, trap_time_size=1
[Reference]   path[0]=(0.0000,0.0000) path[1]=(1.0000,0.0000) t[0]=5.476370 state_vel=(0.0000,0.0000)
[Reference] banded solve done. b[0]=0.200063 b[N]=-0.200063 b2[0]=0.000000 b2[N]=-0.000000
[Reference] solvePolyMatrix EXIT: polyX[0]=[-0.012177 0.100031 0.000000 0.000000]
[Reference] solvePolyMatrix ENTER: N=1, path_size=2, trap_time_size=1
[Reference]   path[0]=(0.0000,0.0000) path[1]=(1.0000,0.0000) t[0]=6.024007 state_vel=(0.0000,0.0000)
[Reference] banded solve done. b[0]=0.165341 b[N]=-0.165341 b2[0]=0.000000 b2[N]=-0.000000
[Reference] solvePolyMatrix EXIT: polyX[0]=[-0.009149 0.082670 -0.000000 0.000000]
[Reference] solvePolyMatrix ENTER: N=1, path_size=2, trap_time_size=1
[Reference]   path[0]=(0.0000,0.0000) path[1]=(1.0000,0.0000) t[0]=6.626408 state_vel=(0.0000,0.0000)
[Reference] banded solve done. b[0]=0.136645 b[N]=-0.136645 b2[0]=0.000000 b2[N]=-0.000000
[Reference] solvePolyMatrix EXIT: polyX[0]=[-0.006874 0.068323 0.000000 0.000000]
[Reference] solvePolyMatrix ENTER: N=1, path_size=2, trap_time_size=1
[Reference]   path[0]=(0.0000,0.0000) path[1]=(1.0000,0.0000) t[0]=7.289048 state_vel=(0.0000,0.0000)
[Reference] banded solve done. b[0]=0.112930 b[N]=-0.112930 b2[0]=0.000000 b2[N]=-0.000000
[Reference] solvePolyMatrix EXIT: polyX[0]=[-0.005164 0.056465 0.000000 0.000000]
[Reference] solvePolyMatrix ENTER: N=1, path_size=2, trap_time_size=1
[Reference]   path[0]=(0.0000,0.0000) path[1]=(1.0000,0.0000) t[0]=8.017953 state_vel=(0.0000,0.0000)
[Reference] banded solve done. b[0]=0.093331 b[N]=-0.093331 b2[0]=0.000000 b2[N]=-0.000000
[Reference] solvePolyMatrix EXIT: polyX[0]=[-0.003880 0.046665 0.000000 0.000000]
[       OK ] ReferenceTimingTest.SingleSegmentDoesNotAccessAbsentNeighbor (1 ms)
[ RUN      ] ReferenceTimingTest.RejectsInvalidOrUnconvergedDurations
[Reference] path size : 2
[Reference] solvePolyMatrix ENTER: N=1, path_size=2, trap_time_size=1
[Reference]   path[0]=(0.0000,0.0000) path[1]=(1.0000,0.0000) t[0]=1.000000 state_vel=(0.0000,0.0000)
[Reference] banded solve done. b[0]=6.000000 b[N]=-6.000000 b2[0]=0.000000 b2[N]=-0.000000
[Reference] solvePolyMatrix EXIT: polyX[0]=[-2.000000 3.000000 0.000000 0.000000]
[Reference] solvePolyMatrix ENTER: N=1, path_size=2, trap_time_size=1
[Reference]   path[0]=(0.0000,0.0000) path[1]=(1.0000,0.0000) t[0]=1.100000 state_vel=(0.0000,0.0000)
[Reference] banded solve done. b[0]=4.958678 b[N]=-4.958678 b2[0]=0.000000 b2[N]=-0.000000
[Reference] solvePolyMatrix EXIT: polyX[0]=[-1.502630 2.479339 0.000000 0.000000]
[Reference] solvePolyMatrix ENTER: N=1, path_size=2, trap_time_size=1
[Reference]   path[0]=(0.0000,0.0000) path[1]=(1.0000,0.0000) t[0]=1.210000 state_vel=(0.0000,0.0000)
[Reference] banded solve done. b[0]=4.098081 b[N]=-4.098081 b2[0]=0.000000 b2[N]=-0.000000
[Reference] solvePolyMatrix EXIT: polyX[0]=[-1.128948 2.049040 -0.000000 0.000000]
[Reference] solvePolyMatrix ENTER: N=1, path_size=2, trap_time_size=1
[Reference]   path[0]=(0.0000,0.0000) path[1]=(1.0000,0.0000) t[0]=1.331000 state_vel=(0.0000,0.0000)
[Reference] banded solve done. b[0]=3.386844 b[N]=-3.386844 b2[0]=0.000000 b2[N]=-0.000000
[Reference] solvePolyMatrix EXIT: polyX[0]=[-0.848195 1.693422 0.000000 0.000000]
[Reference] invalid segment duration
[Reference] path size : 2
[Reference] solvePolyMatrix ENTER: N=1, path_size=2, trap_time_size=1
[Reference]   path[0]=(0.0000,0.0000) path[1]=(1.0000,0.0000) t[0]=0.100000 state_vel=(0.0000,0.0000)
[Reference] banded solve done. b[0]=600.000000 b[N]=-600.000000 b2[0]=0.000000 b2[N]=-0.000000
[Reference] solvePolyMatrix EXIT: polyX[0]=[-2000.000000 300.000000 -0.000000 0.000000]
[Reference] solvePolyMatrix ENTER: N=1, path_size=2, trap_time_size=1
[Reference]   path[0]=(0.0000,0.0000) path[1]=(1.0000,0.0000) t[0]=0.110000 state_vel=(0.0000,0.0000)
[Reference] banded solve done. b[0]=495.867769 b[N]=-495.867769 b2[0]=0.000000 b2[N]=-0.000000
[Reference] solvePolyMatrix EXIT: polyX[0]=[-1502.629602 247.933884 0.000000 0.000000]
[Reference] solvePolyMatrix ENTER: N=1, path_size=2, trap_time_size=1
[Reference]   path[0]=(0.0000,0.0000) path[1]=(1.0000,0.0000) t[0]=0.121000 state_vel=(0.0000,0.0000)
[Reference] banded solve done. b[0]=409.808073 b[N]=-409.808073 b2[0]=0.000000 b2[N]=-0.000000
[Reference] solvePolyMatrix EXIT: polyX[0]=[-1128.947860 204.904037 -0.000000 0.000000]
[Reference] solvePolyMatrix ENTER: N=1, path_size=2, trap_time_size=1
[Reference]   path[0]=(0.0000,0.0000) path[1]=(1.0000,0.0000) t[0]=0.133100 state_vel=(0.0000,0.0000)
[Reference] banded solve done. b[0]=338.684358 b[N]=-338.684358 b2[0]=0.000000 b2[N]=-0.000000
[Reference] solvePolyMatrix EXIT: polyX[0]=[-848.195237 169.342179 0.000000 0.000000]
[Reference] solvePolyMatrix ENTER: N=1, path_size=2, trap_time_size=1
[Reference]   path[0]=(0.0000,0.0000) path[1]=(1.0000,0.0000) t[0]=0.146410 state_vel=(0.0000,0.0000)
[Reference] banded solve done. b[0]=279.904428 b[N]=-279.904428 b2[0]=0.000000 b2[N]=-0.000000
[Reference] solvePolyMatrix EXIT: polyX[0]=[-637.261635 139.952214 0.000000 0.000000]
[Reference] solvePolyMatrix ENTER: N=1, path_size=2, trap_time_size=1
[Reference]   path[0]=(0.0000,0.0000) path[1]=(1.0000,0.0000) t[0]=0.161051 state_vel=(0.0000,0.0000)
[Reference] banded solve done. b[0]=231.325974 b[N]=-231.325974 b2[0]=0.000000 b2[N]=-0.000000
[Reference] solvePolyMatrix EXIT: polyX[0]=[-478.784099 115.662987 0.000000 0.000000]
[Reference] solvePolyMatrix ENTER: N=1, path_size=2, trap_time_size=1
[Reference]   path[0]=(0.0000,0.0000) path[1]=(1.0000,0.0000) t[0]=0.177156 state_vel=(0.0000,0.0000)
[Reference] banded solve done. b[0]=191.178491 b[N]=-191.178491 b2[0]=0.000000 b2[N]=-0.000000
[Reference] solvePolyMatrix EXIT: polyX[0]=[-359.717580 95.589245 -0.000000 0.000000]
[Reference] solvePolyMatrix ENTER: N=1, path_size=2, trap_time_size=1
[Reference]   path[0]=(0.0000,0.0000) path[1]=(1.0000,0.0000) t[0]=0.194872 state_vel=(0.0000,0.0000)
[Reference] banded solve done. b[0]=157.998753 b[N]=-157.998753 b2[0]=0.000000 b2[N]=-0.000000
[Reference] solvePolyMatrix EXIT: polyX[0]=[-270.261142 78.999376 0.000000 0.000000]
[Reference] solvePolyMatrix ENTER: N=1, path_size=2, trap_time_size=1
[Reference]   path[0]=(0.0000,0.0000) path[1]=(1.0000,0.0000) t[0]=0.214359 state_vel=(0.0000,0.0000)
[Reference] banded solve done. b[0]=130.577481 b[N]=-130.577481 b2[0]=0.000000 b2[N]=-0.000000
[Reference] solvePolyMatrix EXIT: polyX[0]=[-203.051196 65.288741 0.000000 0.000000]
[Reference] solvePolyMatrix ENTER: N=1, path_size=2, trap_time_size=1
[Reference]   path[0]=(0.0000,0.0000) path[1]=(1.0000,0.0000) t[0]=0.235795 state_vel=(0.0000,0.0000)
[Reference] banded solve done. b[0]=107.915274 b[N]=-107.915274 b2[0]=0.000000 b2[N]=-0.000000
[Reference] solvePolyMatrix EXIT: polyX[0]=[-152.555369 53.957637 0.000000 0.000000]
[Reference] solvePolyMatrix ENTER: N=1, path_size=2, trap_time_size=1
[Reference]   path[0]=(0.0000,0.0000) path[1]=(1.0000,0.0000) t[0]=0.259374 state_vel=(0.0000,0.0000)
[Reference] banded solve done. b[0]=89.186177 b[N]=-89.186177 b2[0]=0.000000 b2[N]=-0.000000
[Reference] solvePolyMatrix EXIT: polyX[0]=[-114.617107 44.593088 0.000000 0.000000]
[Reference] solvePolyMatrix ENTER: N=1, path_size=2, trap_time_size=1
[Reference]   path[0]=(0.0000,0.0000) path[1]=(1.0000,0.0000) t[0]=0.285312 state_vel=(0.0000,0.0000)
[Reference] banded solve done. b[0]=73.707584 b[N]=-73.707584 b2[0]=0.000000 b2[N]=-0.000000
[Reference] solvePolyMatrix EXIT: polyX[0]=[-86.113529 36.853792 0.000000 0.000000]
[Reference] solvePolyMatrix ENTER: N=1, path_size=2, trap_time_size=1
[Reference]   path[0]=(0.0000,0.0000) path[1]=(1.0000,0.0000) t[0]=0.313843 state_vel=(0.0000,0.0000)
[Reference] banded solve done. b[0]=60.915359 b[N]=-60.915359 b2[0]=0.000000 b2[N]=-0.000000
[Reference] solvePolyMatrix EXIT: polyX[0]=[-64.698369 30.457679 -0.000000 0.000000]
[Reference] solvePolyMatrix ENTER: N=1, path_size=2, trap_time_size=1
[Reference]   path[0]=(0.0000,0.0000) path[1]=(1.0000,0.0000) t[0]=0.345227 state_vel=(0.0000,0.0000)
[Reference] banded solve done. b[0]=50.343272 b[N]=-50.343272 b2[0]=0.000000 b2[N]=-0.000000
[Reference] solvePolyMatrix EXIT: polyX[0]=[-48.608842 25.171636 -0.000000 0.000000]
[Reference] solvePolyMatrix ENTER: N=1, path_size=2, trap_time_size=1
[Reference]   path[0]=(0.0000,0.0000) path[1]=(1.0000,0.0000) t[0]=0.379750 state_vel=(0.0000,0.0000)
[Reference] banded solve done. b[0]=41.606010 b[N]=-41.606010 b2[0]=0.000000 b2[N]=-0.000000
[Reference] solvePolyMatrix EXIT: polyX[0]=[-36.520542 20.803005 -0.000000 0.000000]
[Reference] solvePolyMatrix ENTER: N=1, path_size=2, trap_time_size=1
[Reference]   path[0]=(0.0000,0.0000) path[1]=(1.0000,0.0000) t[0]=0.417725 state_vel=(0.0000,0.0000)
[Reference] banded solve done. b[0]=34.385132 b[N]=-34.385132 b2[0]=0.000000 b2[N]=-0.000000
[Reference] solvePolyMatrix EXIT: polyX[0]=[-27.438424 17.192566 0.000000 0.000000]
[Reference] solvePolyMatrix ENTER: N=1, path_size=2, trap_time_size=1
[Reference]   path[0]=(0.0000,0.0000) path[1]=(1.0000,0.0000) t[0]=0.459497 state_vel=(0.0000,0.0000)
[Reference] banded solve done. b[0]=28.417464 b[N]=-28.417464 b2[0]=0.000000 b2[N]=-0.000000
[Reference] solvePolyMatrix EXIT: polyX[0]=[-20.614894 14.208732 0.000000 0.000000]
[Reference] solvePolyMatrix ENTER: N=1, path_size=2, trap_time_size=1
[Reference]   path[0]=(0.0000,0.0000) path[1]=(1.0000,0.0000) t[0]=0.505447 state_vel=(0.0000,0.0000)
[Reference] banded solve done. b[0]=23.485508 b[N]=-23.485508 b2[0]=0.000000 b2[N]=-0.000000
[Reference] solvePolyMatrix EXIT: polyX[0]=[-15.488275 11.742754 -0.000000 0.000000]
[Reference] solvePolyMatrix ENTER: N=1, path_size=2, trap_time_size=1
[Reference]   path[0]=(0.0000,0.0000) path[1]=(1.0000,0.0000) t[0]=0.555992 state_vel=(0.0000,0.0000)
[Reference] banded solve done. b[0]=19.409511 b[N]=-19.409511 b2[0]=0.000000 b2[N]=-0.000000
[Reference] solvePolyMatrix EXIT: polyX[0]=[-11.636570 9.704755 0.000000 0.000000]
[Reference] solvePolyMatrix ENTER: N=1, path_size=2, trap_time_size=1
[Reference]   path[0]=(0.0000,0.0000) path[1]=(1.0000,0.0000) t[0]=0.611591 state_vel=(0.0000,0.0000)
[Reference] banded solve done. b[0]=16.040918 b[N]=-16.040918 b2[0]=0.000000 b2[N]=-0.000000
[Reference] solvePolyMatrix EXIT: polyX[0]=[-8.742727 8.020459 0.000000 0.000000]
[Reference] solvePolyMatrix ENTER: N=1, path_size=2, trap_time_size=1
[Reference]   path[0]=(0.0000,0.0000) path[1]=(1.0000,0.0000) t[0]=0.672750 state_vel=(0.0000,0.0000)
[Reference] banded solve done. b[0]=13.256957 b[N]=-13.256957 b2[0]=0.000000 b2[N]=-0.000000
[Reference] solvePolyMatrix EXIT: polyX[0]=[-6.568541 6.628478 0.000000 0.000000]
[Reference] solvePolyMatrix ENTER: N=1, path_size=2, trap_time_size=1
[Reference]   path[0]=(0.0000,0.0000) path[1]=(1.0000,0.0000) t[0]=0.740025 state_vel=(0.0000,0.0000)
[Reference] banded solve done. b[0]=10.956163 b[N]=-10.956163 b2[0]=0.000000 b2[N]=-0.000000
[Reference] solvePolyMatrix EXIT: polyX[0]=[-4.935042 5.478081 0.000000 0.000000]
[Reference] solvePolyMatrix ENTER: N=1, path_size=2, trap_time_size=1
[Reference]   path[0]=(0.0000,0.0000) path[1]=(1.0000,0.0000) t[0]=0.814027 state_vel=(0.0000,0.0000)
[Reference] banded solve done. b[0]=9.054680 b[N]=-9.054680 b2[0]=0.000000 b2[N]=-0.000000
[Reference] solvePolyMatrix EXIT: polyX[0]=[-3.707770 4.527340 0.000000 0.000000]
[Reference] solvePolyMatrix ENTER: N=1, path_size=2, trap_time_size=1
[Reference]   path[0]=(0.0000,0.0000) path[1]=(1.0000,0.0000) t[0]=0.895430 state_vel=(0.0000,0.0000)
[Reference] banded solve done. b[0]=7.483207 b[N]=-7.483207 b2[0]=0.000000 b2[N]=-0.000000
[Reference] solvePolyMatrix EXIT: polyX[0]=[-2.785702 3.741603 0.000000 0.000000]
[Reference] solvePolyMatrix ENTER: N=1, path_size=2, trap_time_size=1
[Reference]   path[0]=(0.0000,0.0000) path[1]=(1.0000,0.0000) t[0]=0.984973 state_vel=(0.0000,0.0000)
[Reference] banded solve done. b[0]=6.184468 b[N]=-6.184468 b2[0]=0.000000 b2[N]=-0.000000
[Reference] solvePolyMatrix EXIT: polyX[0]=[-2.092939 3.092234 -0.000000 0.000000]
[Reference] solvePolyMatrix ENTER: N=1, path_size=2, trap_time_size=1
[Reference]   path[0]=(0.0000,0.0000) path[1]=(1.0000,0.0000) t[0]=1.083471 state_vel=(0.0000,0.0000)
[Reference] banded solve done. b[0]=5.111131 b[N]=-5.111131 b2[0]=0.000000 b2[N]=-0.000000
[Reference] solvePolyMatrix EXIT: polyX[0]=[-1.572456 2.555565 0.000000 0.000000]
[Reference] solvePolyMatrix ENTER: N=1, path_size=2, trap_time_size=1
[Reference]   path[0]=(0.0000,0.0000) path[1]=(1.0000,0.0000) t[0]=1.191818 state_vel=(0.0000,0.0000)
[Reference] banded solve done. b[0]=4.224075 b[N]=-4.224075 b2[0]=0.000000 b2[N]=-0.000000
[Reference] solvePolyMatrix EXIT: polyX[0]=[-1.181410 2.112038 0.000000 0.000000]
[Reference] solvePolyMatrix ENTER: N=1, path_size=2, trap_time_size=1
[Reference]   path[0]=(0.0000,0.0000) path[1]=(1.0000,0.0000) t[0]=1.310999 state_vel=(0.0000,0.0000)
[Reference] banded solve done. b[0]=3.490971 b[N]=-3.490971 b2[0]=0.000000 b2[N]=-0.000000
[Reference] solvePolyMatrix EXIT: polyX[0]=[-0.887611 1.745486 -0.000000 0.000000]
[Reference] solvePolyMatrix ENTER: N=1, path_size=2, trap_time_size=1
[Reference]   path[0]=(0.0000,0.0000) path[1]=(1.0000,0.0000) t[0]=1.442099 state_vel=(0.0000,0.0000)
[Reference] banded solve done. b[0]=2.885100 b[N]=-2.885100 b2[0]=0.000000 b2[N]=-0.000000
[Reference] solvePolyMatrix EXIT: polyX[0]=[-0.666875 1.442550 0.000000 0.000000]
[Reference] solvePolyMatrix ENTER: N=1, path_size=2, trap_time_size=1
[Reference]   path[0]=(0.0000,0.0000) path[1]=(1.0000,0.0000) t[0]=1.586309 state_vel=(0.0000,0.0000)
[Reference] banded solve done. b[0]=2.384380 b[N]=-2.384380 b2[0]=0.000000 b2[N]=-0.000000
[Reference] solvePolyMatrix EXIT: polyX[0]=[-0.501033 1.192190 0.000000 0.000000]
[Reference] solvePolyMatrix ENTER: N=1, path_size=2, trap_time_size=1
[Reference]   path[0]=(0.0000,0.0000) path[1]=(1.0000,0.0000) t[0]=1.744940 state_vel=(0.0000,0.0000)
[Reference] banded solve done. b[0]=1.970562 b[N]=-1.970562 b2[0]=0.000000 b2[N]=-0.000000
[Reference] solvePolyMatrix EXIT: polyX[0]=[-0.376434 0.985281 0.000000 0.000000]
[Reference] solvePolyMatrix ENTER: N=1, path_size=2, trap_time_size=1
[Reference]   path[0]=(0.0000,0.0000) path[1]=(1.0000,0.0000) t[0]=1.919434 state_vel=(0.0000,0.0000)
[Reference] banded solve done. b[0]=1.628564 b[N]=-1.628564 b2[0]=0.000000 b2[N]=-0.000000
[Reference] solvePolyMatrix EXIT: polyX[0]=[-0.282820 0.814282 0.000000 0.000000]
[Reference] solvePolyMatrix ENTER: N=1, path_size=2, trap_time_size=1
[Reference]   path[0]=(0.0000,0.0000) path[1]=(1.0000,0.0000) t[0]=2.111378 state_vel=(0.0000,0.0000)
[Reference] banded solve done. b[0]=1.345920 b[N]=-1.345920 b2[0]=0.000000 b2[N]=-0.000000
[Reference] solvePolyMatrix EXIT: polyX[0]=[-0.212487 0.672960 0.000000 0.000000]
[Reference] solvePolyMatrix ENTER: N=1, path_size=2, trap_time_size=1
[Reference]   path[0]=(0.0000,0.0000) path[1]=(1.0000,0.0000) t[0]=2.322515 state_vel=(0.0000,0.0000)
[Reference] banded solve done. b[0]=1.112331 b[N]=-1.112331 b2[0]=0.000000 b2[N]=-0.000000
[Reference] solvePolyMatrix EXIT: polyX[0]=[-0.159645 0.556165 0.000000 0.000000]
[Reference] solvePolyMatrix ENTER: N=1, path_size=2, trap_time_size=1
[Reference]   path[0]=(0.0000,0.0000) path[1]=(1.0000,0.0000) t[0]=2.554767 state_vel=(0.0000,0.0000)
[Reference] banded solve done. b[0]=0.919282 b[N]=-0.919282 b2[0]=0.000000 b2[N]=-0.000000
[Reference] solvePolyMatrix EXIT: polyX[0]=[-0.119943 0.459641 -0.000000 0.000000]
[Reference] solvePolyMatrix ENTER: N=1, path_size=2, trap_time_size=1
[Reference]   path[0]=(0.0000,0.0000) path[1]=(1.0000,0.0000) t[0]=2.810244 state_vel=(0.0000,0.0000)
[Reference] banded solve done. b[0]=0.759737 b[N]=-0.759737 b2[0]=0.000000 b2[N]=-0.000000
[Reference] solvePolyMatrix EXIT: polyX[0]=[-0.090115 0.379869 -0.000000 0.000000]
[Reference] solvePolyMatrix ENTER: N=1, path_size=2, trap_time_size=1
[Reference]   path[0]=(0.0000,0.0000) path[1]=(1.0000,0.0000) t[0]=3.091268 state_vel=(0.0000,0.0000)
[Reference] banded solve done. b[0]=0.627882 b[N]=-0.627882 b2[0]=0.000000 b2[N]=-0.000000
[Reference] solvePolyMatrix EXIT: polyX[0]=[-0.067705 0.313941 -0.000000 0.000000]
[Reference] solvePolyMatrix ENTER: N=1, path_size=2, trap_time_size=1
[Reference]   path[0]=(0.0000,0.0000) path[1]=(1.0000,0.0000) t[0]=3.400395 state_vel=(0.0000,0.0000)
[Reference] banded solve done. b[0]=0.518911 b[N]=-0.518911 b2[0]=0.000000 b2[N]=-0.000000
[Reference] solvePolyMatrix EXIT: polyX[0]=[-0.050868 0.259455 0.000000 0.000000]
[Reference] solvePolyMatrix ENTER: N=1, path_size=2, trap_time_size=1
[Reference]   path[0]=(0.0000,0.0000) path[1]=(1.0000,0.0000) t[0]=3.740434 state_vel=(0.0000,0.0000)
[Reference] banded solve done. b[0]=0.428852 b[N]=-0.428852 b2[0]=0.000000 b2[N]=-0.000000
[Reference] solvePolyMatrix EXIT: polyX[0]=[-0.038218 0.214426 0.000000 0.000000]
[Reference] solvePolyMatrix ENTER: N=1, path_size=2, trap_time_size=1
[Reference]   path[0]=(0.0000,0.0000) path[1]=(1.0000,0.0000) t[0]=4.114478 state_vel=(0.0000,0.0000)
[Reference] banded solve done. b[0]=0.354423 b[N]=-0.354423 b2[0]=0.000000 b2[N]=-0.000000
[Reference] solvePolyMatrix EXIT: polyX[0]=[-0.028713 0.177211 -0.000000 0.000000]
[Reference] solvePolyMatrix ENTER: N=1, path_size=2, trap_time_size=1
[Reference]   path[0]=(0.0000,0.0000) path[1]=(1.0000,0.0000) t[0]=4.525926 state_vel=(0.0000,0.0000)
[Reference] banded solve done. b[0]=0.292912 b[N]=-0.292912 b2[0]=0.000000 b2[N]=-0.000000
[Reference] solvePolyMatrix EXIT: polyX[0]=[-0.021573 0.146456 0.000000 0.000000]
[Reference] solvePolyMatrix ENTER: N=1, path_size=2, trap_time_size=1
[Reference]   path[0]=(0.0000,0.0000) path[1]=(1.0000,0.0000) t[0]=4.978518 state_vel=(0.0000,0.0000)
[Reference] banded solve done. b[0]=0.242076 b[N]=-0.242076 b2[0]=0.000000 b2[N]=-0.000000
[Reference] solvePolyMatrix EXIT: polyX[0]=[-0.016208 0.121038 -0.000000 0.000000]
[Reference] solvePolyMatrix ENTER: N=1, path_size=2, trap_time_size=1
[Reference]   path[0]=(0.0000,0.0000) path[1]=(1.0000,0.0000) t[0]=5.476370 state_vel=(0.0000,0.0000)
[Reference] banded solve done. b[0]=0.200063 b[N]=-0.200063 b2[0]=0.000000 b2[N]=-0.000000
[Reference] solvePolyMatrix EXIT: polyX[0]=[-0.012177 0.100031 0.000000 0.000000]
[Reference] solvePolyMatrix ENTER: N=1, path_size=2, trap_time_size=1
[Reference]   path[0]=(0.0000,0.0000) path[1]=(1.0000,0.0000) t[0]=6.024007 state_vel=(0.0000,0.0000)
[Reference] banded solve done. b[0]=0.165341 b[N]=-0.165341 b2[0]=0.000000 b2[N]=-0.000000
[Reference] solvePolyMatrix EXIT: polyX[0]=[-0.009149 0.082670 -0.000000 0.000000]
[Reference] solvePolyMatrix ENTER: N=1, path_size=2, trap_time_size=1
[Reference]   path[0]=(0.0000,0.0000) path[1]=(1.0000,0.0000) t[0]=6.626408 state_vel=(0.0000,0.0000)
[Reference] banded solve done. b[0]=0.136645 b[N]=-0.136645 b2[0]=0.000000 b2[N]=-0.000000
[Reference] solvePolyMatrix EXIT: polyX[0]=[-0.006874 0.068323 0.000000 0.000000]
[Reference] solvePolyMatrix ENTER: N=1, path_size=2, trap_time_size=1
[Reference]   path[0]=(0.0000,0.0000) path[1]=(1.0000,0.0000) t[0]=7.289048 state_vel=(0.0000,0.0000)
[Reference] banded solve done. b[0]=0.112930 b[N]=-0.112930 b2[0]=0.000000 b2[N]=-0.000000
[Reference] solvePolyMatrix EXIT: polyX[0]=[-0.005164 0.056465 0.000000 0.000000]
[Reference] solvePolyMatrix ENTER: N=1, path_size=2, trap_time_size=1
[Reference]   path[0]=(0.0000,0.0000) path[1]=(1.0000,0.0000) t[0]=8.017953 state_vel=(0.0000,0.0000)
[Reference] banded solve done. b[0]=0.093331 b[N]=-0.093331 b2[0]=0.000000 b2[N]=-0.000000
[Reference] solvePolyMatrix EXIT: polyX[0]=[-0.003880 0.046665 0.000000 0.000000]
[Reference] solvePolyMatrix ENTER: N=1, path_size=2, trap_time_size=1
[Reference]   path[0]=(0.0000,0.0000) path[1]=(1.0000,0.0000) t[0]=8.819749 state_vel=(0.0000,0.0000)
[Reference] banded solve done. b[0]=0.077133 b[N]=-0.077133 b2[0]=0.000000 b2[N]=-0.000000
[Reference] solvePolyMatrix EXIT: polyX[0]=[-0.002915 0.038566 0.000000 0.000000]
[Reference] solvePolyMatrix ENTER: N=1, path_size=2, trap_time_size=1
[Reference]   path[0]=(0.0000,0.0000) path[1]=(1.0000,0.0000) t[0]=9.701723 state_vel=(0.0000,0.0000)
[Reference] banded solve done. b[0]=0.063746 b[N]=-0.063746 b2[0]=0.000000 b2[N]=-0.000000
[Reference] solvePolyMatrix EXIT: polyX[0]=[-0.002190 0.031873 0.000000 0.000000]
[Reference] solvePolyMatrix ENTER: N=1, path_size=2, trap_time_size=1
[Reference]   path[0]=(0.0000,0.0000) path[1]=(1.0000,0.0000) t[0]=10.671896 state_vel=(0.0000,0.0000)
[Reference] banded solve done. b[0]=0.052683 b[N]=-0.052683 b2[0]=0.000000 b2[N]=-0.000000
[Reference] solvePolyMatrix EXIT: polyX[0]=[-0.001646 0.026341 -0.000000 0.000000]
[Reference] solvePolyMatrix ENTER: N=1, path_size=2, trap_time_size=1
[Reference]   path[0]=(0.0000,0.0000) path[1]=(1.0000,0.0000) t[0]=11.739085 state_vel=(0.0000,0.0000)
[Reference] banded solve done. b[0]=0.043539 b[N]=-0.043539 b2[0]=0.000000 b2[N]=-0.000000
[Reference] solvePolyMatrix EXIT: polyX[0]=[-0.001236 0.021770 0.000000 0.000000]
[Reference] solvePolyMatrix ENTER: N=1, path_size=2, trap_time_size=1
[Reference]   path[0]=(0.0000,0.0000) path[1]=(1.0000,0.0000) t[0]=12.912994 state_vel=(0.0000,0.0000)
[Reference] banded solve done. b[0]=0.035983 b[N]=-0.035983 b2[0]=0.000000 b2[N]=-0.000000
[Reference] solvePolyMatrix EXIT: polyX[0]=[-0.000929 0.017991 0.000000 0.000000]
[Reference] solvePolyMatrix ENTER: N=1, path_size=2, trap_time_size=1
[Reference]   path[0]=(0.0000,0.0000) path[1]=(1.0000,0.0000) t[0]=14.204293 state_vel=(0.0000,0.0000)
[Reference] banded solve done. b[0]=0.029738 b[N]=-0.029738 b2[0]=0.000000 b2[N]=-0.000000
[Reference] solvePolyMatrix EXIT: polyX[0]=[-0.000698 0.014869 0.000000 0.000000]
[Reference] solvePolyMatrix ENTER: N=1, path_size=2, trap_time_size=1
[Reference]   path[0]=(0.0000,0.0000) path[1]=(1.0000,0.0000) t[0]=15.624723 state_vel=(0.0000,0.0000)
[Reference] banded solve done. b[0]=0.024577 b[N]=-0.024577 b2[0]=0.000000 b2[N]=-0.000000
[Reference] solvePolyMatrix EXIT: polyX[0]=[-0.000524 0.012288 0.000000 0.000000]
[Reference] solvePolyMatrix ENTER: N=1, path_size=2, trap_time_size=1
[Reference]   path[0]=(0.0000,0.0000) path[1]=(1.0000,0.0000) t[0]=17.187195 state_vel=(0.0000,0.0000)
[Reference] banded solve done. b[0]=0.020311 b[N]=-0.020311 b2[0]=0.000000 b2[N]=-0.000000
[Reference] solvePolyMatrix EXIT: polyX[0]=[-0.000394 0.010156 0.000000 0.000000]
[Reference] solvePolyMatrix ENTER: N=1, path_size=2, trap_time_size=1
[Reference]   path[0]=(0.0000,0.0000) path[1]=(1.0000,0.0000) t[0]=18.905914 state_vel=(0.0000,0.0000)
[Reference] banded solve done. b[0]=0.016786 b[N]=-0.016786 b2[0]=0.000000 b2[N]=-0.000000
[Reference] solvePolyMatrix EXIT: polyX[0]=[-0.000296 0.008393 0.000000 0.000000]
[Reference] solvePolyMatrix ENTER: N=1, path_size=2, trap_time_size=1
[Reference]   path[0]=(0.0000,0.0000) path[1]=(1.0000,0.0000) t[0]=20.796506 state_vel=(0.0000,0.0000)
[Reference] banded solve done. b[0]=0.013873 b[N]=-0.013873 b2[0]=0.000000 b2[N]=-0.000000
[Reference] solvePolyMatrix EXIT: polyX[0]=[-0.000222 0.006937 0.000000 0.000000]
[Reference] solvePolyMatrix ENTER: N=1, path_size=2, trap_time_size=1
[Reference]   path[0]=(0.0000,0.0000) path[1]=(1.0000,0.0000) t[0]=22.876156 state_vel=(0.0000,0.0000)
[Reference] banded solve done. b[0]=0.011465 b[N]=-0.011465 b2[0]=0.000000 b2[N]=-0.000000
[Reference] solvePolyMatrix EXIT: polyX[0]=[-0.000167 0.005733 0.000000 0.000000]
[Reference] solvePolyMatrix ENTER: N=1, path_size=2, trap_time_size=1
[Reference]   path[0]=(0.0000,0.0000) path[1]=(1.0000,0.0000) t[0]=25.163772 state_vel=(0.0000,0.0000)
[Reference] banded solve done. b[0]=0.009475 b[N]=-0.009475 b2[0]=0.000000 b2[N]=-0.000000
[Reference] solvePolyMatrix EXIT: polyX[0]=[-0.000126 0.004738 0.000000 0.000000]
[Reference] solvePolyMatrix ENTER: N=1, path_size=2, trap_time_size=1
[Reference]   path[0]=(0.0000,0.0000) path[1]=(1.0000,0.0000) t[0]=27.680149 state_vel=(0.0000,0.0000)
[Reference] banded solve done. b[0]=0.007831 b[N]=-0.007831 b2[0]=0.000000 b2[N]=-0.000000
[Reference] solvePolyMatrix EXIT: polyX[0]=[-0.000094 0.003915 0.000000 0.000000]
[Reference] solvePolyMatrix ENTER: N=1, path_size=2, trap_time_size=1
[Reference]   path[0]=(0.0000,0.0000) path[1]=(1.0000,0.0000) t[0]=30.448164 state_vel=(0.0000,0.0000)
[Reference] banded solve done. b[0]=0.006472 b[N]=-0.006472 b2[0]=0.000000 b2[N]=-0.000000
[Reference] solvePolyMatrix EXIT: polyX[0]=[-0.000071 0.003236 0.000000 0.000000]
[Reference] solvePolyMatrix ENTER: N=1, path_size=2, trap_time_size=1
[Reference]   path[0]=(0.0000,0.0000) path[1]=(1.0000,0.0000) t[0]=33.492980 state_vel=(0.0000,0.0000)
[Reference] banded solve done. b[0]=0.005349 b[N]=-0.005349 b2[0]=0.000000 b2[N]=-0.000000
[Reference] solvePolyMatrix EXIT: polyX[0]=[-0.000053 0.002674 -0.000000 0.000000]
[Reference] solvePolyMatrix ENTER: N=1, path_size=2, trap_time_size=1
[Reference]   path[0]=(0.0000,0.0000) path[1]=(1.0000,0.0000) t[0]=36.842278 state_vel=(0.0000,0.0000)
[Reference] banded solve done. b[0]=0.004420 b[N]=-0.004420 b2[0]=0.000000 b2[N]=-0.000000
[Reference] solvePolyMatrix EXIT: polyX[0]=[-0.000040 0.002210 0.000000 0.000000]
[Reference] solvePolyMatrix ENTER: N=1, path_size=2, trap_time_size=1
[Reference]   path[0]=(0.0000,0.0000) path[1]=(1.0000,0.0000) t[0]=40.526506 state_vel=(0.0000,0.0000)
[Reference] banded solve done. b[0]=0.003653 b[N]=-0.003653 b2[0]=0.000000 b2[N]=-0.000000
[Reference] solvePolyMatrix EXIT: polyX[0]=[-0.000030 0.001827 0.000000 0.000000]
[Reference] acceleration feasibility did not converge; reject trajectory
[       OK ] ReferenceTimingTest.RejectsInvalidOrUnconvergedDurations (1 ms)
[ RUN      ] ReferenceTimingTest.PreservesNonzeroInitialVelocityWhileConverging
[Reference] path size : 3
[Reference] solvePolyMatrix ENTER: N=2, path_size=3, trap_time_size=2
[Reference]   path[0]=(0.0000,0.0000) path[1]=(1.0000,1.0000) t[0]=0.100000 state_vel=(0.2000,-0.1000)
[Reference] banded solve done. b[0]=293.000000 b[N]=-301.000000 b2[0]=603.500000 b2[N]=600.500000
[Reference] solvePolyMatrix EXIT: polyX[0]=[-485.000000 146.500000 0.200000 0.000000]
[Reference] solvePolyMatrix ENTER: N=2, path_size=3, trap_time_size=2
[Reference]   path[0]=(0.0000,0.0000) path[1]=(1.0000,1.0000) t[0]=0.110000 state_vel=(0.2000,-0.1000)
[Reference] banded solve done. b[0]=241.570248 b[N]=-248.842975 b2[0]=499.049587 b2[N]=496.322314
[Reference] solvePolyMatrix EXIT: polyX[0]=[-363.260706 120.785124 0.200000 0.000000]
[Reference] solvePolyMatrix ENTER: N=2, path_size=3, trap_time_size=2
[Reference]   path[0]=(0.0000,0.0000) path[1]=(1.0000,1.0000) t[0]=0.121000 state_vel=(0.2000,-0.1000)
[Reference] banded solve done. b[0]=199.118913 b[N]=-205.730483 b2[0]=412.700635 b2[N]=410.221296
[Reference] solvePolyMatrix EXIT: polyX[0]=[-271.991763 99.559456 0.200000 0.000000]
[Reference] solvePolyMatrix ENTER: N=2, path_size=3, trap_time_size=2
[Reference]   path[0]=(0.0000,0.0000) path[1]=(1.0000,1.0000) t[0]=0.133100 state_vel=(0.2000,-0.1000)
[Reference] banded solve done. b[0]=164.082975 b[N]=-170.093494 b2[0]=341.313960 b2[N]=339.060015
[Reference] solvePolyMatrix EXIT: polyX[0]=[-203.581700 82.041488 0.200000 0.000000]
[Reference] solvePolyMatrix ENTER: N=2, path_size=3, trap_time_size=2
[Reference]   path[0]=(0.0000,0.0000) path[1]=(1.0000,1.0000) t[0]=0.146410 state_vel=(0.2000,-0.1000)
[Reference] banded solve done. b[0]=135.171120 b[N]=-140.635228 b2[0]=282.294975 b2[N]=280.245935
[Reference] solvePolyMatrix EXIT: polyX[0]=[-152.317798 67.585560 0.200000 0.000000]
[Reference] solvePolyMatrix ENTER: N=2, path_size=3, trap_time_size=2
[Reference]   path[0]=(0.0000,0.0000) path[1]=(1.0000,1.0000) t[0]=0.161051 state_vel=(0.2000,-0.1000)
[Reference] banded solve done. b[0]=111.316538 b[N]=-116.283908 b2[0]=233.499198 b2[N]=231.636434
[Reference] solvePolyMatrix EXIT: polyX[0]=[-113.912875 55.658269 0.200000 0.000000]
[Reference] solvePolyMatrix ENTER: N=2, path_size=3, trap_time_size=2
[Reference]   path[0]=(0.0000,0.0000) path[1]=(1.0000,1.0000) t[0]=0.177156 state_vel=(0.2000,-0.1000)
[Reference] banded solve done. b[0]=91.637928 b[N]=-96.153719 b2[0]=193.154149 b2[N]=191.460728
[Reference] solvePolyMatrix EXIT: polyX[0]=[-85.149933 45.818964 0.200000 0.000000]
[Reference] solvePolyMatrix ENTER: N=2, path_size=3, trap_time_size=2
[Reference]   path[0]=(0.0000,0.0000) path[1]=(1.0000,1.0000) t[0]=0.194872 state_vel=(0.2000,-0.1000)
[Reference] banded solve done. b[0]=75.407269 b[N]=-79.512534 b2[0]=159.794806 b2[N]=158.255332
[Reference] solvePolyMatrix EXIT: polyX[0]=[-63.615317 37.703635 0.200000 0.000000]
[Reference] solvePolyMatrix ENTER: N=2, path_size=3, trap_time_size=2
[Reference]   path[0]=(0.0000,0.0000) path[1]=(1.0000,1.0000) t[0]=0.214359 state_vel=(0.2000,-0.1000)
[Reference] banded solve done. b[0]=62.023189 b[N]=-65.755248 b2[0]=132.210257 b2[N]=130.810735
[Reference] solvePolyMatrix EXIT: polyX[0]=[-47.498362 31.011595 0.200000 0.000000]
[Reference] solvePolyMatrix ENTER: N=2, path_size=3, trap_time_size=2
[Reference]   path[0]=(0.0000,0.0000) path[1]=(1.0000,1.0000) t[0]=0.235795 state_vel=(0.2000,-0.1000)
[Reference] banded solve done. b[0]=50.988954 b[N]=-54.381735 b2[0]=109.399616 b2[N]=108.127323
[Reference] solvePolyMatrix EXIT: polyX[0]=[-35.440960 25.494477 0.200000 0.000000]
[Reference] solvePolyMatrix ENTER: N=2, path_size=3, trap_time_size=2
[Reference]   path[0]=(0.0000,0.0000) path[1]=(1.0000,1.0000) t[0]=0.259374 state_vel=(0.2000,-0.1000)
[Reference] banded solve done. b[0]=41.894285 b[N]=-44.978632 b2[0]=90.535578 b2[N]=89.378948
[Reference] solvePolyMatrix EXIT: polyX[0]=[-26.424622 20.947143 0.200000 0.000000]
[Reference] solvePolyMatrix ENTER: N=2, path_size=3, trap_time_size=2
[Reference]   path[0]=(0.0000,0.0000) path[1]=(1.0000,1.0000) t[0]=0.285312 state_vel=(0.2000,-0.1000)
[Reference] banded solve done. b[0]=34.400335 b[N]=-37.204286 b2[0]=74.934313 b2[N]=73.882831
[Reference] solvePolyMatrix EXIT: polyX[0]=[-19.685693 17.200167 0.200000 0.000000]
[Reference] solvePolyMatrix ENTER: N=2, path_size=3, trap_time_size=2
[Reference]   path[0]=(0.0000,0.0000) path[1]=(1.0000,1.0000) t[0]=0.313843 state_vel=(0.2000,-0.1000)
[Reference] banded solve done. b[0]=28.227264 b[N]=-30.776310 b2[0]=62.030567 b2[N]=61.074674
[Reference] solvePolyMatrix EXIT: polyX[0]=[-14.651708 14.113632 0.200000 0.000000]
[Reference] solvePolyMatrix ENTER: N=2, path_size=3, trap_time_size=2
[Reference]   path[0]=(0.0000,0.0000) path[1]=(1.0000,1.0000) t[0]=0.345227 state_vel=(0.2000,-0.1000)
[Reference] banded solve done. b[0]=23.143985 b[N]=-25.461300 b2[0]=51.357097 b2[N]=50.488104
[Reference] solvePolyMatrix EXIT: polyX[0]=[-10.893629 11.571993 0.200000 0.000000]
[Reference] solvePolyMatrix ENTER: N=2, path_size=3, trap_time_size=2
[Reference]   path[0]=(0.0000,0.0000) path[1]=(1.0000,1.0000) t[0]=0.379750 state_vel=(0.2000,-0.1000)
[Reference] banded solve done. b[0]=18.959686 b[N]=-21.066336 b2[0]=42.527669 b2[N]=41.737675
[Reference] solvePolyMatrix EXIT: polyX[0]=[-8.089985 9.479843 0.200000 0.000000]
[Reference] solvePolyMatrix ENTER: N=2, path_size=3, trap_time_size=2
[Reference]   path[0]=(0.0000,0.0000) path[1]=(1.0000,1.0000) t[0]=0.417725 state_vel=(0.2000,-0.1000)
[Reference] banded solve done. b[0]=15.516822 b[N]=-17.431958 b2[0]=35.223004 b2[N]=34.504828
[Reference] solvePolyMatrix EXIT: polyX[0]=[-5.999978 7.758411 0.200000 0.000000]
[Reference] solvePolyMatrix ENTER: N=2, path_size=3, trap_time_size=2
[Reference]   path[0]=(0.0000,0.0000) path[1]=(1.0000,1.0000) t[0]=0.459497 state_vel=(0.2000,-0.1000)
[Reference] banded solve done. b[0]=12.685328 b[N]=-14.426361 b2[0]=29.179166 b2[N]=28.526279
[Reference] solvePolyMatrix EXIT: polyX[0]=[-4.443287 6.342664 0.200000 0.000000]
[Reference] solvePolyMatrix ENTER: N=2, path_size=3, trap_time_size=2
[Reference]   path[0]=(0.0000,0.0000) path[1]=(1.0000,1.0000) t[0]=0.505447 state_vel=(0.2000,-0.1000)
[Reference] banded solve done. b[0]=10.357841 b[N]=-11.940599 b2[0]=24.177964 b2[N]=23.584430
[Reference] solvePolyMatrix EXIT: polyX[0]=[-3.284931 5.178921 0.200000 0.000000]
[Reference] solvePolyMatrix ENTER: N=2, path_size=3, trap_time_size=2
[Reference]   path[0]=(0.0000,0.0000) path[1]=(1.0000,1.0000) t[0]=0.555992 state_vel=(0.2000,-0.1000)
[Reference] banded solve done. b[0]=8.445744 b[N]=-9.884614 b2[0]=20.039016 b2[N]=19.499440
[Reference] solvePolyMatrix EXIT: polyX[0]=[-2.423905 4.222872 0.200000 0.000000]
[Reference] solvePolyMatrix ENTER: N=2, path_size=3, trap_time_size=2
[Reference]   path[0]=(0.0000,0.0000) path[1]=(1.0000,1.0000) t[0]=0.611591 state_vel=(0.2000,-0.1000)
[Reference] banded solve done. b[0]=6.875903 b[N]=-8.183967 b2[0]=16.613196 b2[N]=16.122672
[Reference] solvePolyMatrix EXIT: polyX[0]=[-1.784659 3.437951 0.200000 0.000000]
[Reference] solvePolyMatrix ENTER: N=2, path_size=3, trap_time_size=2
[Reference]   path[0]=(0.0000,0.0000) path[1]=(1.0000,1.0000) t[0]=0.672750 state_vel=(0.2000,-0.1000)
[Reference] banded solve done. b[0]=5.587973 b[N]=-6.777122 b2[0]=13.777210 b2[N]=13.331279
[Reference] solvePolyMatrix EXIT: polyX[0]=[-1.310711 2.793987 0.200000 0.000000]
[Reference] solvePolyMatrix ENTER: N=2, path_size=3, trap_time_size=2
[Reference]   path[0]=(0.0000,0.0000) path[1]=(1.0000,1.0000) t[0]=0.740025 state_vel=(0.2000,-0.1000)
[Reference] banded solve done. b[0]=4.532167 b[N]=-5.613212 b2[0]=11.429120 b2[N]=11.023728
[Reference] solvePolyMatrix EXIT: polyX[0]=[-0.959856 2.266084 0.200000 0.000000]
[Reference] solvePolyMatrix ENTER: N=2, path_size=3, trap_time_size=2
[Reference]   path[0]=(0.0000,0.0000) path[1]=(1.0000,1.0000) t[0]=0.814027 state_vel=(0.2000,-0.1000)
[Reference] banded solve done. b[0]=3.667418 b[N]=-4.650186 b2[0]=9.484641 b2[N]=9.116103
[Reference] solvePolyMatrix EXIT: polyX[0]=[-0.700575 1.833709 0.200000 0.000000]
[Reference] solvePolyMatrix ENTER: N=2, path_size=3, trap_time_size=2
[Reference]   path[0]=(0.0000,0.0000) path[1]=(1.0000,1.0000) t[0]=0.895430 state_vel=(0.2000,-0.1000)
[Reference] banded solve done. b[0]=2.959856 b[N]=-3.853281 b2[0]=7.874080 b2[N]=7.539046
[Reference] solvePolyMatrix EXIT: polyX[0]=[-0.509345 1.479928 0.200000 0.000000]
[Reference] solvePolyMatrix ENTER: N=2, path_size=3, trap_time_size=2
[Reference]   path[0]=(0.0000,0.0000) path[1]=(1.0000,1.0000) t[0]=0.984973 state_vel=(0.2000,-0.1000)
[Reference] banded solve done. b[0]=2.381555 b[N]=-3.193760 b2[0]=6.539808 b2[N]=6.235231
[Reference] solvePolyMatrix EXIT: polyX[0]=[-0.368623 1.190777 0.200000 0.000000]
[Reference] solvePolyMatrix ENTER: N=2, path_size=3, trap_time_size=2
[Reference]   path[0]=(0.0000,0.0000) path[1]=(1.0000,1.0000) t[0]=1.083471 state_vel=(0.2000,-0.1000)
[Reference] banded solve done. b[0]=1.909493 b[N]=-2.647861 b2[0]=5.434167 b2[N]=5.157279
[Reference] solvePolyMatrix EXIT: polyX[0]=[-0.265336 0.954747 0.200000 0.000000]
[Reference] solvePolyMatrix ENTER: N=2, path_size=3, trap_time_size=2
[Reference]   path[0]=(0.0000,0.0000) path[1]=(1.0000,1.0000) t[0]=1.191818 state_vel=(0.2000,-0.1000)
[Reference] banded solve done. b[0]=1.524699 b[N]=-2.195943 b2[0]=4.517744 b2[N]=4.266028
[Reference] solvePolyMatrix EXIT: polyX[0]=[-0.189751 0.762350 0.200000 0.000000]
[Reference] solvePolyMatrix ENTER: N=2, path_size=3, trap_time_size=2
[Reference]   path[0]=(0.0000,0.0000) path[1]=(1.0000,1.0000) t[0]=1.310999 state_vel=(0.2000,-0.1000)
[Reference] banded solve done. b[0]=1.211542 b[N]=-1.821763 b2[0]=3.757943 b2[N]=3.529110
[Reference] solvePolyMatrix EXIT: polyX[0]=[-0.134628 0.605771 0.200000 0.000000]
[       OK ] ReferenceTimingTest.PreservesNonzeroInitialVelocityWhileConverging (1 ms)
[----------] 6 tests from ReferenceTimingTest (47 ms total)

[----------] Global test environment tear-down
[==========] 9 tests from 2 test suites ran. (982 ms total)
[  PASSED  ] 9 tests.
